#
# There is insufficient memory for the Java Runtime Environment to continue.
# Native memory allocation (malloc) failed to allocate 1363944 bytes. Error detail: Chunk::new
# Possible reasons:
#   The system is out of physical RAM or swap space
#   This process is running with CompressedOops enabled, and the Java Heap may be blocking the growth of the native heap
# Possible solutions:
#   Reduce memory load on the system
#   Increase physical memory or swap space
#   Check if swap backing store is full
#   Decrease Java heap size (-Xmx/-Xms)
#   Decrease number of Java threads
#   Decrease Java thread stack sizes (-Xss)
#   Set larger code cache with -XX:ReservedCodeCacheSize=
#   JVM is running with Unscaled Compressed Oops mode in which the Java heap is
#     placed in the first 4GB address space. The Java Heap base address is the
#     maximum limit for the native heap growth. Please use -XX:HeapBaseMinAddress
#     to set the Java Heap base and to place the Java Heap above 4GB virtual address.
# This output file may be truncated or incomplete.
#
#  Out of Memory Error (arena.cpp:186), pid=15224, tid=5728
#
# JRE version: OpenJDK Runtime Environment (25.0.2) (build 25.0.2+-15348964-b329.117)
# Java VM: OpenJDK 64-Bit Server VM (25.0.2+-15348964-b329.117, mixed mode, tiered, compressed oops, compressed class ptrs, serial gc, windows-amd64)
# No core dump will be written. Minidumps are not enabled by default on client versions of Windows
#

---------------  S U M M A R Y ------------

Command Line: --add-opens=java.base/java.lang=ALL-UNNAMED --add-opens=java.base/java.lang.invoke=ALL-UNNAMED --add-opens=java.base/java.util=ALL-UNNAMED --add-opens=java.prefs/java.util.prefs=ALL-UNNAMED --add-exports=jdk.compiler/com.sun.tools.javac.api=ALL-UNNAMED --add-exports=jdk.compiler/com.sun.tools.javac.util=ALL-UNNAMED --add-opens=java.base/java.nio.charset=ALL-UNNAMED --add-opens=java.base/java.net=ALL-UNNAMED --add-opens=java.base/java.util.concurrent=ALL-UNNAMED --add-opens=java.base/java.util.concurrent.atomic=ALL-UNNAMED --add-opens=java.xml/javax.xml.namespace=ALL-UNNAMED --add-opens=java.base/java.time=ALL-UNNAMED --enable-native-access=ALL-UNNAMED -XX:+UseSerialGC -Xmx512m -Dfile.encoding=UTF-8 -Duser.country=RU -Duser.language=ru -Duser.variant -javaagent:D:\gradle\wrapper\dists\gradle-9.5.0-bin\bvnork1r7n8i6kp5cnkibsc9q\gradle-9.5.0\lib\agents\gradle-instrumentation-agent-9.5.0.jar org.gradle.launcher.daemon.bootstrap.GradleDaemon 9.5.0

Host: 11th Gen Intel(R) Core(TM) i5-11300H @ 3.10GHz, 8 cores, 15G,  Windows 11 , 64 bit Build 26100 (10.0.26100.9168)
Time: Tue Aug 18 00:06:39 2026 elapsed time: 12.701722 seconds (0d 0h 0m 12s)

---------------  T H R E A D  ---------------

Current thread (0x000001bc8d816590):  JavaThread "C2 CompilerThread0" daemon [_thread_in_native, id=5728, stack(0x0000002287f00000,0x0000002288000000) (1024K)]


Current CompileTask:
C2:12701 9642       4       org.gradle.internal.instantiation.generator.AbstractClassGenerator::inspectType (602 bytes)

Stack: [0x0000002287f00000,0x0000002288000000]
Native frames: (J=compiled Java code, j=interpreted, Vv=VM code, C=native code)
V  [jvm.dll+0x7bd439]  (no source info available)
V  [jvm.dll+0x78763d]  (no source info available)
V  [jvm.dll+0xa0c885]  (no source info available)
V  [jvm.dll+0xa0ef04]  (no source info available)
V  [jvm.dll+0xa0f603]  (no source info available)
V  [jvm.dll+0x309bf6]  (no source info available)
V  [jvm.dll+0x10ea69]  (no source info available)
V  [jvm.dll+0x10ed92]  (no source info available)
V  [jvm.dll+0x38ca45]  (no source info available)
V  [jvm.dll+0x6cdc4c]  (no source info available)
V  [jvm.dll+0x2d6995]  (no source info available)
V  [jvm.dll+0x2cf283]  (no source info available)
V  [jvm.dll+0x2cd122]  (no source info available)
V  [jvm.dll+0x242ffa]  (no source info available)
V  [jvm.dll+0x2dcc05]  (no source info available)
V  [jvm.dll+0x2dae06]  (no source info available)
V  [jvm.dll+0x49b59e]  (no source info available)
V  [jvm.dll+0x9ab9c8]  (no source info available)
V  [jvm.dll+0x7bb985]  (no source info available)
C  [ucrtbase.dll+0x2cd30]  (no source info available)
C  [KERNEL32.DLL+0x2ccb7]  (no source info available)
C  [ntdll.dll+0xaad6c]  (no source info available)

Lock stack of current Java thread (top to bottom):


---------------  P R O C E S S  ---------------

Threads class SMR info:
_java_thread_list=0x000001bca8e73150, length=51, elements={
0x000001bc8da53690, 0x000001bc8d7fded0, 0x000001bc8d804a40, 0x000001bc8d80d9c0,
0x000001bc8d831b00, 0x000001bc8d832960, 0x000001bc8d8118b0, 0x000001bc8d813380,
0x000001bc8d816590, 0x000001bc8d8181b0, 0x000001bca02d6720, 0x000001bca7330fa0,
0x000001bca7266cb0, 0x000001bca60d17e0, 0x000001bca7099650, 0x000001bca657c0a0,
0x000001bca72655a0, 0x000001bca6c01710, 0x000001bca6bff000, 0x000001bca6bfe060,
0x000001bca6c026b0, 0x000001bca6bfffa0, 0x000001bca6c045f0, 0x000001bca6c05590,
0x000001bca78b12b0, 0x000001bca78b1a80, 0x000001bca78b60d0, 0x000001bca78b68a0,
0x000001bca78b7070, 0x000001bca78b39c0, 0x000001bca78b8010, 0x000001bca78b87e0,
0x000001bca8edef10, 0x000001bca8edf6e0, 0x000001bca8edfeb0, 0x000001bca8ee0e50,
0x000001bca8ee2d90, 0x000001bca8ee3d30, 0x000001bc8d858b90, 0x000001bca902a080,
0x000001bca902e6d0, 0x000001bca902b020, 0x000001bca902fe40, 0x000001bca902eea0,
0x000001bca60d3760, 0x000001bca60d56a0, 0x000001bca60d1ff0, 0x000001bca60d27c0,
0x000001bca9ad0450, 0x000001bca0182e90, 0x000001bca9ad3330
}

Java Threads: ( => current thread )
  0x000001bc8da53690 JavaThread "main"                              [_thread_blocked, id=9904, stack(0x0000002287500000,0x0000002287600000) (1024K)]
  0x000001bc8d7fded0 JavaThread "Common-Cleaner"             daemon [_thread_blocked, id=15744, stack(0x0000002287800000,0x0000002287900000) (1024K)]
  0x000001bc8d804a40 JavaThread "Reference Handler"          daemon [_thread_blocked, id=6300, stack(0x0000002287900000,0x0000002287a00000) (1024K)]
  0x000001bc8d80d9c0 JavaThread "Finalizer"                  daemon [_thread_blocked, id=5952, stack(0x0000002287a00000,0x0000002287b00000) (1024K)]
  0x000001bc8d831b00 JavaThread "Signal Dispatcher"          daemon [_thread_blocked, id=9676, stack(0x0000002287b00000,0x0000002287c00000) (1024K)]
  0x000001bc8d832960 JavaThread "Attach Listener"            daemon [_thread_blocked, id=14244, stack(0x0000002287c00000,0x0000002287d00000) (1024K)]
  0x000001bc8d8118b0 JavaThread "Service Thread"             daemon [_thread_blocked, id=20148, stack(0x0000002287d00000,0x0000002287e00000) (1024K)]
  0x000001bc8d813380 JavaThread "Monitor Deflation Thread"   daemon [_thread_blocked, id=8468, stack(0x0000002287e00000,0x0000002287f00000) (1024K)]
=>0x000001bc8d816590 JavaThread "C2 CompilerThread0"         daemon [_thread_in_native, id=5728, stack(0x0000002287f00000,0x0000002288000000) (1024K)]
  0x000001bc8d8181b0 JavaThread "C1 CompilerThread0"         daemon [_thread_blocked, id=15332, stack(0x0000002288000000,0x0000002288100000) (1024K)]
  0x000001bca02d6720 JavaThread "Notification Thread"        daemon [_thread_blocked, id=7024, stack(0x0000002288100000,0x0000002288200000) (1024K)]
  0x000001bca7330fa0 JavaThread "Daemon health stats"               [_thread_blocked, id=6704, stack(0x0000002288400000,0x0000002288500000) (1024K)]
  0x000001bca7266cb0 JavaThread "Incoming local TCP Connector on port 65220"        [_thread_in_native, id=9784, stack(0x0000002288500000,0x0000002288600000) (1024K)]
  0x000001bca60d17e0 JavaThread "Daemon periodic checks"            [_thread_blocked, id=15032, stack(0x0000002288600000,0x0000002288700000) (1024K)]
  0x000001bca7099650 JavaThread "Daemon"                            [_thread_blocked, id=15980, stack(0x0000002288700000,0x0000002288800000) (1024K)]
  0x000001bca657c0a0 JavaThread "Handler for socket connection from /127.0.0.1:65220 to /127.0.0.1:65221"        [_thread_in_native, id=2260, stack(0x0000002288800000,0x0000002288900000) (1024K)]
  0x000001bca72655a0 JavaThread "Cancel handler"                    [_thread_blocked, id=18784, stack(0x0000002288900000,0x0000002288a00000) (1024K)]
  0x000001bca6c01710 JavaThread "Daemon worker"                     [_thread_in_vm, id=12868, stack(0x0000002288a00000,0x0000002288b00000) (1024K)]
  0x000001bca6bff000 JavaThread "Asynchronous log dispatcher for DefaultDaemonConnection: socket connection from /127.0.0.1:65220 to /127.0.0.1:65221"        [_thread_blocked, id=18772, stack(0x0000002288b00000,0x0000002288c00000) (1024K)]
  0x000001bca6bfe060 JavaThread "Stdin handler"                     [_thread_blocked, id=14044, stack(0x0000002288c00000,0x0000002288d00000) (1024K)]
  0x000001bca6c026b0 JavaThread "Daemon client event forwarder"        [_thread_blocked, id=16040, stack(0x0000002288d00000,0x0000002288e00000) (1024K)]
  0x000001bca6bfffa0 JavaThread "Cache worker for journal cache (D:\gradle\caches\journal-1)"        [_thread_blocked, id=2972, stack(0x0000002288e00000,0x0000002288f00000) (1024K)]
  0x000001bca6c045f0 JavaThread "File lock request listener"        [_thread_in_native, id=20044, stack(0x0000002288f00000,0x0000002289000000) (1024K)]
  0x000001bca6c05590 JavaThread "Cache worker for file hash cache (D:\gradle\caches\9.5.0\fileHashes)"        [_thread_blocked, id=11244, stack(0x0000002289000000,0x0000002289100000) (1024K)]
  0x000001bca78b12b0 JavaThread "Cache worker for file hash cache (D:\itdetiApp\.gradle\9.5.0\fileHashes)"        [_thread_blocked, id=7744, stack(0x0000002289100000,0x0000002289200000) (1024K)]
  0x000001bca78b1a80 JavaThread "Cache worker for Build Output Cleanup Cache (D:\itdetiApp\.gradle\buildOutputCleanup)"        [_thread_blocked, id=3244, stack(0x0000002289200000,0x0000002289300000) (1024K)]
  0x000001bca78b60d0 JavaThread "File watcher server"        daemon [_thread_in_native, id=20244, stack(0x0000002289300000,0x0000002289400000) (1024K)]
  0x000001bca78b68a0 JavaThread "File watcher consumer"      daemon [_thread_blocked, id=1772, stack(0x0000002289400000,0x0000002289500000) (1024K)]
  0x000001bca78b7070 JavaThread "jar transforms"                    [_thread_blocked, id=19384, stack(0x0000002289500000,0x0000002289600000) (1024K)]
  0x000001bca78b39c0 JavaThread "jar transforms Thread 2"           [_thread_blocked, id=10548, stack(0x0000002289600000,0x0000002289700000) (1024K)]
  0x000001bca78b8010 JavaThread "jar transforms Thread 3"           [_thread_blocked, id=18984, stack(0x0000002289700000,0x0000002289800000) (1024K)]
  0x000001bca78b87e0 JavaThread "jar transforms Thread 4"           [_thread_blocked, id=3488, stack(0x0000002289800000,0x0000002289900000) (1024K)]
  0x000001bca8edef10 JavaThread "jar transforms Thread 5"           [_thread_blocked, id=15352, stack(0x0000002289900000,0x0000002289a00000) (1024K)]
  0x000001bca8edf6e0 JavaThread "jar transforms Thread 6"           [_thread_blocked, id=8160, stack(0x0000002289a00000,0x0000002289b00000) (1024K)]
  0x000001bca8edfeb0 JavaThread "jar transforms Thread 7"           [_thread_blocked, id=7236, stack(0x0000002289b00000,0x0000002289c00000) (1024K)]
  0x000001bca8ee0e50 JavaThread "jar transforms Thread 8"           [_thread_blocked, id=19552, stack(0x0000002289c00000,0x0000002289d00000) (1024K)]
  0x000001bca8ee2d90 JavaThread "Cache worker for file content cache (D:\gradle\caches\9.5.0\fileContent)"        [_thread_blocked, id=6660, stack(0x0000002288300000,0x0000002288400000) (1024K)]
  0x000001bca8ee3d30 JavaThread "Cache worker for checksums cache (D:\itdetiApp\.gradle\9.5.0\checksums)"        [_thread_blocked, id=10208, stack(0x0000002289d00000,0x0000002289e00000) (1024K)]
  0x000001bc8d858b90 JavaThread "Cache worker for cache directory md-supplier (D:\gradle\caches\9.5.0\md-supplier)"        [_thread_blocked, id=812, stack(0x0000002289e00000,0x0000002289f00000) (1024K)]
  0x000001bca902a080 JavaThread "Cache worker for cache directory md-rule (D:\gradle\caches\9.5.0\md-rule)"        [_thread_blocked, id=18696, stack(0x0000002289f00000,0x000000228a000000) (1024K)]
  0x000001bca902e6d0 JavaThread "Build operations"                  [_thread_blocked, id=4000, stack(0x000000228a000000,0x000000228a100000) (1024K)]
  0x000001bca902b020 JavaThread "Build operations Thread 2"         [_thread_blocked, id=2984, stack(0x000000228a100000,0x000000228a200000) (1024K)]
  0x000001bca902fe40 JavaThread "Build operations Thread 3"         [_thread_blocked, id=5108, stack(0x000000228a200000,0x000000228a300000) (1024K)]
  0x000001bca902eea0 JavaThread "Build operations Thread 4"         [_thread_blocked, id=19444, stack(0x000000228a300000,0x000000228a400000) (1024K)]
  0x000001bca60d3760 JavaThread "Build operations Thread 5"         [_thread_blocked, id=1192, stack(0x000000228a400000,0x000000228a500000) (1024K)]
  0x000001bca60d56a0 JavaThread "Build operations Thread 6"         [_thread_blocked, id=1240, stack(0x000000228a500000,0x000000228a600000) (1024K)]
  0x000001bca60d1ff0 JavaThread "Build operations Thread 7"         [_thread_blocked, id=5060, stack(0x000000228a600000,0x000000228a700000) (1024K)]
  0x000001bca60d27c0 JavaThread "Build operations Thread 8"         [_thread_blocked, id=2520, stack(0x000000228a700000,0x000000228a800000) (1024K)]
  0x000001bca9ad0450 JavaThread "Problems report writer"            [_thread_blocked, id=14108, stack(0x0000002288200000,0x0000002288300000) (1024K)]
  0x000001bca0182e90 JavaThread "C2 CompilerThread1"         daemon [_thread_in_native, id=19264, stack(0x000000228a800000,0x000000228a900000) (1024K)]
  0x000001bca9ad3330 JavaThread "Memory manager"                    [_thread_blocked, id=10672, stack(0x000000228a900000,0x000000228aa00000) (1024K)]
Total: 51

Other Threads:
  0x000001bc8daecd50 VMThread "VM Thread"                           [id=9960, stack(0x0000002287700000,0x0000002287800000) (1024K)]
  0x000001bc8dab36e0 WatcherThread "VM Periodic Task Thread"        [id=13484, stack(0x0000002287600000,0x0000002287700000) (1024K)]
Total: 2

Threads with active compile tasks:
C2 CompilerThread0  12778 9642       4       org.gradle.internal.instantiation.generator.AbstractClassGenerator::inspectType (602 bytes)
C2 CompilerThread1  12778 9817       4       org.objectweb.asm.MethodWriter::putMethodInfo (1274 bytes)
Total: 2

VM state: not at safepoint (normal execution)

VM Mutex/Monitor currently owned by a thread: None

Heap address: 0x00000000e0000000, size: 512 MB, Compressed Oops mode: 32-bit

CDS archive(s) not mapped
Compressed class space mapped at: 0x0000000028000000-0x0000000068000000, reserved size: 1073741824
UseCompressedClassPointers 1, UseCompactObjectHeaders 0
Narrow klass pointer bits 32, Max shift 3
Narrow klass base: 0x0000000000000000, Narrow klass shift: 0
Encoding Range: [0x0000000000000000 - 0x0000000100000000), (4294967296 bytes)
Klass Range:    [0x0000000028000000 - 0x0000000068000000), (1073741824 bytes)
Klass ID Range:  [671088640 - 1744830457) (1073741817)
No protection zone.

GC Precious Log:
 CardTable entry size: 512
 CPUs: 8 total, 8 available
 Memory: 16073M
 Large Page Support: Disabled
 NUMA Support: Disabled
 Compressed Oops: Enabled (32-bit)
 Heap Min Capacity: 8M
 Heap Initial Capacity: 252M
 Heap Max Capacity: 512M
 Pre-touch: Disabled

Heap:
 DefNew     total 77632K, used 59485K [0x00000000e0000000, 0x00000000e5430000, 0x00000000eaaa0000)
  eden space 69056K,  77% used [0x00000000e0000000, 0x00000000e344aad0, 0x00000000e4370000)
  from space 8576K,  69% used [0x00000000e4370000, 0x00000000e493cb60, 0x00000000e4bd0000)
  to   space 8576K,   0% used [0x00000000e4bd0000, 0x00000000e4bd0000, 0x00000000e5430000)
 Tenured    total 172032K, used 92069K [0x00000000eaaa0000, 0x00000000f52a0000, 0x0000000100000000)
  the  space 172032K,  53% used [0x00000000eaaa0000, 0x00000000f0489600, 0x00000000f52a0000)

Card table byte_map: [0x000001bc8d560000,0x000001bc8d660000] _byte_map_base: 0x000001bc8ce60000

Polling page: 0x000001bc8b8b0000

Metaspace:
Metaspace        used 85904K, committed 87872K, reserved 1179648K
 class space     used 12624K, committed 13568K, reserved 1048576K

Usage:
  Non-class:     71.57 MB used.
      Class:     12.33 MB used.
       Both:     83.90 MB used.

Virtual space:
  Non-class space:      128.00 MB reserved,      72.56 MB ( 57%) committed,  2 nodes.
      Class space:        1.00 GB reserved,      13.25 MB (  1%) committed,  1 nodes.
             Both:        1.12 GB reserved,      85.81 MB (  7%) committed. 

Chunk freelists:
   Non-Class:  6.81 MB
       Class:  2.73 MB
        Both:  9.55 MB

MaxMetaspaceSize: unlimited
CompressedClassSpaceSize: 1.00 GB
Initial GC threshold: 21.00 MB
Current GC threshold: 97.31 MB
CDS: off
 - commit_granule_bytes: 65536.
 - commit_granule_words: 8192.
 - virtual_space_node_default_size: 8388608.
 - enlarge_chunks_in_place: 1.
UseCompressedClassPointers 1, UseCompactObjectHeaders 0
Narrow klass pointer bits 32, Max shift 3
Narrow klass base: 0x0000000000000000, Narrow klass shift: 0
Encoding Range: [0x0000000000000000 - 0x0000000100000000), (4294967296 bytes)
Klass Range:    [0x0000000028000000 - 0x0000000068000000), (1073741824 bytes)
Klass ID Range:  [671088640 - 1744830457) (1073741817)
No protection zone.


Internal statistics:

num_allocs_failed_limit: 9.
num_arena_births: 3736.
num_arena_deaths: 0.
num_vsnodes_births: 3.
num_vsnodes_deaths: 0.
num_space_committed: 1373.
num_space_uncommitted: 0.
num_chunks_returned_to_freelist: 9.
num_chunks_taken_from_freelist: 7194.
num_chunk_merges: 9.
num_chunk_splits: 4764.
num_chunks_enlarged: 3039.
num_inconsistent_stats: 0.

CodeHeap 'non-profiled nmethods': size=120064Kb used=3891Kb max_used=3891Kb free=116172Kb
 bounds [0x000001bc98a00000, 0x000001bc98dd0000, 0x000001bc9ff40000]
CodeHeap 'profiled nmethods': size=120000Kb used=13030Kb max_used=13030Kb free=106969Kb
 bounds [0x000001bc90f40000, 0x000001bc91c00000, 0x000001bc98470000]
CodeHeap 'non-nmethods': size=5696Kb used=1847Kb max_used=1885Kb free=3848Kb
 bounds [0x000001bc98470000, 0x000001bc986e0000, 0x000001bc98a00000]
CodeCache: size=245760Kb, used=18768Kb, max_used=18806Kb, free=226989Kb
 total_blobs=10090, nmethods=9231, adapters=763, full_count=0
Compilation: enabled, stopped_count=0, restarted_count=0

Compilation events (20 events):
Event: 11.680 Thread 0x000001bc8d8181b0 nmethod 9764 0x000001bc91bdf788 code [0x000001bc91bdf880, 0x000001bc91bdfc48]
Event: 11.680 Thread 0x000001bc8d8181b0 9765       3       com.google.common.collect.Iterators$ArrayItr::get (12 bytes)
Event: 11.680 Thread 0x000001bc8d8181b0 nmethod 9765 0x000001bc91bdfc88 code [0x000001bc91bdfd80, 0x000001bc91bdfeb8]
Event: 11.681 Thread 0x000001bca0182e90 nmethod 9758 0x000001bc98dc7a88 code [0x000001bc98dc7b80, 0x000001bc98dc7c68]
Event: 11.681 Thread 0x000001bc8d8181b0 9766       3       java.util.ArrayDeque::copyElements (13 bytes)
Event: 11.681 Thread 0x000001bc8d8181b0 nmethod 9766 0x000001bc91bdff88 code [0x000001bc91be0080, 0x000001bc91be0638]
Event: 11.681 Thread 0x000001bc8d8181b0 9767       3       java.util.ArrayDeque$$Lambda/0x00000000287796a0::<init> (10 bytes)
Event: 11.681 Thread 0x000001bc8d8181b0 nmethod 9767 0x000001bc91be0688 code [0x000001bc91be0780, 0x000001bc91be0900]
Event: 11.682 Thread 0x000001bca0182e90 9768       4       java.util.ArrayList::toArray (57 bytes)
Event: 11.682 Thread 0x000001bc8d8181b0 9769       3       org.gradle.internal.instantiation.generator.AsmBackedClassGenerator$ClassBuilderImpl$LocalMethodVisitorScope::putServiceRegistryOnStack (56 bytes)
Event: 11.683 Thread 0x000001bc8d8181b0 nmethod 9769 0x000001bc91be0988 code [0x000001bc91be0a80, 0x000001bc91be17e8]
Event: 11.686 Thread 0x000001bca0182e90 nmethod 9768 0x000001bc98dc7d88 code [0x000001bc98dc7e80, 0x000001bc98dc8598]
Event: 11.689 Thread 0x000001bc8d8181b0 9770       3       org.objectweb.asm.Frame::pop (53 bytes)
Event: 11.689 Thread 0x000001bc8d8181b0 nmethod 9770 0x000001bc91be1888 code [0x000001bc91be1980, 0x000001bc91be21a8]
Event: 11.689 Thread 0x000001bc8d8181b0 9771       3       org.objectweb.asm.SymbolTable::addConstantClass (8 bytes)
Event: 11.689 Thread 0x000001bc8d8181b0 nmethod 9771 0x000001bc91be2208 code [0x000001bc91be2300, 0x000001bc91be2440]
Event: 11.689 Thread 0x000001bc8d8181b0 9772       1       com.android.build.gradle.internal.dsl.decorator.DslDecorator$ManagedProperty::getAccess (5 bytes)
Event: 11.689 Thread 0x000001bc8d8181b0 nmethod 9772 0x000001bc98dc8608 code [0x000001bc98dc8700, 0x000001bc98dc87c8]
Event: 12.682 Thread 0x000001bca0182e90 9773       4       java.util.concurrent.locks.AbstractQueuedSynchronizer$Node::getAndUnsetStatus (14 bytes)
Event: 12.684 Thread 0x000001bca0182e90 nmethod 9773 0x000001bc98dc8908 code [0x000001bc98dc8a00, 0x000001bc98dc8ab8]

GC Heap Usage History (20 events):
Event: 2.928 {heap Before GC invocations=4 (full 2):
 DefNew     total 77568K, used 68992K [0x00000000e0000000, 0x00000000e5420000, 0x00000000eaaa0000)
  eden space 68992K, 100% used [0x00000000e0000000, 0x00000000e4360000, 0x00000000e4360000)
  from space 8576K,   0% used [0x00000000e4360000, 0x00000000e4360000, 0x00000000e4bc0000)
  to   space 8576K,   0% used [0x00000000e4bc0000, 0x00000000e4bc0000, 0x00000000e5420000)
 Tenured    total 172032K, used 23688K [0x00000000eaaa0000, 0x00000000f52a0000, 0x0000000100000000Event: 2.949 {heap After GC invocations=5 (full 2):
 DefNew     total 77568K, used 8575K [0x00000000e0000000, 0x00000000e5420000, 0x00000000eaaa0000)
  eden space 68992K,   0% used [0x00000000e0000000, 0x00000000e0000000, 0x00000000e4360000)
  from space 8576K,  99% used [0x00000000e4bc0000, 0x00000000e541fff8, 0x00000000e5420000)
  to   space 8576K,   0% used [0x00000000e4360000, 0x00000000e4360000, 0x00000000e4bc0000)
 Tenured    total 172032K, used 36800K [0x00000000eaaa0000, 0x00000000f52a0000, 0x0000000100000000)
Event: 4.092 {heap Before GC invocations=5 (full 2):
 DefNew     total 77568K, used 77567K [0x00000000e0000000, 0x00000000e5420000, 0x00000000eaaa0000)
  eden space 68992K, 100% used [0x00000000e0000000, 0x00000000e4360000, 0x00000000e4360000)
  from space 8576K,  99% used [0x00000000e4bc0000, 0x00000000e541fff8, 0x00000000e5420000)
  to   space 8576K,   0% used [0x00000000e4360000, 0x00000000e4360000, 0x00000000e4bc0000)
 Tenured    total 172032K, used 36800K [0x00000000eaaa0000, 0x00000000f52a0000, 0x0000000100000000Event: 4.117 {heap After GC invocations=6 (full 2):
 DefNew     total 77568K, used 4050K [0x00000000e0000000, 0x00000000e5420000, 0x00000000eaaa0000)
  eden space 68992K,   0% used [0x00000000e0000000, 0x00000000e0000000, 0x00000000e4360000)
  from space 8576K,  47% used [0x00000000e4360000, 0x00000000e4754ba0, 0x00000000e4bc0000)
  to   space 8576K,   0% used [0x00000000e4bc0000, 0x00000000e4bc0000, 0x00000000e5420000)
 Tenured    total 172032K, used 45344K [0x00000000eaaa0000, 0x00000000f52a0000, 0x0000000100000000)
Event: 5.375 {heap Before GC invocations=6 (full 2):
 DefNew     total 77568K, used 73042K [0x00000000e0000000, 0x00000000e5420000, 0x00000000eaaa0000)
  eden space 68992K, 100% used [0x00000000e0000000, 0x00000000e4360000, 0x00000000e4360000)
  from space 8576K,  47% used [0x00000000e4360000, 0x00000000e4754ba0, 0x00000000e4bc0000)
  to   space 8576K,   0% used [0x00000000e4bc0000, 0x00000000e4bc0000, 0x00000000e5420000)
 Tenured    total 172032K, used 45344K [0x00000000eaaa0000, 0x00000000f52a0000, 0x0000000100000000Event: 5.396 {heap After GC invocations=7 (full 2):
 DefNew     total 77568K, used 8211K [0x00000000e0000000, 0x00000000e5420000, 0x00000000eaaa0000)
  eden space 68992K,   0% used [0x00000000e0000000, 0x00000000e0000000, 0x00000000e4360000)
  from space 8576K,  95% used [0x00000000e4bc0000, 0x00000000e53c4f68, 0x00000000e5420000)
  to   space 8576K,   0% used [0x00000000e4360000, 0x00000000e4360000, 0x00000000e4bc0000)
 Tenured    total 172032K, used 45344K [0x00000000eaaa0000, 0x00000000f52a0000, 0x0000000100000000)
Event: 5.934 {heap Before GC invocations=7 (full 2):
 DefNew     total 77568K, used 40761K [0x00000000e0000000, 0x00000000e5420000, 0x00000000eaaa0000)
  eden space 68992K,  47% used [0x00000000e0000000, 0x00000000e1fc9580, 0x00000000e4360000)
  from space 8576K,  95% used [0x00000000e4bc0000, 0x00000000e53c4f68, 0x00000000e5420000)
  to   space 8576K,   0% used [0x00000000e4360000, 0x00000000e4360000, 0x00000000e4bc0000)
 Tenured    total 172032K, used 45344K [0x00000000eaaa0000, 0x00000000f52a0000, 0x0000000100000000Event: 6.059 {heap After GC invocations=8 (full 3):
 DefNew     total 77632K, used 0K [0x00000000e0000000, 0x00000000e5430000, 0x00000000eaaa0000)
  eden space 69056K,   0% used [0x00000000e0000000, 0x00000000e0000000, 0x00000000e4370000)
  from space 8576K,   0% used [0x00000000e4370000, 0x00000000e4370000, 0x00000000e4bd0000)
  to   space 8576K,   0% used [0x00000000e4bd0000, 0x00000000e4bd0000, 0x00000000e5430000)
 Tenured    total 172032K, used 58007K [0x00000000eaaa0000, 0x00000000f52a0000, 0x0000000100000000)
  tEvent: 7.139 {heap Before GC invocations=8 (full 3):
 DefNew     total 77632K, used 69056K [0x00000000e0000000, 0x00000000e5430000, 0x00000000eaaa0000)
  eden space 69056K, 100% used [0x00000000e0000000, 0x00000000e4370000, 0x00000000e4370000)
  from space 8576K,   0% used [0x00000000e4370000, 0x00000000e4370000, 0x00000000e4bd0000)
  to   space 8576K,   0% used [0x00000000e4bd0000, 0x00000000e4bd0000, 0x00000000e5430000)
 Tenured    total 172032K, used 58007K [0x00000000eaaa0000, 0x00000000f52a0000, 0x0000000100000000Event: 7.146 {heap After GC invocations=9 (full 3):
 DefNew     total 77632K, used 2319K [0x00000000e0000000, 0x00000000e5430000, 0x00000000eaaa0000)
  eden space 69056K,   0% used [0x00000000e0000000, 0x00000000e0000000, 0x00000000e4370000)
  from space 8576K,  27% used [0x00000000e4bd0000, 0x00000000e4e13e78, 0x00000000e5430000)
  to   space 8576K,   0% used [0x00000000e4370000, 0x00000000e4370000, 0x00000000e4bd0000)
 Tenured    total 172032K, used 58007K [0x00000000eaaa0000, 0x00000000f52a0000, 0x0000000100000000)
Event: 8.044 {heap Before GC invocations=9 (full 3):
 DefNew     total 77632K, used 71375K [0x00000000e0000000, 0x00000000e5430000, 0x00000000eaaa0000)
  eden space 69056K, 100% used [0x00000000e0000000, 0x00000000e4370000, 0x00000000e4370000)
  from space 8576K,  27% used [0x00000000e4bd0000, 0x00000000e4e13e78, 0x00000000e5430000)
  to   space 8576K,   0% used [0x00000000e4370000, 0x00000000e4370000, 0x00000000e4bd0000)
 Tenured    total 172032K, used 58007K [0x00000000eaaa0000, 0x00000000f52a0000, 0x0000000100000000Event: 8.059 {heap After GC invocations=10 (full 3):
 DefNew     total 77632K, used 7350K [0x00000000e0000000, 0x00000000e5430000, 0x00000000eaaa0000)
  eden space 69056K,   0% used [0x00000000e0000000, 0x00000000e0000000, 0x00000000e4370000)
  from space 8576K,  85% used [0x00000000e4370000, 0x00000000e4a9db90, 0x00000000e4bd0000)
  to   space 8576K,   0% used [0x00000000e4bd0000, 0x00000000e4bd0000, 0x00000000e5430000)
 Tenured    total 172032K, used 58007K [0x00000000eaaa0000, 0x00000000f52a0000, 0x0000000100000000)Event: 8.759 {heap Before GC invocations=10 (full 3):
 DefNew     total 77632K, used 76393K [0x00000000e0000000, 0x00000000e5430000, 0x00000000eaaa0000)
  eden space 69056K,  99% used [0x00000000e0000000, 0x00000000e436c998, 0x00000000e4370000)
  from space 8576K,  85% used [0x00000000e4370000, 0x00000000e4a9db90, 0x00000000e4bd0000)
  to   space 8576K,   0% used [0x00000000e4bd0000, 0x00000000e4bd0000, 0x00000000e5430000)
 Tenured    total 172032K, used 58007K [0x00000000eaaa0000, 0x00000000f52a0000, 0x000000010000000Event: 8.785 {heap After GC invocations=11 (full 3):
 DefNew     total 77632K, used 3238K [0x00000000e0000000, 0x00000000e5430000, 0x00000000eaaa0000)
  eden space 69056K,   0% used [0x00000000e0000000, 0x00000000e0000000, 0x00000000e4370000)
  from space 8576K,  37% used [0x00000000e4bd0000, 0x00000000e4ef98b8, 0x00000000e5430000)
  to   space 8576K,   0% used [0x00000000e4370000, 0x00000000e4370000, 0x00000000e4bd0000)
 Tenured    total 172032K, used 64993K [0x00000000eaaa0000, 0x00000000f52a0000, 0x0000000100000000)Event: 9.058 {heap Before GC invocations=11 (full 3):
 DefNew     total 77632K, used 72294K [0x00000000e0000000, 0x00000000e5430000, 0x00000000eaaa0000)
  eden space 69056K, 100% used [0x00000000e0000000, 0x00000000e4370000, 0x00000000e4370000)
  from space 8576K,  37% used [0x00000000e4bd0000, 0x00000000e4ef98b8, 0x00000000e5430000)
  to   space 8576K,   0% used [0x00000000e4370000, 0x00000000e4370000, 0x00000000e4bd0000)
 Tenured    total 172032K, used 64993K [0x00000000eaaa0000, 0x00000000f52a0000, 0x000000010000000Event: 9.082 {heap After GC invocations=12 (full 3):
 DefNew     total 77632K, used 8262K [0x00000000e0000000, 0x00000000e5430000, 0x00000000eaaa0000)
  eden space 69056K,   0% used [0x00000000e0000000, 0x00000000e0000000, 0x00000000e4370000)
  from space 8576K,  96% used [0x00000000e4370000, 0x00000000e4b818a0, 0x00000000e4bd0000)
  to   space 8576K,   0% used [0x00000000e4bd0000, 0x00000000e4bd0000, 0x00000000e5430000)
 Tenured    total 172032K, used 64993K [0x00000000eaaa0000, 0x00000000f52a0000, 0x0000000100000000)Event: 10.018 {heap Before GC invocations=12 (full 3):
 DefNew     total 77632K, used 77318K [0x00000000e0000000, 0x00000000e5430000, 0x00000000eaaa0000)
  eden space 69056K, 100% used [0x00000000e0000000, 0x00000000e4370000, 0x00000000e4370000)
  from space 8576K,  96% used [0x00000000e4370000, 0x00000000e4b818a0, 0x00000000e4bd0000)
  to   space 8576K,   0% used [0x00000000e4bd0000, 0x00000000e4bd0000, 0x00000000e5430000)
 Tenured    total 172032K, used 64993K [0x00000000eaaa0000, 0x00000000f52a0000, 0x000000010000000Event: 10.057 {heap After GC invocations=13 (full 3):
 DefNew     total 77632K, used 8575K [0x00000000e0000000, 0x00000000e5430000, 0x00000000eaaa0000)
  eden space 69056K,   0% used [0x00000000e0000000, 0x00000000e0000000, 0x00000000e4370000)
  from space 8576K,  99% used [0x00000000e4bd0000, 0x00000000e542fff8, 0x00000000e5430000)
  to   space 8576K,   0% used [0x00000000e4370000, 0x00000000e4370000, 0x00000000e4bd0000)
 Tenured    total 172032K, used 83508K [0x00000000eaaa0000, 0x00000000f52a0000, 0x0000000100000000)Event: 11.057 {heap Before GC invocations=13 (full 3):
 DefNew     total 77632K, used 77631K [0x00000000e0000000, 0x00000000e5430000, 0x00000000eaaa0000)
  eden space 69056K, 100% used [0x00000000e0000000, 0x00000000e4370000, 0x00000000e4370000)
  from space 8576K,  99% used [0x00000000e4bd0000, 0x00000000e542fff8, 0x00000000e5430000)
  to   space 8576K,   0% used [0x00000000e4370000, 0x00000000e4370000, 0x00000000e4bd0000)
 Tenured    total 172032K, used 83508K [0x00000000eaaa0000, 0x00000000f52a0000, 0x000000010000000Event: 11.076 {heap After GC invocations=14 (full 3):
 DefNew     total 77632K, used 5938K [0x00000000e0000000, 0x00000000e5430000, 0x00000000eaaa0000)
  eden space 69056K,   0% used [0x00000000e0000000, 0x00000000e0000000, 0x00000000e4370000)
  from space 8576K,  69% used [0x00000000e4370000, 0x00000000e493cb60, 0x00000000e4bd0000)
  to   space 8576K,   0% used [0x00000000e4bd0000, 0x00000000e4bd0000, 0x00000000e5430000)
 Tenured    total 172032K, used 92069K [0x00000000eaaa0000, 0x00000000f52a0000, 0x0000000100000000)
Metaspace Usage History (20 events):
Event: 2.928 {metaspace Before GC invocations=4 (full 2):
 Metaspace       used 41100K, committed 42048K, reserved 1114112K
  class space    used 5808K, committed 6272K, reserved 1048576K
}
Event: 2.949 {metaspace After GC invocations=5 (full 2):
 Metaspace       used 41100K, committed 42048K, reserved 1114112K
  class space    used 5808K, committed 6272K, reserved 1048576K
}
Event: 4.092 {metaspace Before GC invocations=5 (full 2):
 Metaspace       used 49515K, committed 50816K, reserved 1114112K
  class space    used 7131K, committed 7744K, reserved 1048576K
}
Event: 4.117 {metaspace After GC invocations=6 (full 2):
 Metaspace       used 49515K, committed 50816K, reserved 1114112K
  class space    used 7131K, committed 7744K, reserved 1048576K
}
Event: 5.375 {metaspace Before GC invocations=6 (full 2):
 Metaspace       used 56786K, committed 58304K, reserved 1114112K
  class space    used 8387K, committed 9088K, reserved 1048576K
}
Event: 5.396 {metaspace After GC invocations=7 (full 2):
 Metaspace       used 56786K, committed 58304K, reserved 1114112K
  class space    used 8387K, committed 9088K, reserved 1048576K
}
Event: 5.934 {metaspace Before GC invocations=7 (full 2):
 Metaspace       used 58222K, committed 59776K, reserved 1114112K
  class space    used 8559K, committed 9280K, reserved 1048576K
}
Event: 6.059 {metaspace After GC invocations=8 (full 3):
 Metaspace       used 58222K, committed 59776K, reserved 1114112K
  class space    used 8559K, committed 9280K, reserved 1048576K
}
Event: 7.139 {metaspace Before GC invocations=8 (full 3):
 Metaspace       used 65398K, committed 67072K, reserved 1114112K
  class space    used 9688K, committed 10432K, reserved 1048576K
}
Event: 7.146 {metaspace After GC invocations=9 (full 3):
 Metaspace       used 65398K, committed 67072K, reserved 1114112K
  class space    used 9688K, committed 10432K, reserved 1048576K
}
Event: 8.044 {metaspace Before GC invocations=9 (full 3):
 Metaspace       used 72517K, committed 74304K, reserved 1114112K
  class space    used 10871K, committed 11712K, reserved 1048576K
}
Event: 8.059 {metaspace After GC invocations=10 (full 3):
 Metaspace       used 72517K, committed 74304K, reserved 1114112K
  class space    used 10871K, committed 11712K, reserved 1048576K
}
Event: 8.759 {metaspace Before GC invocations=10 (full 3):
 Metaspace       used 73122K, committed 75008K, reserved 1114112K
  class space    used 10882K, committed 11776K, reserved 1048576K
}
Event: 8.785 {metaspace After GC invocations=11 (full 3):
 Metaspace       used 73122K, committed 75008K, reserved 1114112K
  class space    used 10882K, committed 11776K, reserved 1048576K
}
Event: 9.058 {metaspace Before GC invocations=11 (full 3):
 Metaspace       used 73252K, committed 75136K, reserved 1114112K
  class space    used 10900K, committed 11776K, reserved 1048576K
}
Event: 9.082 {metaspace After GC invocations=12 (full 3):
 Metaspace       used 73252K, committed 75136K, reserved 1114112K
  class space    used 10900K, committed 11776K, reserved 1048576K
}
Event: 10.018 {metaspace Before GC invocations=12 (full 3):
 Metaspace       used 76377K, committed 78272K, reserved 1179648K
  class space    used 11340K, committed 12224K, reserved 1048576K
}
Event: 10.057 {metaspace After GC invocations=13 (full 3):
 Metaspace       used 76377K, committed 78272K, reserved 1179648K
  class space    used 11340K, committed 12224K, reserved 1048576K
}
Event: 11.057 {metaspace Before GC invocations=13 (full 3):
 Metaspace       used 83179K, committed 85184K, reserved 1179648K
  class space    used 12242K, committed 13184K, reserved 1048576K
}
Event: 11.076 {metaspace After GC invocations=14 (full 3):
 Metaspace       used 83179K, committed 85184K, reserved 1179648K
  class space    used 12242K, committed 13184K, reserved 1048576K
}

Dll operation events (3 events):
Event: 0.009 Loaded shared library C:\Program Files\Android\Android Studio\jbr\bin\java.dll
Event: 0.012 Loaded shared library C:\Program Files\Android\Android Studio\jbr\bin\zip.dll
Event: 0.334 Loaded shared library C:\Program Files\Android\Android Studio\jbr\bin\verify.dll

Deoptimization events (20 events):
Event: 11.424 Thread 0x000001bca6c01710 DEOPT PACKING pc=0x000001bc98d1c258 sp=0x0000002288af4be0
Event: 11.424 Thread 0x000001bca6c01710 DEOPT UNPACKING pc=0x000001bc98582482 sp=0x0000002288af4b88 mode 2
Event: 11.427 Thread 0x000001bca6c01710 DEOPT PACKING pc=0x000001bc917aaba0 sp=0x0000002288af4230
Event: 11.427 Thread 0x000001bca6c01710 DEOPT UNPACKING pc=0x000001bc984c0fa2 sp=0x0000002288af3810 mode 0
Event: 11.428 Thread 0x000001bca6c01710 Uncommon trap: trap_request=0xffffff45 fr.pc=0x000001bc98ca3608 relative=0x0000000000003f88
Event: 11.428 Thread 0x000001bca6c01710 Uncommon trap: reason=unstable_if action=reinterpret pc=0x000001bc98ca3608 method=org.objectweb.asm.Type.getTypeInternal(Ljava/lang/String;II)Lorg/objectweb/asm/Type; @ 5 c2
Event: 11.428 Thread 0x000001bca6c01710 DEOPT PACKING pc=0x000001bc98ca3608 sp=0x0000002288af4030
Event: 11.428 Thread 0x000001bca6c01710 DEOPT UNPACKING pc=0x000001bc98582482 sp=0x0000002288af3e70 mode 2
Event: 11.493 Thread 0x000001bca6c01710 Uncommon trap: trap_request=0xffffffc6 fr.pc=0x000001bc98d1c258 relative=0x0000000000000058
Event: 11.493 Thread 0x000001bca6c01710 Uncommon trap: reason=bimorphic_or_optimized_type_check action=maybe_recompile pc=0x000001bc98d1c258 method=java.util.AbstractQueue.add(Ljava/lang/Object;)Z @ 2 c2
Event: 11.493 Thread 0x000001bca6c01710 DEOPT PACKING pc=0x000001bc98d1c258 sp=0x0000002288af4450
Event: 11.493 Thread 0x000001bca6c01710 DEOPT UNPACKING pc=0x000001bc98582482 sp=0x0000002288af43f8 mode 2
Event: 11.493 Thread 0x000001bca6c01710 Uncommon trap: trap_request=0xffffffc6 fr.pc=0x000001bc98d1c258 relative=0x0000000000000058
Event: 11.493 Thread 0x000001bca6c01710 Uncommon trap: reason=bimorphic_or_optimized_type_check action=maybe_recompile pc=0x000001bc98d1c258 method=java.util.AbstractQueue.add(Ljava/lang/Object;)Z @ 2 c2
Event: 11.493 Thread 0x000001bca6c01710 DEOPT PACKING pc=0x000001bc98d1c258 sp=0x0000002288af4450
Event: 11.493 Thread 0x000001bca6c01710 DEOPT UNPACKING pc=0x000001bc98582482 sp=0x0000002288af43f8 mode 2
Event: 11.601 Thread 0x000001bca6c01710 Uncommon trap: trap_request=0xffffffdc fr.pc=0x000001bc98dc28e0 relative=0x0000000000000360
Event: 11.601 Thread 0x000001bca6c01710 Uncommon trap: reason=class_check action=make_not_entrant pc=0x000001bc98dc28e0 method=java.util.ArrayList.toArray([Ljava/lang/Object;)[Ljava/lang/Object; @ 21 c2
Event: 11.601 Thread 0x000001bca6c01710 DEOPT PACKING pc=0x000001bc98dc28e0 sp=0x0000002288af3f40
Event: 11.601 Thread 0x000001bca6c01710 DEOPT UNPACKING pc=0x000001bc98582482 sp=0x0000002288af3f00 mode 2

Classes loaded (20 events):
Event: 11.323 Loading class sun/misc/Unsafe
Event: 11.324 Loading class sun/misc/Unsafe done
Event: 11.324 Loading class sun/misc/Unsafe$MemoryAccessOption
Event: 11.324 Loading class sun/misc/Unsafe$MemoryAccessOption done
Event: 11.326 Loading class sun/misc/Unsafe$StackWalkerHolder
Event: 11.327 Loading class sun/misc/Unsafe$StackWalkerHolder done
Event: 11.327 Loading class java/lang/StackWalker$Option
Event: 11.327 Loading class java/lang/StackWalker$Option done
Event: 11.327 Loading class java/lang/StackStreamFactory
Event: 11.328 Loading class java/lang/StackStreamFactory done
Event: 11.328 Loading class java/lang/StackWalker$ExtendedOption
Event: 11.328 Loading class java/lang/StackWalker$ExtendedOption done
Event: 11.328 Loading class java/lang/StackStreamFactory$StackFrameTraverser
Event: 11.328 Loading class java/lang/StackStreamFactory$StackFrameTraverser done
Event: 11.328 Loading class java/lang/StackStreamFactory$WalkerState
Event: 11.328 Loading class java/lang/StackStreamFactory$WalkerState done
Event: 11.328 Loading class java/lang/StackStreamFactory$StackFrameBuffer
Event: 11.329 Loading class java/lang/StackStreamFactory$FrameBuffer
Event: 11.329 Loading class java/lang/StackStreamFactory$FrameBuffer done
Event: 11.329 Loading class java/lang/StackStreamFactory$StackFrameBuffer done

Classes unloaded (0 events):
No events

Classes redefined (0 events):
No events

Internal exceptions (20 events):
Event: 11.647 Thread 0x000001bca6c01710 Exception <a 'sun/nio/fs/WindowsException'{0x00000000e2aed948}> (0x00000000e2aed948) 
thrown [s\src\hotspot\share\prims\jni.cpp, line 535]
Event: 11.647 Thread 0x000001bca6c01710 Exception <a 'sun/nio/fs/WindowsException'{0x00000000e2afe938}> (0x00000000e2afe938) 
thrown [s\src\hotspot\share\prims\jni.cpp, line 535]
Event: 11.648 Thread 0x000001bca6c01710 Exception <a 'sun/nio/fs/WindowsException'{0x00000000e2b0ec48}> (0x00000000e2b0ec48) 
thrown [s\src\hotspot\share\prims\jni.cpp, line 535]
Event: 11.652 Thread 0x000001bca6c01710 Exception <a 'sun/nio/fs/WindowsException'{0x00000000e2b57e30}> (0x00000000e2b57e30) 
thrown [s\src\hotspot\share\prims\jni.cpp, line 535]
Event: 11.655 Thread 0x000001bca6c01710 Exception <a 'sun/nio/fs/WindowsException'{0x00000000e2b988c0}> (0x00000000e2b988c0) 
thrown [s\src\hotspot\share\prims\jni.cpp, line 535]
Event: 11.657 Thread 0x000001bca6c01710 Exception <a 'sun/nio/fs/WindowsException'{0x00000000e2bd0bd8}> (0x00000000e2bd0bd8) 
thrown [s\src\hotspot\share\prims\jni.cpp, line 535]
Event: 11.658 Thread 0x000001bca6c01710 Exception <a 'sun/nio/fs/WindowsException'{0x00000000e2be0898}> (0x00000000e2be0898) 
thrown [s\src\hotspot\share\prims\jni.cpp, line 535]
Event: 11.661 Thread 0x000001bca6c01710 Exception <a 'sun/nio/fs/WindowsException'{0x00000000e2c4f490}> (0x00000000e2c4f490) 
thrown [s\src\hotspot\share\prims\jni.cpp, line 535]
Event: 11.661 Thread 0x000001bca6c01710 Exception <a 'sun/nio/fs/WindowsException'{0x00000000e2c5f828}> (0x00000000e2c5f828) 
thrown [s\src\hotspot\share\prims\jni.cpp, line 535]
Event: 11.666 Thread 0x000001bca6c01710 Exception <a 'sun/nio/fs/WindowsException'{0x00000000e2cddad0}> (0x00000000e2cddad0) 
thrown [s\src\hotspot\share\prims\jni.cpp, line 535]
Event: 11.666 Thread 0x000001bca6c01710 Exception <a 'sun/nio/fs/WindowsException'{0x00000000e2cedfa8}> (0x00000000e2cedfa8) 
thrown [s\src\hotspot\share\prims\jni.cpp, line 535]
Event: 11.671 Thread 0x000001bca6c01710 Exception <a 'sun/nio/fs/WindowsException'{0x00000000e2d39f98}> (0x00000000e2d39f98) 
thrown [s\src\hotspot\share\prims\jni.cpp, line 535]
Event: 11.671 Thread 0x000001bca6c01710 Exception <a 'sun/nio/fs/WindowsException'{0x00000000e2d48db8}> (0x00000000e2d48db8) 
thrown [s\src\hotspot\share\prims\jni.cpp, line 535]
Event: 11.676 Thread 0x000001bca6c01710 Exception <a 'sun/nio/fs/WindowsException'{0x00000000e2db8e48}> (0x00000000e2db8e48) 
thrown [s\src\hotspot\share\prims\jni.cpp, line 535]
Event: 11.680 Thread 0x000001bca6c01710 Exception <a 'sun/nio/fs/WindowsException'{0x00000000e2e0b060}> (0x00000000e2e0b060) 
thrown [s\src\hotspot\share\prims\jni.cpp, line 535]
Event: 11.683 Thread 0x000001bca6c01710 Exception <a 'sun/nio/fs/WindowsException'{0x00000000e2e4c6f8}> (0x00000000e2e4c6f8) 
thrown [s\src\hotspot\share\prims\jni.cpp, line 535]
Event: 11.684 Thread 0x000001bca6c01710 Exception <a 'sun/nio/fs/WindowsException'{0x00000000e2e5e0b8}> (0x00000000e2e5e0b8) 
thrown [s\src\hotspot\share\prims\jni.cpp, line 535]
Event: 11.685 Thread 0x000001bca6c01710 Exception <a 'sun/nio/fs/WindowsException'{0x00000000e2e77ae8}> (0x00000000e2e77ae8) 
thrown [s\src\hotspot\share\prims\jni.cpp, line 535]
Event: 11.687 Thread 0x000001bca6c01710 Exception <a 'sun/nio/fs/WindowsException'{0x00000000e2eb4a00}> (0x00000000e2eb4a00) 
thrown [s\src\hotspot\share\prims\jni.cpp, line 535]
Event: 11.688 Thread 0x000001bca6c01710 Exception <a 'sun/nio/fs/WindowsException'{0x00000000e2ec4a38}> (0x00000000e2ec4a38) 
thrown [s\src\hotspot\share\prims\jni.cpp, line 535]

VM Operations (20 events):
Event: 10.018 Executing safepoint VM operation: SerialCollectForAllocation (Allocation Failure)
Event: 10.057 Executing safepoint VM operation: SerialCollectForAllocation (Allocation Failure) done
Event: 10.105 Executing non-safepoint VM operation: HandshakeAllThreads (Deoptimize)
Event: 10.105 Executing non-safepoint VM operation: HandshakeAllThreads (Deoptimize) done
Event: 10.792 Executing non-safepoint VM operation: HandshakeAllThreads (Deoptimize)
Event: 10.792 Executing non-safepoint VM operation: HandshakeAllThreads (Deoptimize) done
Event: 10.972 Executing non-safepoint VM operation: HandshakeAllThreads (Deoptimize)
Event: 10.972 Executing non-safepoint VM operation: HandshakeAllThreads (Deoptimize) done
Event: 10.986 Executing non-safepoint VM operation: HandshakeAllThreads (Deoptimize)
Event: 10.986 Executing non-safepoint VM operation: HandshakeAllThreads (Deoptimize) done
Event: 11.007 Executing non-safepoint VM operation: HandshakeAllThreads (Deoptimize)
Event: 11.007 Executing non-safepoint VM operation: HandshakeAllThreads (Deoptimize) done
Event: 11.008 Executing non-safepoint VM operation: HandshakeAllThreads (Deoptimize)
Event: 11.008 Executing non-safepoint VM operation: HandshakeAllThreads (Deoptimize) done
Event: 11.057 Executing safepoint VM operation: SerialCollectForAllocation (Allocation Failure)
Event: 11.076 Executing safepoint VM operation: SerialCollectForAllocation (Allocation Failure) done
Event: 11.088 Executing non-safepoint VM operation: HandshakeAllThreads (Deoptimize)
Event: 11.088 Executing non-safepoint VM operation: HandshakeAllThreads (Deoptimize) done
Event: 11.089 Executing non-safepoint VM operation: HandshakeAllThreads (Deoptimize)
Event: 11.090 Executing non-safepoint VM operation: HandshakeAllThreads (Deoptimize) done

Memory protections (0 events):
No events

Nmethod flushes (20 events):
Event: 6.009 Thread 0x000001bc8daecd50 flushing  nmethod 0x000001bc912beb88
Event: 6.009 Thread 0x000001bc8daecd50 flushing  nmethod 0x000001bc912d6c08
Event: 6.009 Thread 0x000001bc8daecd50 flushing  nmethod 0x000001bc912e2988
Event: 6.009 Thread 0x000001bc8daecd50 flushing  nmethod 0x000001bc912e3a08
Event: 6.009 Thread 0x000001bc8daecd50 flushing  nmethod 0x000001bc912eb808
Event: 6.009 Thread 0x000001bc8daecd50 flushing  nmethod 0x000001bc912f6188
Event: 6.009 Thread 0x000001bc8daecd50 flushing  nmethod 0x000001bc9130aa08
Event: 6.009 Thread 0x000001bc8daecd50 flushing  nmethod 0x000001bc9130df88
Event: 6.009 Thread 0x000001bc8daecd50 flushing  nmethod 0x000001bc91315188
Event: 6.009 Thread 0x000001bc8daecd50 flushing  nmethod 0x000001bc91315508
Event: 6.009 Thread 0x000001bc8daecd50 flushing  nmethod 0x000001bc91317c88
Event: 6.009 Thread 0x000001bc8daecd50 flushing  nmethod 0x000001bc91329b08
Event: 6.009 Thread 0x000001bc8daecd50 flushing  nmethod 0x000001bc9133e308
Event: 6.009 Thread 0x000001bc8daecd50 flushing  nmethod 0x000001bc91358d08
Event: 6.009 Thread 0x000001bc8daecd50 flushing  nmethod 0x000001bc91359108
Event: 6.009 Thread 0x000001bc8daecd50 flushing  nmethod 0x000001bc91360308
Event: 6.009 Thread 0x000001bc8daecd50 flushing  nmethod 0x000001bc91368a88
Event: 6.009 Thread 0x000001bc8daecd50 flushing  nmethod 0x000001bc91493008
Event: 6.009 Thread 0x000001bc8daecd50 flushing  nmethod 0x000001bc91494188
Event: 6.009 Thread 0x000001bc8daecd50 flushing  nmethod 0x000001bc9149b708

Events (20 events):
Event: 3.079 Thread 0x000001bca6c01710 Thread added: 0x000001bca8ee2d90
Event: 3.156 Thread 0x000001bca6c01710 Thread added: 0x000001bca8ee3d30
Event: 3.431 Thread 0x000001bca6c01710 Thread added: 0x000001bc8d858b90
Event: 3.492 Thread 0x000001bca6c01710 Thread added: 0x000001bca902a080
Event: 4.012 Thread 0x000001bc8d8181b0 Thread added: 0x000001bca78bbb20
Event: 4.268 Thread 0x000001bca78bbb20 Thread exited: 0x000001bca78bbb20
Event: 5.238 Thread 0x000001bca6c01710 Thread added: 0x000001bca902e6d0
Event: 5.239 Thread 0x000001bca6c01710 Thread added: 0x000001bca902b020
Event: 5.297 Thread 0x000001bca6c01710 Thread added: 0x000001bca902fe40
Event: 5.298 Thread 0x000001bca6c01710 Thread added: 0x000001bca902eea0
Event: 5.501 Thread 0x000001bca6c01710 Thread added: 0x000001bca60d3760
Event: 5.502 Thread 0x000001bca6c01710 Thread added: 0x000001bca60d56a0
Event: 5.502 Thread 0x000001bca6c01710 Thread added: 0x000001bca60d1ff0
Event: 5.503 Thread 0x000001bca6c01710 Thread added: 0x000001bca60d27c0
Event: 8.417 Thread 0x000001bc8d8181b0 Thread added: 0x000001bca01846c0
Event: 9.340 Thread 0x000001bca01846c0 Thread exited: 0x000001bca01846c0
Event: 9.619 Thread 0x000001bca00dcb80 Thread exited: 0x000001bca00dcb80
Event: 10.173 Thread 0x000001bca6c01710 Thread added: 0x000001bca9ad0450
Event: 10.289 Thread 0x000001bc8d8181b0 Thread added: 0x000001bca0182e90
Event: 10.831 Thread 0x000001bca6c01710 Thread added: 0x000001bca9ad3330


Dynamic libraries:
0x00007ff766660000 - 0x00007ff76666a000 	C:\Program Files\Android\Android Studio\jbr\bin\java.exe
0x00007ff86fa40000 - 0x00007ff86fca6000 	C:\WINDOWS\SYSTEM32\ntdll.dll
0x00007ff86d890000 - 0x00007ff86d959000 	C:\WINDOWS\System32\KERNEL32.DLL
0x00007ff86cc50000 - 0x00007ff86d04f000 	C:\WINDOWS\System32\KERNELBASE.dll
0x00007ff86d1a0000 - 0x00007ff86d2ec000 	C:\WINDOWS\System32\ucrtbase.dll
0x00007ff8445d0000 - 0x00007ff8445eb000 	C:\Program Files\Android\Android Studio\jbr\bin\VCRUNTIME140.dll
0x00007ff849330000 - 0x00007ff849346000 	C:\Program Files\Android\Android Studio\jbr\bin\jli.dll
0x00007ff86f830000 - 0x00007ff86f9f6000 	C:\WINDOWS\System32\USER32.dll
0x00007ff86d300000 - 0x00007ff86d327000 	C:\WINDOWS\System32\win32u.dll
0x00007ff84f1e0000 - 0x00007ff84f471000 	C:\WINDOWS\WinSxS\amd64_microsoft.windows.common-controls_6595b64144ccf1df_6.0.26100.8972_none_3e0da176e32f9d4b\COMCTL32.dll
0x00007ff86daa0000 - 0x00007ff86dacb000 	C:\WINDOWS\System32\GDI32.dll
0x00007ff86f780000 - 0x00007ff86f829000 	C:\WINDOWS\System32\msvcrt.dll
0x00007ff86d330000 - 0x00007ff86d459000 	C:\WINDOWS\System32\gdi32full.dll
0x00007ff86d0f0000 - 0x00007ff86d193000 	C:\WINDOWS\System32\msvcp_win.dll
0x00007ff86da60000 - 0x00007ff86da92000 	C:\WINDOWS\System32\IMM32.DLL
0x00007ff869570000 - 0x00007ff86957c000 	C:\Program Files\Android\Android Studio\jbr\bin\vcruntime140_1.dll
0x00007ff81b890000 - 0x00007ff81b91d000 	C:\Program Files\Android\Android Studio\jbr\bin\msvcp140.dll
0x00007fffc1400000 - 0x00007fffc22da000 	C:\Program Files\Android\Android Studio\jbr\bin\server\jvm.dll
0x00007ff86df00000 - 0x00007ff86dfbc000 	C:\WINDOWS\System32\ADVAPI32.dll
0x00007ff86f520000 - 0x00007ff86f5ca000 	C:\WINDOWS\System32\sechost.dll
0x00007ff86e530000 - 0x00007ff86e648000 	C:\WINDOWS\System32\RPCRT4.dll
0x00007ff86e6e0000 - 0x00007ff86e762000 	C:\WINDOWS\System32\WS2_32.dll
0x00007ff86c480000 - 0x00007ff86c4de000 	C:\WINDOWS\SYSTEM32\POWRPROF.dll
0x00007ff861790000 - 0x00007ff86179b000 	C:\WINDOWS\SYSTEM32\VERSION.dll
0x00007ff85f580000 - 0x00007ff85f5b6000 	C:\WINDOWS\SYSTEM32\WINMM.dll
0x00007ff86c460000 - 0x00007ff86c475000 	C:\WINDOWS\SYSTEM32\UMPDC.dll
0x00007ff86b900000 - 0x00007ff86b91b000 	C:\WINDOWS\SYSTEM32\kernel.appcore.dll
0x00007ff85ba30000 - 0x00007ff85ba3a000 	C:\Program Files\Android\Android Studio\jbr\bin\jimage.dll
0x00007ff86a190000 - 0x00007ff86a3d2000 	C:\WINDOWS\SYSTEM32\DBGHELP.DLL
0x00007ff86dae0000 - 0x00007ff86de65000 	C:\WINDOWS\System32\combase.dll
0x00007ff86e790000 - 0x00007ff86e869000 	C:\WINDOWS\System32\OLEAUT32.dll
0x00007ff844ab0000 - 0x00007ff844aeb000 	C:\WINDOWS\SYSTEM32\dbgcore.DLL
0x00007ff86d5f0000 - 0x00007ff86d69c000 	C:\WINDOWS\System32\bcryptPrimitives.dll
0x00007ff8458b0000 - 0x00007ff8458be000 	C:\Program Files\Android\Android Studio\jbr\bin\instrument.dll
0x00007ff83b120000 - 0x00007ff83b13f000 	C:\Program Files\Android\Android Studio\jbr\bin\java.dll
0x00007ff86f5d0000 - 0x00007ff86f769000 	C:\WINDOWS\System32\ole32.dll
0x00007ff86e9e0000 - 0x00007ff86f168000 	C:\WINDOWS\System32\SHELL32.dll
0x00007ff83a110000 - 0x00007ff83a127000 	C:\Program Files\Android\Android Studio\jbr\bin\zip.dll
0x00007ff86a6c0000 - 0x00007ff86af5b000 	C:\WINDOWS\SYSTEM32\windows.storage.dll
0x00007ff86d770000 - 0x00007ff86d869000 	C:\WINDOWS\System32\SHCORE.dll
0x00007ff86e030000 - 0x00007ff86e096000 	C:\WINDOWS\System32\shlwapi.dll
0x00007ff86cb70000 - 0x00007ff86cb99000 	C:\WINDOWS\SYSTEM32\profapi.dll
0x00007ff851410000 - 0x00007ff851420000 	C:\Program Files\Android\Android Studio\jbr\bin\net.dll
0x00007ff86be90000 - 0x00007ff86befc000 	C:\WINDOWS\system32\mswsock.dll
0x00007ff834560000 - 0x00007ff834576000 	C:\Program Files\Android\Android Studio\jbr\bin\nio.dll
0x00007ff8445c0000 - 0x00007ff8445d0000 	C:\Program Files\Android\Android Studio\jbr\bin\verify.dll
0x00007ff849600000 - 0x00007ff849627000 	D:\gradle\native\660c5614fbf4a5f2a75b1949f50a0caf5cd603558e7d8a26e50b933a0cfb79d1\windows-amd64\native-platform.dll
0x00007ff82c710000 - 0x00007ff82c787000 	D:\gradle\native\0.2.8\x86_64-windows-gnu\gradle-fileevents.dll
0x00007ff849320000 - 0x00007ff849329000 	C:\Program Files\Android\Android Studio\jbr\bin\management.dll
0x00007ff845c70000 - 0x00007ff845c7b000 	C:\Program Files\Android\Android Studio\jbr\bin\management_ext.dll
0x00007ff86f770000 - 0x00007ff86f778000 	C:\WINDOWS\System32\PSAPI.DLL
0x00007ff86b400000 - 0x00007ff86b433000 	C:\WINDOWS\SYSTEM32\IPHLPAPI.DLL
0x00007ff86f510000 - 0x00007ff86f51a000 	C:\WINDOWS\System32\NSI.dll
0x00007ff84aa90000 - 0x00007ff84aa99000 	C:\Program Files\Android\Android Studio\jbr\bin\extnet.dll
0x00007ff86c2b0000 - 0x00007ff86c2cb000 	C:\WINDOWS\SYSTEM32\CRYPTSP.dll
0x00007ff86b860000 - 0x00007ff86b899000 	C:\WINDOWS\system32\rsaenh.dll
0x00007ff86bf40000 - 0x00007ff86bf72000 	C:\WINDOWS\SYSTEM32\USERENV.dll
0x00007ff86cb40000 - 0x00007ff86cb6a000 	C:\WINDOWS\SYSTEM32\bcrypt.dll
0x00007ff86c0f0000 - 0x00007ff86c0fc000 	C:\WINDOWS\SYSTEM32\CRYPTBASE.dll
0x00007ff826d90000 - 0x00007ff826d98000 	C:\WINDOWS\system32\wshunix.dll

JVMTI agents:
D:\gradle\wrapper\dists\gradle-9.5.0-bin\bvnork1r7n8i6kp5cnkibsc9q\gradle-9.5.0\lib\agents\gradle-instrumentation-agent-9.5.0.jar path:C:\Program Files\Android\Android Studio\jbr\bin\instrument.dll, loaded, initialized, instrumentlib options:none

dbghelp: loaded successfully - version: 4.0.5 - missing functions: none
symbol engine: initialized successfully - sym options: 0x614 - pdb path: .;C:\Program Files\Android\Android Studio\jbr\bin;C:\WINDOWS\SYSTEM32;C:\WINDOWS\WinSxS\amd64_microsoft.windows.common-controls_6595b64144ccf1df_6.0.26100.8972_none_3e0da176e32f9d4b;C:\Program Files\Android\Android Studio\jbr\bin\server;D:\gradle\native\660c5614fbf4a5f2a75b1949f50a0caf5cd603558e7d8a26e50b933a0cfb79d1\windows-amd64;D:\gradle\native\0.2.8\x86_64-windows-gnu

VM Arguments:
jvm_args: --add-opens=java.base/java.lang=ALL-UNNAMED --add-opens=java.base/java.lang.invoke=ALL-UNNAMED --add-opens=java.base/java.util=ALL-UNNAMED --add-opens=java.prefs/java.util.prefs=ALL-UNNAMED --add-exports=jdk.compiler/com.sun.tools.javac.api=ALL-UNNAMED --add-exports=jdk.compiler/com.sun.tools.javac.util=ALL-UNNAMED --add-opens=java.base/java.nio.charset=ALL-UNNAMED --add-opens=java.base/java.net=ALL-UNNAMED --add-opens=java.base/java.util.concurrent=ALL-UNNAMED --add-opens=java.base/java.util.concurrent.atomic=ALL-UNNAMED --add-opens=java.xml/javax.xml.namespace=ALL-UNNAMED --add-opens=java.base/java.time=ALL-UNNAMED --enable-native-access=ALL-UNNAMED -XX:+UseSerialGC -Xmx512m -Dfile.encoding=UTF-8 -Duser.country=RU -Duser.language=ru -Duser.variant -javaagent:D:\gradle\wrapper\dists\gradle-9.5.0-bin\bvnork1r7n8i6kp5cnkibsc9q\gradle-9.5.0\lib\agents\gradle-instrumentation-agent-9.5.0.jar 
java_command: org.gradle.launcher.daemon.bootstrap.GradleDaemon 9.5.0
java_class_path (initial): D:\gradle\wrapper\dists\gradle-9.5.0-bin\bvnork1r7n8i6kp5cnkibsc9q\gradle-9.5.0\lib\gradle-daemon-main-9.5.0.jar
Launcher Type: SUN_STANDARD

[Global flags]
     intx CICompilerCount                          = 4                                         {product} {ergonomic}
   size_t InitialHeapSize                          = 264241152                                 {product} {ergonomic}
   size_t MaxHeapSize                              = 536870912                                 {product} {command line}
   size_t MaxNewSize                               = 178913280                                 {product} {ergonomic}
   size_t MinHeapDeltaBytes                        = 196608                                    {product} {ergonomic}
   size_t MinHeapSize                              = 8388608                                   {product} {ergonomic}
   size_t NewSize                                  = 88080384                                  {product} {ergonomic}
    uintx NonNMethodCodeHeapSize                   = 5832704                                {pd product} {ergonomic}
    uintx NonProfiledCodeHeapSize                  = 122945536                              {pd product} {ergonomic}
    uintx ProfiledCodeHeapSize                     = 122880000                              {pd product} {ergonomic}
    uintx ReservedCodeCacheSize                    = 251658240                              {pd product} {ergonomic}
     bool SegmentedCodeCache                       = true                                      {product} {ergonomic}
   size_t SoftMaxHeapSize                          = 536870912                              {manageable} {ergonomic}
     bool UseCompressedOops                        = true                           {product lp64_product} {ergonomic}
     bool UseLargePagesIndividualAllocation        = false                                  {pd product} {ergonomic}
     bool UseSerialGC                              = true                                      {product} {command line}

Logging:
Log output configuration:
 #0: stdout all=warning uptime,level,tags foldmultilines=false
 #1: stderr all=off uptime,level,tags foldmultilines=false

Release file:
JAVA_VERSION="25.0.2" 
MODULES="java.base java.compiler java.datatransfer java.xml java.prefs java.desktop java.instrument java.logging java.management java.security.sasl java.naming java.rmi java.management.rmi java.net.http java.scripting java.security.jgss java.transaction.xa java.sql java.sql.rowset java.xml.crypto java.se java.smartcardio jdk.accessibility jdk.internal.jvmstat jdk.attach jdk.charsets jdk.internal.opt jdk.zipfs jdk.compiler jdk.crypto.cryptoki jdk.crypto.ec jdk.dynalink jdk.hotspot.agent jdk.httpserver jdk.internal.ed jdk.internal.le jdk.internal.md jdk.internal.vm.ci jdk.jartool jdk.javadoc jdk.jcmd jdk.jdeps jdk.jdwp.agent jdk.jdi jdk.jfr jdk.jlink jdk.localedata jdk.management jdk.management.agent jdk.management.jfr jdk.naming.dns jdk.naming.rmi jdk.net jdk.sctp jdk.security.auth jdk.security.jgss jdk.unsupported jdk.unsupported.desktop jdk.xml.dom" 
IMPLEMENTOR="JetBrains s.r.o." 
JAVA_RUNTIME_VERSION="25.0.2+-15348964-b329.117" 
LIBC="default" 
OS_ARCH="x86_64" 
OS_NAME="Windows" 
SOURCE=".:git:3cf398e84a39" 

Environment Variables:
PATH=C:\Program Files\Eclipse Adoptium\jdk-17.0.20.8-hotspot\bin;C:\Program Files\Eclipse Adoptium\jdk-25.0.4.7-hotspot\bin;c:\cursor\resources\app\bin;C:\Python313\Scripts\;C:\Python313\;C:\Program Files (x86)\Embarcadero\Studio\23.0\bin;C:\Users\Public\Documents\Embarcadero\Studio\23.0\Bpl;C:\Program Files (x86)\Embarcadero\Studio\23.0\bin64;C:\Users\Public\Documents\Embarcadero\Studio\23.0\Bpl\Win64;C:\Windows\system32;C:\Windows;C:\Windows\System32\Wbem;C:\Windows\System32\WindowsPowerShell\v1.0\;C:\Windows\System32\OpenSSH\;C:\Program Files\dotnet\;c:\Program Files (x86)\Microsoft SQL Server\100\Tools\Binn\;c:\Program Files (x86)\Microsoft SQL Server\100\DTS\Binn\;c:\Program Files (x86)\Microsoft SQL Server\100\Tools\Binn\VSShell\Common7\IDE\;C:\Program Files (x86)\NVIDIA Corporation\PhysX\Common;C:\Program Files\NVIDIA Corporation\NVIDIA app\NvDLISR;C:\WINDOWS\system32;C:\WINDOWS;C:\WINDOWS\System32\Wbem;C:\WINDOWS\System32\WindowsPowerShell\v1.0\;C:\WINDOWS\System32\OpenSSH\;C:\Program Files (x86)\Windows Kits\10\Windows Performance Toolkit\;C:\Program Files\nodejs\;C:\ProgramData\chocolatey\bin;C:\;C:\Program Files\Git\cmd;C:\Program Files (x86)\NoteBook FanControl\;C:\Users\sdenm\AppData\Local\Programs\Python\Python314\Scripts\;C:\Users\sdenm\AppData\Local\Programs\Python\Python314\;C:\Python\Scripts\;C:\Python\;C:\Users\sdenm\AppData\Local\Programs\Python\Python312\Scripts\;C:\Users\sdenm\AppData\Local\Programs\Python\Python312\;C:\Users\sdenm\AppData\Local\Microsoft\WindowsApps;C:\Users\sdenm\AppData\Local\Programs\Microsoft VS Code\bin;C:\Users\sdenm\AppData\Local\GitHubDesktop\bin;C:\Users\sdenm\AppData\Roaming\npm;C:\cursor\resources\app\bin;C:\Users\sdenm\.dotnet\tools
USERNAME=sdenm
OS=Windows_NT
PROCESSOR_IDENTIFIER=Intel64 Family 6 Model 140 Stepping 1, GenuineIntel
TMP=C:\Users\sdenm\AppData\Local\Temp
TEMP=C:\Users\sdenm\AppData\Local\Temp




Compilation memory statistics disabled.

Periodic native trim disabled

JNI global refs:
JNI global refs: 25, weak refs: 2

JNI global refs memory usage: 835, weak refs: 833

Process memory usage:
Resident Set Size: 412292K (2% of 16459644K total physical memory with 4563276K free physical memory)

OOME stack traces (most recent first):
Classloader memory used:
Loader org.gradle.internal.classloader.VisitableURLClassLoader                         : 39123 K
Loader bootstrap                                                                       : 25180 K
Loader org.gradle.initialization.MixInLegacyTypesClassLoader                           : 11407 K
Loader org.gradle.internal.classloader.VisitableURLClassLoader$InstrumentingVisitableURLClassLoader: 8844 K
Loader org.gradle.internal.classloader.VisitableURLClassLoader                         : 1006 K
Loader jdk.internal.loader.ClassLoaders$AppClassLoader                                 : 185 K
Loader jdk.internal.loader.ClassLoaders$PlatformClassLoader                            : 145 K
Loader org.gradle.groovy.scripts.internal.DefaultScriptCompilationHandler$ScriptClassLoader: 89008 B

Classes loaded by more than one classloader:
Class Program                                                                         : loaded 4 times (x 76B)
Class com.google.common.collect.PeekingIterator                                       : loaded 3 times (x 72B)
Class com.google.common.base.Preconditions                                            : loaded 3 times (x 73B)
Class org.gradle.internal.IoActions                                                   : loaded 3 times (x 73B)
Class org.gradle.api.GradleException                                                  : loaded 3 times (x 84B)
Class org.gradle.api.Action                                                           : loaded 3 times (x 72B)
Class org.gradle.internal.Cast                                                        : loaded 3 times (x 73B)
Class com.google.common.collect.ImmutableList                                         : loaded 3 times (x 208B)
Class com.google.common.collect.Iterators$9                                           : loaded 3 times (x 83B)
Class com.google.common.collect.Lists                                                 : loaded 3 times (x 73B)
Class com.google.common.collect.ImmutableCollection                                   : loaded 3 times (x 127B)
Class com.google.common.collect.Iterators$5                                           : loaded 3 times (x 84B)
Class com.google.common.collect.Iterators$4                                           : loaded 3 times (x 84B)
Class com.google.common.collect.Iterators$1                                           : loaded 3 times (x 83B)
Class com.google.common.collect.Iterators$MergingIterator                             : loaded 3 times (x 83B)
Class com.google.common.collect.UnmodifiableListIterator                              : loaded 3 times (x 97B)
Class com.google.common.collect.AbstractIndexedListIterator                           : loaded 3 times (x 98B)
Class com.google.common.collect.AbstractIterator                                      : loaded 3 times (x 84B)
Class com.google.common.collect.Lists$StringAsImmutableList                           : loaded 3 times (x 209B)
Class com.google.common.collect.Iterators                                             : loaded 3 times (x 73B)
Class com.google.common.collect.UnmodifiableIterator                                  : loaded 3 times (x 82B)
Class com.google.common.collect.Iterators$ArrayItr                                    : loaded 3 times (x 99B)
Class com.google.common.base.CharMatcher$None                                         : loaded 2 times (x 114B)
Class kotlin.collections.AbstractList$Companion                                       : loaded 2 times (x 73B)
Class [Lcom.google.common.collect.ImmutableMapEntry;                                  : loaded 2 times (x 71B)
Class com.google.common.collect.ImmutableEnumMap                                      : loaded 2 times (x 127B)
Class com.google.common.collect.ListMultimap                                          : loaded 2 times (x 72B)
Class org.gradle.tooling.internal.gradle.DefaultProjectIdentifier                     : loaded 2 times (x 88B)
Class com.google.common.collect.Sets$1                                                : loaded 2 times (x 141B)
Class org.objectweb.asm.AnnotationVisitor                                             : loaded 2 times (x 80B)
Class com.google.common.base.Splitter                                                 : loaded 2 times (x 74B)
Class org.gradle.api.internal.DefaultClassPathProvider                                : loaded 2 times (x 78B)
Class com.google.common.collect.Sets$2                                                : loaded 2 times (x 141B)
Class [Lorg.gradle.api.internal.ClassPathProvider;                                    : loaded 2 times (x 71B)
Class org.gradle.api.internal.ClassPathProvider                                       : loaded 2 times (x 72B)
Class [Lorg.objectweb.asm.AnnotationVisitor;                                          : loaded 2 times (x 71B)
Class com.google.common.collect.Sets$3                                                : loaded 2 times (x 141B)
Class com.google.common.cache.LocalCache$LocalLoadingCache                            : loaded 2 times (x 136B)
Class com.google.common.base.AbstractIterator$State                                   : loaded 2 times (x 81B)
Class org.gradle.internal.service.UnknownServiceException                             : loaded 2 times (x 85B)
Class com.google.common.collect.Sets$4                                                : loaded 2 times (x 141B)
Class org.objectweb.asm.ModuleVisitor                                                 : loaded 2 times (x 83B)
Class com.google.common.cache.LocalCache$Strength$1                                   : loaded 2 times (x 83B)
Class com.google.common.util.concurrent.SettableFuture                                : loaded 2 times (x 116B)
Class com.google.common.cache.LocalCache$Strength$2                                   : loaded 2 times (x 83B)
Class com.google.common.cache.LocalCache$Strength$3                                   : loaded 2 times (x 83B)
Class com.google.common.collect.MapDifference                                         : loaded 2 times (x 72B)
Class com.google.common.base.Splitter$1                                               : loaded 2 times (x 79B)
Class org.objectweb.asm.FieldWriter                                                   : loaded 2 times (x 79B)
Class com.google.common.cache.CacheBuilder$NullListener                               : loaded 2 times (x 84B)
Class ijInit1_e44lle423e2omyh79xcqyj93a$_run_closure1                                 : loaded 2 times (x 141B)
Class org.gradle.internal.classpath.TransformedClassPath                              : loaded 2 times (x 98B)
Class org.gradle.internal.classloader.InstrumentingClassLoader                        : loaded 2 times (x 72B)
Class com.google.common.cache.CacheLoader$FunctionToCacheLoader                       : loaded 2 times (x 77B)
Class org.gradle.internal.classloader.DefaultClassLoaderFactory                       : loaded 2 times (x 84B)
Class com.google.common.collect.ImmutableCollection$Builder                           : loaded 2 times (x 78B)
Class kotlin.enums.EnumEntriesList                                                    : loaded 2 times (x 225B)
Class com.google.common.base.MoreObjects                                              : loaded 2 times (x 73B)
Class [Lorg.objectweb.asm.Type;                                                       : loaded 2 times (x 71B)
Class com.google.common.collect.Platform                                              : loaded 2 times (x 73B)
Class com.google.common.base.Platform$JdkPatternCompiler                              : loaded 2 times (x 77B)
Class sync_studio_tooling1276_8w83srniaj9s59rdfex0320kv                               : loaded 2 times (x 173B)
Class org.gradle.internal.service.ServiceLocator                                      : loaded 2 times (x 72B)
Class com.google.common.base.Ascii                                                    : loaded 2 times (x 73B)
Class com.google.common.collect.SingletonImmutableBiMap                               : loaded 2 times (x 145B)
Class com.google.common.cache.LocalCache$1                                            : loaded 2 times (x 91B)
Class com.google.common.collect.AbstractMapEntry                                      : loaded 2 times (x 83B)
Class com.intellij.gradle.toolingExtension.util.GradleVersionUtil                     : loaded 2 times (x 73B)
Class com.google.common.collect.Iterators$SingletonIterator                           : loaded 2 times (x 83B)
Class org.gradle.tooling.model.UnsupportedMethodException                             : loaded 2 times (x 84B)
Class com.google.common.cache.LocalCache$2                                            : loaded 2 times (x 144B)
Class com.google.common.collect.AbstractMultimap                                      : loaded 2 times (x 125B)
Class com.google.common.collect.RegularImmutableAsList                                : loaded 2 times (x 218B)
Class com.google.common.util.concurrent.AbstractFuture$Trusted                        : loaded 2 times (x 72B)
Class com.google.common.base.Suppliers                                                : loaded 2 times (x 73B)
Class com.google.common.util.concurrent.UncheckedExecutionException                   : loaded 2 times (x 84B)
Class [Lcom.google.common.cache.CacheBuilder$OneWeigher;                              : loaded 2 times (x 71B)
Class org.objectweb.asm.ClassWriter                                                   : loaded 2 times (x 107B)
Class com.google.common.cache.CacheLoader$UnsupportedLoadingOperationException        : loaded 2 times (x 84B)
Class com.google.common.base.CharMatcher$And                                          : loaded 2 times (x 114B)
Class org.gradle.internal.time.DefaultTimer                                           : loaded 2 times (x 82B)
Class org.objectweb.asm.FieldVisitor                                                  : loaded 2 times (x 79B)
Class com.google.common.collect.IndexedImmutableSet                                   : loaded 2 times (x 152B)
Class com.google.common.collect.ImmutableMap$1                                        : loaded 2 times (x 83B)
Class com.google.common.collect.BiMap                                                 : loaded 2 times (x 72B)
Class org.gradle.api.internal.classpath.DefaultModuleRegistry$DefaultModule           : loaded 2 times (x 84B)
Class com.google.common.primitives.Ints                                               : loaded 2 times (x 73B)
Class org.objectweb.asm.MethodTooLargeException                                       : loaded 2 times (x 84B)
Class com.google.common.math.MathPreconditions                                        : loaded 2 times (x 73B)
Class com.google.common.collect.Multiset                                              : loaded 2 times (x 72B)
Class com.google.common.collect.ArrayListMultimapGwtSerializationDependencies         : loaded 2 times (x 173B)
Class com.google.common.collect.ObjectArrays                                          : loaded 2 times (x 73B)
Class org.gradle.internal.operations.MultipleBuildOperationFailures                   : loaded 2 times (x 97B)
Class org.gradle.internal.time.DefaultCountdownTimer                                  : loaded 2 times (x 90B)
Class com.google.common.collect.ImmutableMapEntrySet                                  : loaded 2 times (x 153B)
Class org.gradle.tooling.internal.gradle.DefaultBuildIdentifier                       : loaded 2 times (x 81B)
Class org.gradle.api.internal.classpath.Module                                        : loaded 2 times (x 72B)
Class com.google.common.cache.Weigher                                                 : loaded 2 times (x 72B)
Class org.gradle.api.internal.classpath.UnknownModuleException                        : loaded 2 times (x 84B)
Class com.google.common.base.Stopwatch                                                : loaded 2 times (x 74B)
Class com.google.common.cache.LocalCache$Strength                                     : loaded 2 times (x 83B)
Class com.google.common.cache.Cache                                                   : loaded 2 times (x 72B)
Class com.google.common.util.concurrent.AbstractFuture$Cancellation                   : loaded 2 times (x 74B)
Class com.google.common.collect.ImmutableMap$Builder                                  : loaded 2 times (x 84B)
Class com.google.common.base.NullnessCasts                                            : loaded 2 times (x 73B)
Class com.google.common.cache.RemovalListener                                         : loaded 2 times (x 72B)
Class org.gradle.tooling.internal.gradle.GradleProjectIdentity                        : loaded 2 times (x 72B)
Class org.gradle.api.internal.DefaultClassPathRegistry                                : loaded 2 times (x 78B)
Class com.google.common.primitives.IntsMethodsForWeb                                  : loaded 2 times (x 73B)
Class com.google.common.collect.Multimap                                              : loaded 2 times (x 72B)
Class org.gradle.internal.classpath.DefaultClassPath$ImmutableUniqueList              : loaded 2 times (x 201B)
Class org.gradle.api.internal.ClassPathRegistry                                       : loaded 2 times (x 72B)
Class com.google.common.cache.CacheBuilder                                            : loaded 2 times (x 74B)
Class com.google.common.collect.SingletonImmutableList                                : loaded 2 times (x 209B)
Class org.objectweb.asm.ClassVisitor                                                  : loaded 2 times (x 90B)
Class Settings_gradle$1                                                               : loaded 2 times (x 76B)
Class org.gradle.internal.classpath.ClassPath                                         : loaded 2 times (x 72B)
Class com.google.common.collect.ImmutableList$ReverseImmutableList                    : loaded 2 times (x 210B)
Class com.google.common.base.JdkPattern                                               : loaded 2 times (x 77B)
Class org.objectweb.asm.SymbolTable$Entry                                             : loaded 2 times (x 75B)
Class org.gradle.api.internal.classpath.DefaultModuleRegistry$DefaultModuleAlias      : loaded 2 times (x 82B)
Class org.objectweb.asm.Edge                                                          : loaded 2 times (x 74B)
Class com.google.common.base.Suppliers$SupplierOfInstance                             : loaded 2 times (x 81B)
Class [Lorg.objectweb.asm.Symbol;                                                     : loaded 2 times (x 71B)
Class org.gradle.tooling.model.Model                                                  : loaded 2 times (x 72B)
Class com.google.common.cache.LocalCache$ComputingValueReference                      : loaded 2 times (x 98B)
Class com.google.common.collect.SingletonImmutableSet                                 : loaded 2 times (x 148B)
Class com.google.common.collect.ImmutableMap$IteratorBasedImmutableMap                : loaded 2 times (x 127B)
Class kotlin.UninitializedPropertyAccessException                                     : loaded 2 times (x 84B)
Class com.google.common.cache.LocalCache$Segment                                      : loaded 2 times (x 155B)
Class [Lorg.objectweb.asm.SymbolTable$Entry;                                          : loaded 2 times (x 71B)
Class com.google.common.cache.CacheLoader                                             : loaded 2 times (x 76B)
Class com.google.common.collect.ImmutableMap$MapViewOfValuesAsSingletonSets           : loaded 2 times (x 127B)
Class com.google.common.collect.ImmutableBiMap                                        : loaded 2 times (x 145B)
Class com.google.common.collect.AbstractListMultimap                                  : loaded 2 times (x 173B)
Class org.gradle.api.internal.classpath.ModuleRegistry                                : loaded 2 times (x 72B)
Class org.gradle.internal.installation.GradleInstallation$1                           : loaded 2 times (x 77B)
Class com.google.common.util.concurrent.internal.InternalFutureFailureAccess          : loaded 2 times (x 74B)
Class com.google.common.collect.RegularImmutableMap                                   : loaded 2 times (x 122B)
Class com.google.common.collect.ImmutableSet$JdkBackedSetBuilderImpl                  : loaded 2 times (x 78B)
Class com.google.common.base.Splitter$SplittingIterator                               : loaded 2 times (x 85B)
Class com.google.common.cache.LocalCache$LocalManualCache$1                           : loaded 2 times (x 77B)
Class com.google.common.base.CharMatcher$ForPredicate                                 : loaded 2 times (x 114B)
Class com.google.common.collect.ImmutableList$1                                       : loaded 2 times (x 99B)
Class com.google.common.base.CharMatcher$AnyOf                                        : loaded 2 times (x 114B)
Class org.gradle.tooling.model.idea.BasicIdeaProject                                  : loaded 2 times (x 72B)
Class org.gradle.api.internal.classpath.DefaultModuleRegistry                         : loaded 2 times (x 86B)
Class com.google.common.util.concurrent.ListenableFuture                              : loaded 2 times (x 72B)
Class com.google.common.cache.ReferenceEntry                                          : loaded 2 times (x 72B)
Class com.google.common.collect.ImmutableSet$CachingAsList                            : loaded 2 times (x 149B)
Class com.google.common.base.Converter                                                : loaded 2 times (x 92B)
Class com.google.common.util.concurrent.ExecutionError                                : loaded 2 times (x 84B)
Class com.google.common.util.concurrent.AbstractFuture                                : loaded 2 times (x 108B)
Class com.google.common.base.FunctionalEquivalence                                    : loaded 2 times (x 85B)
Class com.google.common.collect.ImmutableEnumSet                                      : loaded 2 times (x 148B)
Class com.google.common.collect.AbstractMapBasedMultimap                              : loaded 2 times (x 140B)
Class com.google.common.collect.ImmutableAsList                                       : loaded 2 times (x 211B)
Class org.gradle.internal.classloader.ClassLoaderHierarchy                            : loaded 2 times (x 72B)
Class com.google.common.cache.CacheLoader$SupplierToCacheLoader                       : loaded 2 times (x 77B)
Class org.gradle.tooling.model.GradleProject                                          : loaded 2 times (x 72B)
Class org.gradle.internal.time.MonotonicClock                                         : loaded 2 times (x 79B)
Class org.gradle.internal.service.ServiceLookupException                              : loaded 2 times (x 84B)
Class [Lcom.google.common.cache.LocalCache$EntryFactory;                              : loaded 2 times (x 71B)
Class org.gradle.internal.classloader.ClassLoaderFactory                              : loaded 2 times (x 72B)
Class com.google.common.cache.LocalCache$LocalManualCache                             : loaded 2 times (x 101B)
Class com.google.common.base.CharMatcher$IsNot                                        : loaded 2 times (x 113B)
Class com.google.common.base.CommonPattern                                            : loaded 2 times (x 76B)
Class org.gradle.internal.service.CachingServiceLocator                               : loaded 2 times (x 84B)
Class com.google.common.math.IntMath                                                  : loaded 2 times (x 73B)
Class com.google.common.collect.ImmutableMapEntry                                     : loaded 2 times (x 87B)
Class org.gradle.internal.time.TimeSource                                             : loaded 2 times (x 72B)
Class com.google.common.base.Equivalence                                              : loaded 2 times (x 84B)
Class com.google.common.collect.ImmutableMapEntry$NonTerminalImmutableMapEntry        : loaded 2 times (x 87B)
Class com.google.common.base.Function                                                 : loaded 2 times (x 72B)
Class org.gradle.tooling.internal.gradle.GradleBuildIdentity                          : loaded 2 times (x 72B)
Class kotlin.enums.EnumEntries                                                        : loaded 2 times (x 72B)
Class com.google.common.cache.CacheBuilder$OneWeigher                                 : loaded 2 times (x 84B)
Class com.google.common.collect.RegularImmutableList                                  : loaded 2 times (x 214B)
Class org.gradle.internal.exceptions.ResolutionProvider                               : loaded 2 times (x 72B)
Class org.gradle.tooling.model.ProjectIdentifier                                      : loaded 2 times (x 72B)
Class org.gradle.internal.classloader.ClasspathUtil                                   : loaded 2 times (x 73B)
Class com.google.common.util.concurrent.Uninterruptibles                              : loaded 2 times (x 73B)
Class com.google.common.collect.Maps                                                  : loaded 2 times (x 73B)
Class org.gradle.internal.time.TimeSource$1                                           : loaded 2 times (x 79B)
Class kotlin.jvm.internal.DefaultConstructorMarker                                    : loaded 2 times (x 73B)
Class org.gradle.api.specs.Spec                                                       : loaded 2 times (x 72B)
Class [Lcom.google.common.collect.ImmutableEntry;                                     : loaded 2 times (x 71B)
Class com.google.common.cache.LocalCache$LoadingValueReference                        : loaded 2 times (x 98B)
Class com.google.common.base.Platform                                                 : loaded 2 times (x 73B)
Class com.intellij.gradle.toolingExtension.impl.model.utilDummyModel.DummyModel       : loaded 2 times (x 72B)
Class org.gradle.internal.time.Clock                                                  : loaded 2 times (x 72B)
Class org.gradle.tooling.model.BuildModel                                             : loaded 2 times (x 72B)
Class [Lorg.objectweb.asm.AnnotationWriter;                                           : loaded 2 times (x 71B)
Class com.google.common.collect.Maps$8                                                : loaded 2 times (x 84B)
Class ijInit1_e44lle423e2omyh79xcqyj93a                                               : loaded 2 times (x 173B)
Class org.gradle.tooling.model.Element                                                : loaded 2 times (x 72B)
Class kotlin.collections.AbstractList                                                 : loaded 2 times (x 199B)
Class kotlin.collections.AbstractCollection                                           : loaded 2 times (x 119B)
Class com.google.common.collect.Sets$SetView                                          : loaded 2 times (x 140B)
Class com.google.common.cache.LocalCache$StrongValueReference                         : loaded 2 times (x 92B)
Class org.objectweb.asm.Type                                                          : loaded 2 times (x 74B)
Class org.gradle.internal.classloader.VisitableURLClassLoader$InstrumentingVisitableURLClassLoader: loaded 2 times (x 124B)
Class org.objectweb.asm.ByteVector                                                    : loaded 2 times (x 81B)
Class [Lcom.google.common.cache.CacheBuilder$NullListener;                            : loaded 2 times (x 71B)
Class com.google.common.math.IntMath$1                                                : loaded 2 times (x 73B)
Class org.gradle.internal.classloader.VisitableURLClassLoader$Spec                    : loaded 2 times (x 76B)
Class org.gradle.internal.classpath.DefaultClassPath                                  : loaded 2 times (x 92B)
Class org.objectweb.asm.Symbol                                                        : loaded 2 times (x 75B)
Class com.google.common.base.AbstractIterator                                         : loaded 2 times (x 82B)
Class org.gradle.util.internal.DefaultGradleVersion                                   : loaded 2 times (x 84B)
Class com.google.common.collect.RegularImmutableMap$Values                            : loaded 2 times (x 209B)
Class com.google.common.collect.ImmutableSet                                          : loaded 2 times (x 147B)
Class com.google.common.base.CharMatcher$BitSetMatcher                                : loaded 2 times (x 114B)
Class org.gradle.internal.classloader.ClassLoaderSpec                                 : loaded 2 times (x 73B)
Class org.objectweb.asm.AnnotationWriter                                              : loaded 2 times (x 80B)
Class com.google.common.cache.CacheStats                                              : loaded 2 times (x 73B)
Class org.objectweb.asm.RecordComponentWriter                                         : loaded 2 times (x 79B)
Class com.google.common.util.concurrent.AbstractFuture$Listener                       : loaded 2 times (x 74B)
Class com.google.common.base.CharMatcher$Or                                           : loaded 2 times (x 114B)
Class Settings_gradle$1$1                                                             : loaded 2 times (x 76B)
Class org.gradle.api.internal.classpath.Module$ModuleAlias                            : loaded 2 times (x 72B)
Class org.objectweb.asm.Attribute                                                     : loaded 2 times (x 79B)
Class com.google.common.base.Supplier                                                 : loaded 2 times (x 72B)
Class org.gradle.internal.classloader.VisitableURLClassLoader                         : loaded 2 times (x 118B)
Class Settings_gradle                                                                 : loaded 2 times (x 126B)
Class sync_studio_tooling1276_8w83srniaj9s59rdfex0320kv$_run_closure1                 : loaded 2 times (x 140B)
Class com.google.common.base.CharMatcher$IsEither                                     : loaded 2 times (x 113B)
Class [Lcom.google.common.base.AbstractIterator$State;                                : loaded 2 times (x 71B)
Class org.gradle.tooling.model.eclipse.EclipseProject                                 : loaded 2 times (x 72B)
Class com.google.common.collect.Sets                                                  : loaded 2 times (x 73B)
Class org.objectweb.asm.Handler                                                       : loaded 2 times (x 74B)
Class com.google.common.base.Ticker                                                   : loaded 2 times (x 74B)
Class com.google.common.base.Strings                                                  : loaded 2 times (x 73B)
Class com.google.common.base.CharMatcher$FastMatcher                                  : loaded 2 times (x 113B)
Class [Lcom.google.common.cache.LocalCache$Segment;                                   : loaded 2 times (x 71B)
Class [Lcom.google.common.cache.LocalCache$Strength;                                  : loaded 2 times (x 71B)
Class com.google.common.cache.CacheBuilder$1                                          : loaded 2 times (x 87B)
Class com.google.common.collect.ImmutableMap                                          : loaded 2 times (x 122B)
Class com.google.common.base.Predicate                                                : loaded 2 times (x 72B)
Class org.gradle.internal.classpath.DefaultClassPath$ImmutableUniqueList$Builder      : loaded 2 times (x 77B)
Class com.google.common.cache.LocalCache                                              : loaded 2 times (x 188B)
Class com.google.common.cache.CacheBuilder$2                                          : loaded 2 times (x 74B)
Class com.google.common.base.CharMatcher$NegatedFastMatcher                           : loaded 2 times (x 115B)
Class [Lcom.google.common.collect.AbstractMapEntry;                                   : loaded 2 times (x 71B)
Class com.google.common.collect.ImmutableEntry                                        : loaded 2 times (x 84B)
Class com.google.common.collect.ArrayListMultimap                                     : loaded 2 times (x 173B)
Class org.gradle.internal.classloader.FilteringClassLoader                            : loaded 2 times (x 106B)
Class org.gradle.internal.exceptions.NonGradleCauseExceptionsHolder                   : loaded 2 times (x 72B)
Class com.google.common.collect.CollectPreconditions                                  : loaded 2 times (x 73B)
Class org.gradle.tooling.model.eclipse.HierarchicalEclipseProject                     : loaded 2 times (x 72B)
Class com.google.common.collect.SortedMapDifference                                   : loaded 2 times (x 72B)
Class com.google.common.cache.LocalCache$EntryFactory                                 : loaded 2 times (x 85B)
Class com.google.common.cache.LocalCache$AbstractReferenceEntry                       : loaded 2 times (x 109B)
Class com.google.common.base.CharMatcher$Whitespace                                   : loaded 2 times (x 114B)
Class kotlin.NotImplementedError                                                      : loaded 2 times (x 84B)
Class kotlin.enums.EnumEntriesKt                                                      : loaded 2 times (x 73B)
Class org.objectweb.asm.SymbolTable                                                   : loaded 2 times (x 74B)
Class com.google.common.cache.CacheLoader$InvalidCacheLoadException                   : loaded 2 times (x 84B)
Class com.google.common.collect.ImmutableSet$RegularSetBuilderImpl                    : loaded 2 times (x 78B)
Class com.google.common.cache.LocalCache$StrongEntry                                  : loaded 2 times (x 110B)
Class com.google.common.util.concurrent.AbstractFuture$TrustedFuture                  : loaded 2 times (x 116B)
Class com.google.common.cache.LoadingCache                                            : loaded 2 times (x 72B)
Class org.gradle.internal.exceptions.MultiCauseException                              : loaded 2 times (x 72B)
Class org.gradle.internal.time.CountdownTimer                                         : loaded 2 times (x 72B)
Class kotlin.jvm.internal.Intrinsics                                                  : loaded 2 times (x 73B)
Class org.objectweb.asm.MethodWriter                                                  : loaded 2 times (x 107B)
Class [Lcom.google.common.cache.Weigher;                                              : loaded 2 times (x 71B)
Class com.google.common.collect.RegularImmutableMap$BucketOverflowException           : loaded 2 times (x 84B)
Class org.gradle.tooling.model.ProjectModel                                           : loaded 2 times (x 72B)
Class org.gradle.tooling.model.gradle.GradleBuild                                     : loaded 2 times (x 72B)
Class kotlin.KotlinNullPointerException                                               : loaded 2 times (x 84B)
Class com.google.common.collect.RegularImmutableBiMap                                 : loaded 2 times (x 149B)
Class com.google.common.cache.LocalCache$ValueReference                               : loaded 2 times (x 72B)
Class com.google.common.base.CharMatcher$Negated                                      : loaded 2 times (x 115B)
Class com.google.common.base.CharMatcher$Is                                           : loaded 2 times (x 113B)
Class org.gradle.internal.exceptions.DefaultMultiCauseException                       : loaded 2 times (x 97B)
Class com.google.common.util.concurrent.AbstractFuture$Failure                        : loaded 2 times (x 74B)
Class com.google.common.base.Equivalence$Equals                                       : loaded 2 times (x 84B)
Class com.google.common.collect.Hashing                                               : loaded 2 times (x 73B)
Class com.google.common.base.PatternCompiler                                          : loaded 2 times (x 72B)
Class com.google.common.collect.RegularImmutableMap$KeySet                            : loaded 2 times (x 152B)
Class org.gradle.tooling.model.HierarchicalElement                                    : loaded 2 times (x 72B)
Class org.objectweb.asm.Label                                                         : loaded 2 times (x 75B)
Class org.objectweb.asm.CurrentFrame                                                  : loaded 2 times (x 75B)
Class org.objectweb.asm.ClassTooLargeException                                        : loaded 2 times (x 84B)
Class com.google.common.base.Equivalence$Identity                                     : loaded 2 times (x 84B)
Class com.google.common.base.CharMatcher                                              : loaded 2 times (x 113B)
Class org.gradle.internal.time.Time                                                   : loaded 2 times (x 73B)
Class org.objectweb.asm.Frame                                                         : loaded 2 times (x 75B)
Class org.objectweb.asm.MethodVisitor                                                 : loaded 2 times (x 107B)
Class com.google.common.cache.LocalCache$EntryFactory$1                               : loaded 2 times (x 85B)
Class [Lcom.google.common.cache.RemovalListener;                                      : loaded 2 times (x 71B)
Class com.google.common.base.CharMatcher$1                                            : loaded 2 times (x 115B)
Class com.google.common.base.CharMatcher$NamedFastMatcher                             : loaded 2 times (x 114B)
Class com.google.common.cache.LocalCache$EntryFactory$2                               : loaded 2 times (x 85B)
Class org.objectweb.asm.ModuleWriter                                                  : loaded 2 times (x 83B)
Class com.google.common.cache.LocalCache$EntryFactory$3                               : loaded 2 times (x 85B)
Class com.google.common.base.Ticker$1                                                 : loaded 2 times (x 74B)
Class com.google.common.collect.ImmutableMapEntrySet$RegularEntrySet                  : loaded 2 times (x 153B)
Class com.google.common.collect.Maps$BiMapConverter                                   : loaded 2 times (x 92B)
Class org.gradle.tooling.model.BuildIdentifier                                        : loaded 2 times (x 72B)
Class kotlin.NoWhenBranchMatchedException                                             : loaded 2 times (x 84B)
Class com.google.common.cache.LocalCache$EntryFactory$4                               : loaded 2 times (x 85B)
Class com.google.common.collect.ImmutableSet$Builder                                  : loaded 2 times (x 87B)
Class com.google.common.base.CharMatcher$InRange                                      : loaded 2 times (x 113B)
Class org.gradle.tooling.model.BuildableElement                                       : loaded 2 times (x 72B)
Class org.gradle.tooling.model.HasGradleProject                                       : loaded 2 times (x 72B)
Class com.google.common.cache.LocalCache$EntryFactory$5                               : loaded 2 times (x 85B)
Class com.google.common.cache.LocalCache$EntryFactory$6                               : loaded 2 times (x 85B)
Class org.gradle.internal.time.Timer                                                  : loaded 2 times (x 72B)
Class kotlin.jvm.internal.markers.KMappedMarker                                       : loaded 2 times (x 72B)
Class org.gradle.internal.installation.CurrentGradleInstallationLocator               : loaded 2 times (x 73B)
Class com.google.common.cache.LocalCache$EntryFactory$7                               : loaded 2 times (x 85B)
Class com.google.common.collect.ImmutableSet$EmptySetBuilderImpl                      : loaded 2 times (x 78B)
Class org.objectweb.asm.RecordComponentVisitor                                        : loaded 2 times (x 79B)
Class org.gradle.tooling.model.idea.IdeaProject                                       : loaded 2 times (x 72B)
Class org.gradle.internal.service.DefaultServiceLocator                               : loaded 2 times (x 85B)
Class com.google.common.cache.LocalCache$EntryFactory$8                               : loaded 2 times (x 85B)
Class com.google.common.collect.ImmutableSet$SetBuilderImpl                           : loaded 2 times (x 78B)
Class org.gradle.util.GradleVersion                                                   : loaded 2 times (x 83B)
Class org.gradle.internal.installation.CurrentGradleInstallation                      : loaded 2 times (x 75B)
Class com.google.common.cache.CacheLoader$1                                           : loaded 2 times (x 77B)
Class com.google.common.collect.ImmutableList$SubList                                 : loaded 2 times (x 210B)
Class org.gradle.tooling.model.gradle.ProjectPublications                             : loaded 2 times (x 72B)
Class org.gradle.util.internal.GUtil                                                  : loaded 2 times (x 73B)
Class com.google.common.cache.AbstractCache$StatsCounter                              : loaded 2 times (x 72B)
Class com.google.common.base.PairwiseEquivalence                                      : loaded 2 times (x 85B)
Class com.google.common.collect.RegularImmutableSet                                   : loaded 2 times (x 149B)
Class org.gradle.internal.installation.GradleInstallation                             : loaded 2 times (x 77B)
Class com.google.common.collect.Iterables                                             : loaded 2 times (x 73B)
Class com.google.common.base.Splitter$Strategy                                        : loaded 2 times (x 72B)

---------------  S Y S T E M  ---------------

OS:
 Windows 11 , 64 bit Build 26100 (10.0.26100.9168)
OS uptime: 0 days 0:57 hours
Hyper-V role detected

CPU: total 8 (initial active 8) (4 cores per cpu, 2 threads per core) family 6 model 140 stepping 1 microcode 0x86, cx8, cmov, fxsr, ht, mmx, 3dnowpref, sse, sse2, sse3, ssse3, sse4.1, sse4.2, popcnt, lzcnt, tsc, tscinvbit, avx, avx2, aes, erms, clmul, bmi1, bmi2, adx, avx512f, avx512dq, avx512cd, avx512bw, avx512vl, sha, fma, vzeroupper, avx512_vpopcntdq, avx512_vpclmulqdq, avx512_vaes, avx512_vnni, clflush, clflushopt, clwb, avx512_vbmi2, avx512_vbmi, hv, rdtscp, rdpid, fsrm, gfni, avx512_bitalg, f16c, cet_ibt, cet_ss, avx512_ifma
Processor Information for the first 8 processors :
  Max Mhz: 3110, Current Mhz: 3110, Mhz Limit: 3110

Memory: 4k page, system-wide physical 16073M (4455M free)
TotalPageFile size 16073M (AvailPageFile size 5M)
current process WorkingSet (physical memory assigned to process): 403M, peak: 403M
current process commit charge ("private bytes"): 466M, peak: 466M

vm_info: OpenJDK 64-Bit Server VM (25.0.2+-15348964-b329.117) for windows-amd64 JRE (25.0.2+-15348964-b329.117), built on 2026-05-05T18:25:19Z with MS VC++ 16.10 / 16.11 (VS2019)

END.
