#
# There is insufficient memory for the Java Runtime Environment to continue.
# Native memory allocation (malloc) failed to allocate 14266328 bytes. Error detail: Chunk::new
# Possible reasons:
#   The system is out of physical RAM or swap space
#   This process is running with CompressedOops enabled, and the Java Heap may be blocking the growth of the native heap
# Possible solutions:
#   Reduce memory load on the system
#   Increase physical memory or swap space
#   Check if swap backing store is full
#   Decrease Java heap size (-Xmx/-Xms)
#   Decrease number of Java threads
#   Decrease Java thread stack sizes (-Xss)
#   Set larger code cache with -XX:ReservedCodeCacheSize=
#   JVM is running with Unscaled Compressed Oops mode in which the Java heap is
#     placed in the first 4GB address space. The Java Heap base address is the
#     maximum limit for the native heap growth. Please use -XX:HeapBaseMinAddress
#     to set the Java Heap base and to place the Java Heap above 4GB virtual address.
# This output file may be truncated or incomplete.
#
#  Out of Memory Error (arena.cpp:186), pid=15992, tid=15284
#
# JRE version: OpenJDK Runtime Environment (25.0.2) (build 25.0.2+-15348964-b329.117)
# Java VM: OpenJDK 64-Bit Server VM (25.0.2+-15348964-b329.117, mixed mode, tiered, compressed oops, compressed class ptrs, g1 gc, windows-amd64)
# No core dump will be written. Minidumps are not enabled by default on client versions of Windows
#

---------------  S U M M A R Y ------------

Command Line: --add-opens=java.base/java.lang=ALL-UNNAMED --add-opens=java.base/java.lang.invoke=ALL-UNNAMED --add-opens=java.base/java.util=ALL-UNNAMED --add-opens=java.prefs/java.util.prefs=ALL-UNNAMED --add-exports=jdk.compiler/com.sun.tools.javac.api=ALL-UNNAMED --add-exports=jdk.compiler/com.sun.tools.javac.util=ALL-UNNAMED --add-opens=java.base/java.nio.charset=ALL-UNNAMED --add-opens=java.base/java.net=ALL-UNNAMED --add-opens=java.base/java.util.concurrent=ALL-UNNAMED --add-opens=java.base/java.util.concurrent.atomic=ALL-UNNAMED --add-opens=java.xml/javax.xml.namespace=ALL-UNNAMED --add-opens=java.base/java.time=ALL-UNNAMED --enable-native-access=ALL-UNNAMED -Xmx2048m -Dfile.encoding=UTF-8 -Duser.country=RU -Duser.language=ru -Duser.variant -javaagent:D:\gradle\wrapper\dists\gradle-9.5.0-bin\bvnork1r7n8i6kp5cnkibsc9q\gradle-9.5.0\lib\agents\gradle-instrumentation-agent-9.5.0.jar org.gradle.launcher.daemon.bootstrap.GradleDaemon 9.5.0

Host: 11th Gen Intel(R) Core(TM) i5-11300H @ 3.10GHz, 8 cores, 15G,  Windows 11 , 64 bit Build 26100 (10.0.26100.8972)
Time: Mon Aug 10 23:08:43 2026 elapsed time: 6.849104 seconds (0d 0h 0m 6s)

---------------  T H R E A D  ---------------

Current thread (0x000001f2671bf870):  JavaThread "C2 CompilerThread0" daemon [_thread_in_native, id=15284, stack(0x00000085e7100000,0x00000085e7200000) (1024K)]


Current CompileTask:
C2:6849 6546   !   4       sun.reflect.annotation.AnnotationParser::parseAnnotations (37 bytes)

Stack: [0x00000085e7100000,0x00000085e7200000]
Native frames: (J=compiled Java code, j=interpreted, Vv=VM code, C=native code)
V  [jvm.dll+0x7bd439]  (no source info available)
V  [jvm.dll+0x78763d]  (no source info available)
V  [jvm.dll+0xa0c885]  (no source info available)
V  [jvm.dll+0xa0ef04]  (no source info available)
V  [jvm.dll+0xa0f603]  (no source info available)
V  [jvm.dll+0x309bf6]  (no source info available)
V  [jvm.dll+0x10ea69]  (no source info available)
V  [jvm.dll+0x10ed92]  (no source info available)
V  [jvm.dll+0x1a9837]  (no source info available)
V  [jvm.dll+0x3bec92]  (no source info available)
V  [jvm.dll+0x7c2cb7]  (no source info available)
V  [jvm.dll+0x2ce046]  (no source info available)
V  [jvm.dll+0x2cd221]  (no source info available)
V  [jvm.dll+0x242ffa]  (no source info available)
V  [jvm.dll+0x2dcc05]  (no source info available)
V  [jvm.dll+0x2dae06]  (no source info available)
V  [jvm.dll+0x49b59e]  (no source info available)
V  [jvm.dll+0x9ab9c8]  (no source info available)
V  [jvm.dll+0x7bb985]  (no source info available)
C  [ucrtbase.dll+0x2cd30]  (no source info available)
C  [KERNEL32.DLL+0x2ccb7]  (no source info available)
C  [ntdll.dll+0xaad6c]  (no source info available)

Lock stack of current Java thread (top to bottom):


---------------  P R O C E S S  ---------------

Threads class SMR info:
_java_thread_list=0x000001f270c76960, length=46, elements={
0x000001f24f645950, 0x000001f2671ad030, 0x000001f2671ae160, 0x000001f2671b0fd0,
0x000001f2671d83c0, 0x000001f2671d8f80, 0x000001f2671c4f10, 0x000001f2671e5810,
0x000001f2671bf870, 0x000001f2671e9fe0, 0x000001f26769fc90, 0x000001f26de80a70,
0x000001f26dbe4b30, 0x000001f26da2a340, 0x000001f26e17ded0, 0x000001f26e182420,
0x000001f26da4ade0, 0x000001f26da4f430, 0x000001f26da50ba0, 0x000001f26da503d0,
0x000001f26da51b40, 0x000001f26e24ff60, 0x000001f26e24d080, 0x000001f26e24d850,
0x000001f26e24e7f0, 0x000001f26e24efc0, 0x000001f26e253de0, 0x000001f26e2dcac0,
0x000001f26e2de230, 0x000001f26e2df1d0, 0x000001f26e2df9a0, 0x000001f26e2dea00,
0x000001f26e2e1110, 0x000001f26e2dda60, 0x000001f26e2e3820, 0x000001f26e2e20b0,
0x000001f26f9a9690, 0x000001f26f9ae730, 0x000001f27085fd70, 0x000001f270863bf0,
0x000001f270861cb0, 0x000001f270862c50, 0x000001f2710c39e0, 0x000001f2710c0b00,
0x000001f2710c1aa0, 0x000001f2710c5150
}

Java Threads: ( => current thread )
  0x000001f24f645950 JavaThread "main"                              [_thread_blocked, id=19328, stack(0x00000085e6200000,0x00000085e6300000) (1024K)]
  0x000001f2671ad030 JavaThread "Common-Cleaner"             daemon [_thread_blocked, id=8124, stack(0x00000085e6a00000,0x00000085e6b00000) (1024K)]
  0x000001f2671ae160 JavaThread "Reference Handler"          daemon [_thread_blocked, id=18988, stack(0x00000085e6b00000,0x00000085e6c00000) (1024K)]
  0x000001f2671b0fd0 JavaThread "Finalizer"                  daemon [_thread_blocked, id=13964, stack(0x00000085e6c00000,0x00000085e6d00000) (1024K)]
  0x000001f2671d83c0 JavaThread "Signal Dispatcher"          daemon [_thread_blocked, id=14520, stack(0x00000085e6d00000,0x00000085e6e00000) (1024K)]
  0x000001f2671d8f80 JavaThread "Attach Listener"            daemon [_thread_blocked, id=19728, stack(0x00000085e6e00000,0x00000085e6f00000) (1024K)]
  0x000001f2671c4f10 JavaThread "Service Thread"             daemon [_thread_blocked, id=5276, stack(0x00000085e6f00000,0x00000085e7000000) (1024K)]
  0x000001f2671e5810 JavaThread "Monitor Deflation Thread"   daemon [_thread_blocked, id=10592, stack(0x00000085e7000000,0x00000085e7100000) (1024K)]
=>0x000001f2671bf870 JavaThread "C2 CompilerThread0"         daemon [_thread_in_native, id=15284, stack(0x00000085e7100000,0x00000085e7200000) (1024K)]
  0x000001f2671e9fe0 JavaThread "C1 CompilerThread0"         daemon [_thread_blocked, id=13508, stack(0x00000085e7200000,0x00000085e7300000) (1024K)]
  0x000001f26769fc90 JavaThread "Notification Thread"        daemon [_thread_blocked, id=13364, stack(0x00000085e7300000,0x00000085e7400000) (1024K)]
  0x000001f26de80a70 JavaThread "Daemon health stats"               [_thread_blocked, id=10456, stack(0x00000085e7b00000,0x00000085e7c00000) (1024K)]
  0x000001f26dbe4b30 JavaThread "Incoming local TCP Connector on port 63171"        [_thread_in_native, id=13880, stack(0x00000085e7c00000,0x00000085e7d00000) (1024K)]
  0x000001f26da2a340 JavaThread "Daemon periodic checks"            [_thread_blocked, id=12708, stack(0x00000085e7d00000,0x00000085e7e00000) (1024K)]
  0x000001f26e17ded0 JavaThread "Daemon"                            [_thread_blocked, id=13928, stack(0x00000085e8100000,0x00000085e8200000) (1024K)]
  0x000001f26e182420 JavaThread "Handler for socket connection from /127.0.0.1:63171 to /127.0.0.1:63172"        [_thread_in_native, id=1936, stack(0x00000085e8200000,0x00000085e8300000) (1024K)]
  0x000001f26da4ade0 JavaThread "Cancel handler"                    [_thread_blocked, id=8912, stack(0x00000085e8300000,0x00000085e8400000) (1024K)]
  0x000001f26da4f430 JavaThread "Daemon worker"                     [_thread_blocked, id=9460, stack(0x00000085e8400000,0x00000085e8500000) (1024K)]
  0x000001f26da50ba0 JavaThread "Asynchronous log dispatcher for DefaultDaemonConnection: socket connection from /127.0.0.1:63171 to /127.0.0.1:63172"        [_thread_blocked, id=14200, stack(0x00000085e8500000,0x00000085e8600000) (1024K)]
  0x000001f26da503d0 JavaThread "Stdin handler"                     [_thread_blocked, id=6692, stack(0x00000085e8600000,0x00000085e8700000) (1024K)]
  0x000001f26da51b40 JavaThread "Daemon client event forwarder"        [_thread_blocked, id=12460, stack(0x00000085e8700000,0x00000085e8800000) (1024K)]
  0x000001f26e24ff60 JavaThread "Cache worker for journal cache (D:\gradle\caches\journal-1)"        [_thread_blocked, id=14156, stack(0x00000085e8800000,0x00000085e8900000) (1024K)]
  0x000001f26e24d080 JavaThread "File lock request listener"        [_thread_in_native, id=2000, stack(0x00000085e8900000,0x00000085e8a00000) (1024K)]
  0x000001f26e24d850 JavaThread "Cache worker for file hash cache (D:\gradle\caches\9.5.0\fileHashes)"        [_thread_blocked, id=17088, stack(0x00000085e8a00000,0x00000085e8b00000) (1024K)]
  0x000001f26e24e7f0 JavaThread "Cache worker for file hash cache (D:\itdetiApp\.gradle\9.5.0\fileHashes)"        [_thread_blocked, id=360, stack(0x00000085e8b00000,0x00000085e8c00000) (1024K)]
  0x000001f26e24efc0 JavaThread "Cache worker for Build Output Cleanup Cache (D:\itdetiApp\.gradle\buildOutputCleanup)"        [_thread_blocked, id=9632, stack(0x00000085e8c00000,0x00000085e8d00000) (1024K)]
  0x000001f26e253de0 JavaThread "File watcher server"        daemon [_thread_in_native, id=10564, stack(0x00000085e8d00000,0x00000085e8e00000) (1024K)]
  0x000001f26e2dcac0 JavaThread "File watcher consumer"      daemon [_thread_blocked, id=13608, stack(0x00000085e8e00000,0x00000085e8f00000) (1024K)]
  0x000001f26e2de230 JavaThread "jar transforms"                    [_thread_blocked, id=16708, stack(0x00000085e7400000,0x00000085e7500000) (1024K)]
  0x000001f26e2df1d0 JavaThread "jar transforms Thread 2"           [_thread_blocked, id=13940, stack(0x00000085e7500000,0x00000085e7600000) (1024K)]
  0x000001f26e2df9a0 JavaThread "jar transforms Thread 3"           [_thread_blocked, id=7392, stack(0x00000085e8f00000,0x00000085e9000000) (1024K)]
  0x000001f26e2dea00 JavaThread "jar transforms Thread 4"           [_thread_blocked, id=4904, stack(0x00000085e9000000,0x00000085e9100000) (1024K)]
  0x000001f26e2e1110 JavaThread "jar transforms Thread 5"           [_thread_blocked, id=11044, stack(0x00000085e9100000,0x00000085e9200000) (1024K)]
  0x000001f26e2dda60 JavaThread "jar transforms Thread 6"           [_thread_blocked, id=15476, stack(0x00000085e9200000,0x00000085e9300000) (1024K)]
  0x000001f26e2e3820 JavaThread "jar transforms Thread 7"           [_thread_blocked, id=7732, stack(0x00000085e9300000,0x00000085e9400000) (1024K)]
  0x000001f26e2e20b0 JavaThread "jar transforms Thread 8"           [_thread_blocked, id=2508, stack(0x00000085e9400000,0x00000085e9500000) (1024K)]
  0x000001f26f9a9690 JavaThread "C2 CompilerThread1"         daemon [_thread_in_native, id=15036, stack(0x00000085e9500000,0x00000085e9600000) (1024K)]
  0x000001f26f9ae730 JavaThread "C2 CompilerThread2"         daemon [_thread_in_native, id=1676, stack(0x00000085e9600000,0x00000085e9700000) (1024K)]
  0x000001f27085fd70 JavaThread "Cache worker for file content cache (D:\gradle\caches\9.5.0\fileContent)"        [_thread_blocked, id=16264, stack(0x00000085e9700000,0x00000085e9800000) (1024K)]
  0x000001f270863bf0 JavaThread "Cache worker for checksums cache (D:\itdetiApp\.gradle\9.5.0\checksums)"        [_thread_blocked, id=18800, stack(0x00000085e9800000,0x00000085e9900000) (1024K)]
  0x000001f270861cb0 JavaThread "Cache worker for cache directory md-supplier (D:\gradle\caches\9.5.0\md-supplier)"        [_thread_blocked, id=7620, stack(0x00000085e9900000,0x00000085e9a00000) (1024K)]
  0x000001f270862c50 JavaThread "Cache worker for cache directory md-rule (D:\gradle\caches\9.5.0\md-rule)"        [_thread_blocked, id=15184, stack(0x00000085e9a00000,0x00000085e9b00000) (1024K)]
  0x000001f2710c39e0 JavaThread "Build operations"                  [_thread_blocked, id=13704, stack(0x00000085e9b00000,0x00000085e9c00000) (1024K)]
  0x000001f2710c0b00 JavaThread "Build operations Thread 2"         [_thread_blocked, id=13828, stack(0x00000085e9c00000,0x00000085e9d00000) (1024K)]
  0x000001f2710c1aa0 JavaThread "Build operations Thread 3"         [_thread_in_Java, id=8324, stack(0x00000085e9d00000,0x00000085e9e00000) (1024K)]
  0x000001f2710c5150 JavaThread "Build operations Thread 4"         [_thread_blocked, id=11924, stack(0x00000085e9e00000,0x00000085e9f00000) (1024K)]
Total: 46

Other Threads:
  0x000001f26715ac10 VMThread "VM Thread"                           [id=14008, stack(0x00000085e6900000,0x00000085e6a00000) (1024K)]
  0x000001f267139450 WatcherThread "VM Periodic Task Thread"        [id=14864, stack(0x00000085e6800000,0x00000085e6900000) (1024K)]
  0x000001f24f69d4b0 WorkerThread "GC Thread#0"                     [id=19684, stack(0x00000085e6300000,0x00000085e6400000) (1024K)]
  0x000001f26c6820b0 WorkerThread "GC Thread#1"                     [id=12684, stack(0x00000085e7600000,0x00000085e7700000) (1024K)]
  0x000001f26c6aecd0 WorkerThread "GC Thread#2"                     [id=10488, stack(0x00000085e7700000,0x00000085e7800000) (1024K)]
  0x000001f26c6af100 WorkerThread "GC Thread#3"                     [id=13716, stack(0x00000085e7800000,0x00000085e7900000) (1024K)]
  0x000001f26c6a1a90 WorkerThread "GC Thread#4"                     [id=13356, stack(0x00000085e7900000,0x00000085e7a00000) (1024K)]
  0x000001f26c6a1ec0 WorkerThread "GC Thread#5"                     [id=15368, stack(0x00000085e7a00000,0x00000085e7b00000) (1024K)]
  0x000001f26d209be0 WorkerThread "GC Thread#6"                     [id=8568, stack(0x00000085e7e00000,0x00000085e7f00000) (1024K)]
  0x000001f26d20b5c0 WorkerThread "GC Thread#7"                     [id=16320, stack(0x00000085e7f00000,0x00000085e8000000) (1024K)]
  0x000001f24f6b6580 ConcurrentGCThread "G1 Main Marker"            [id=17020, stack(0x00000085e6400000,0x00000085e6500000) (1024K)]
  0x000001f24f6b7120 WorkerThread "G1 Conc#0"                       [id=18852, stack(0x00000085e6500000,0x00000085e6600000) (1024K)]
  0x000001f26d208aa0 WorkerThread "G1 Conc#1"                       [id=12228, stack(0x00000085e8000000,0x00000085e8100000) (1024K)]
  0x000001f26700c180 ConcurrentGCThread "G1 Refine#0"               [id=5592, stack(0x00000085e6600000,0x00000085e6700000) (1024K)]
  0x000001f26700ca40 ConcurrentGCThread "G1 Service"                [id=2564, stack(0x00000085e6700000,0x00000085e6800000) (1024K)]
Total: 15

Threads with active compile tasks:
C2 CompilerThread0  7900 6546   !   4       sun.reflect.annotation.AnnotationParser::parseAnnotations (37 bytes)
C2 CompilerThread1  7900 6785   !   4       jdk.internal.loader.URLClassPath$JarLoader::createResource (62 bytes)
C2 CompilerThread2  7901 6535   !   4       java.net.URLClassLoader::findClass (77 bytes)
Total: 3

VM state: not at safepoint (normal execution)

VM Mutex/Monitor currently owned by a thread: None

Heap address: 0x0000000080000000, size: 2048 MB, Compressed Oops mode: 32-bit

CDS archive(s) not mapped
Compressed class space mapped at: 0x0000000007000000-0x0000000047000000, reserved size: 1073741824
UseCompressedClassPointers 1, UseCompactObjectHeaders 0
Narrow klass pointer bits 32, Max shift 3
Narrow klass base: 0x0000000000000000, Narrow klass shift: 0
Encoding Range: [0x0000000000000000 - 0x0000000100000000), (4294967296 bytes)
Klass Range:    [0x0000000007000000 - 0x0000000047000000), (1073741824 bytes)
Klass ID Range:  [117440512 - 1191182329) (1073741817)
No protection zone.

GC Precious Log:
 CardTable entry size: 512
 Card Set container configuration: InlinePtr #cards 5 size 8 Array Of Cards #cards 10 size 36 Howl #buckets 4 coarsen threshold 1843 Howl Bitmap #cards 512 size 80 coarsen threshold 460 Card regions per heap region 1 cards per card region 2048
 CPUs: 8 total, 8 available
 Memory: 16073M
 Large Page Support: Disabled
 NUMA Support: Disabled
 Compressed Oops: Enabled (32-bit)
 Heap Region Size: 1M
 Heap Min Capacity: 8M
 Heap Initial Capacity: 252M
 Heap Max Capacity: 2G
 Pre-touch: Disabled
 Parallel Workers: 8
 Concurrent Workers: 2
 Concurrent Refinement Workers: 8
 Periodic GC: Disabled

Heap:
 garbage-first heap   total reserved 2097152K, committed 138240K, used 69125K [0x0000000080000000, 0x0000000100000000)
  region size 1024K, 6 young (6144K), 4 survivors (4096K)

Heap Regions: E=young(eden), S=young(survivor), O=old, HS=humongous(starts), HC=humongous(continues), CS=collection set, F=free, TAMS=top-at-mark-start, PB=parsable bottom
|   0|0x0000000080000000, 0x0000000080100000, 0x0000000080100000|100%|HS|  |TAMS 0x0000000080000000| PB 0x0000000080000000| Complete |  0
|   1|0x0000000080100000, 0x0000000080200000, 0x0000000080200000|100%|HC|  |TAMS 0x0000000080100000| PB 0x0000000080100000| Complete |  0
|   2|0x0000000080200000, 0x0000000080300000, 0x0000000080300000|100%|HC|  |TAMS 0x0000000080200000| PB 0x0000000080200000| Complete |  0
|   3|0x0000000080300000, 0x0000000080400000, 0x0000000080400000|100%|HC|  |TAMS 0x0000000080300000| PB 0x0000000080300000| Complete |  0
|   4|0x0000000080400000, 0x0000000080500000, 0x0000000080500000|100%| O|  |TAMS 0x0000000080400000| PB 0x0000000080400000| Untracked |  0
|   5|0x0000000080500000, 0x0000000080600000, 0x0000000080600000|100%| O|  |TAMS 0x0000000080500000| PB 0x0000000080500000| Untracked |  0
|   6|0x0000000080600000, 0x0000000080700000, 0x0000000080700000|100%|HS|  |TAMS 0x0000000080600000| PB 0x0000000080600000| Complete |  0
|   7|0x0000000080700000, 0x0000000080800000, 0x0000000080800000|100%| O|  |TAMS 0x0000000080700000| PB 0x0000000080700000| Untracked |  0
|   8|0x0000000080800000, 0x0000000080900000, 0x0000000080900000|100%| O|  |TAMS 0x0000000080800000| PB 0x0000000080800000| Untracked |  0
|   9|0x0000000080900000, 0x0000000080a00000, 0x0000000080a00000|100%| O|  |TAMS 0x0000000080900000| PB 0x0000000080900000| Untracked |  0
|  10|0x0000000080a00000, 0x0000000080b00000, 0x0000000080b00000|100%| O|  |TAMS 0x0000000080a00000| PB 0x0000000080a00000| Untracked |  0
|  11|0x0000000080b00000, 0x0000000080c00000, 0x0000000080c00000|100%| O|  |TAMS 0x0000000080b00000| PB 0x0000000080b00000| Untracked |  0
|  12|0x0000000080c00000, 0x0000000080d00000, 0x0000000080d00000|100%| O|  |TAMS 0x0000000080c00000| PB 0x0000000080c00000| Untracked |  0
|  13|0x0000000080d00000, 0x0000000080e00000, 0x0000000080e00000|100%| O|  |TAMS 0x0000000080d00000| PB 0x0000000080d00000| Untracked |  0
|  14|0x0000000080e00000, 0x0000000080f00000, 0x0000000080f00000|100%| O|  |TAMS 0x0000000080e00000| PB 0x0000000080e00000| Untracked |  0
|  15|0x0000000080f00000, 0x0000000081000000, 0x0000000081000000|100%| O|  |TAMS 0x0000000080f00000| PB 0x0000000080f00000| Untracked |  0
|  16|0x0000000081000000, 0x0000000081100000, 0x0000000081100000|100%| O|  |TAMS 0x0000000081000000| PB 0x0000000081000000| Untracked |  0
|  17|0x0000000081100000, 0x0000000081200000, 0x0000000081200000|100%|HS|  |TAMS 0x0000000081100000| PB 0x0000000081100000| Complete |  0
|  18|0x0000000081200000, 0x0000000081300000, 0x0000000081300000|100%|HC|  |TAMS 0x0000000081200000| PB 0x0000000081200000| Complete |  0
|  19|0x0000000081300000, 0x0000000081400000, 0x0000000081400000|100%|HC|  |TAMS 0x0000000081300000| PB 0x0000000081300000| Complete |  0
|  20|0x0000000081400000, 0x0000000081500000, 0x0000000081500000|100%|HC|  |TAMS 0x0000000081400000| PB 0x0000000081400000| Complete |  0
|  21|0x0000000081500000, 0x0000000081600000, 0x0000000081600000|100%|HC|  |TAMS 0x0000000081500000| PB 0x0000000081500000| Complete |  0
|  22|0x0000000081600000, 0x0000000081700000, 0x0000000081700000|100%|HC|  |TAMS 0x0000000081600000| PB 0x0000000081600000| Complete |  0
|  23|0x0000000081700000, 0x0000000081800000, 0x0000000081800000|100%|HS|  |TAMS 0x0000000081700000| PB 0x0000000081700000| Complete |  0
|  24|0x0000000081800000, 0x0000000081900000, 0x0000000081900000|100%|HS|  |TAMS 0x0000000081800000| PB 0x0000000081800000| Complete |  0
|  25|0x0000000081900000, 0x0000000081a00000, 0x0000000081a00000|100%| O|  |TAMS 0x0000000081900000| PB 0x0000000081900000| Untracked |  0
|  26|0x0000000081a00000, 0x0000000081b00000, 0x0000000081b00000|100%| O|  |TAMS 0x0000000081a00000| PB 0x0000000081a00000| Untracked |  0
|  27|0x0000000081b00000, 0x0000000081c00000, 0x0000000081c00000|100%|HS|  |TAMS 0x0000000081b00000| PB 0x0000000081b00000| Complete |  0
|  28|0x0000000081c00000, 0x0000000081d00000, 0x0000000081d00000|100%|HS|  |TAMS 0x0000000081c00000| PB 0x0000000081c00000| Complete |  0
|  29|0x0000000081d00000, 0x0000000081e00000, 0x0000000081e00000|100%| O|Cm|TAMS 0x0000000081d00000| PB 0x0000000081d00000| Complete |  0
|  30|0x0000000081e00000, 0x0000000081f00000, 0x0000000081f00000|100%| O|  |TAMS 0x0000000081e00000| PB 0x0000000081e00000| Untracked |  0
|  31|0x0000000081f00000, 0x0000000082000000, 0x0000000082000000|100%| O|  |TAMS 0x0000000081f00000| PB 0x0000000081f00000| Untracked |  0
|  32|0x0000000082000000, 0x0000000082100000, 0x0000000082100000|100%| O|  |TAMS 0x0000000082000000| PB 0x0000000082000000| Untracked |  0
|  33|0x0000000082100000, 0x0000000082200000, 0x0000000082200000|100%| O|  |TAMS 0x0000000082100000| PB 0x0000000082100000| Untracked |  0
|  34|0x0000000082200000, 0x0000000082300000, 0x0000000082300000|100%| O|  |TAMS 0x0000000082200000| PB 0x0000000082200000| Untracked |  0
|  35|0x0000000082300000, 0x0000000082400000, 0x0000000082400000|100%|HS|  |TAMS 0x0000000082300000| PB 0x0000000082300000| Complete |  0
|  36|0x0000000082400000, 0x0000000082500000, 0x0000000082500000|100%|HC|  |TAMS 0x0000000082400000| PB 0x0000000082400000| Complete |  0
|  37|0x0000000082500000, 0x0000000082600000, 0x0000000082600000|100%|HC|  |TAMS 0x0000000082500000| PB 0x0000000082500000| Complete |  0
|  38|0x0000000082600000, 0x0000000082700000, 0x0000000082700000|100%|HC|  |TAMS 0x0000000082600000| PB 0x0000000082600000| Complete |  0
|  39|0x0000000082700000, 0x0000000082800000, 0x0000000082800000|100%|HC|  |TAMS 0x0000000082700000| PB 0x0000000082700000| Complete |  0
|  40|0x0000000082800000, 0x0000000082900000, 0x0000000082900000|100%|HC|  |TAMS 0x0000000082800000| PB 0x0000000082800000| Complete |  0
|  41|0x0000000082900000, 0x0000000082a00000, 0x0000000082a00000|100%| O|  |TAMS 0x0000000082900000| PB 0x0000000082900000| Untracked |  0
|  42|0x0000000082a00000, 0x0000000082b00000, 0x0000000082b00000|100%| O|  |TAMS 0x0000000082a00000| PB 0x0000000082a00000| Untracked |  0
|  43|0x0000000082b00000, 0x0000000082c00000, 0x0000000082c00000|100%| O|  |TAMS 0x0000000082b00000| PB 0x0000000082b00000| Untracked |  0
|  44|0x0000000082c00000, 0x0000000082d00000, 0x0000000082d00000|100%| O|  |TAMS 0x0000000082c00000| PB 0x0000000082c00000| Untracked |  0
|  45|0x0000000082d00000, 0x0000000082e00000, 0x0000000082e00000|100%| O|  |TAMS 0x0000000082d00000| PB 0x0000000082d00000| Untracked |  0
|  46|0x0000000082e00000, 0x0000000082f00000, 0x0000000082f00000|100%| O|  |TAMS 0x0000000082e00000| PB 0x0000000082e00000| Untracked |  0
|  47|0x0000000082f00000, 0x0000000083000000, 0x0000000083000000|100%| O|  |TAMS 0x0000000082f00000| PB 0x0000000082f00000| Untracked |  0
|  48|0x0000000083000000, 0x0000000083100000, 0x0000000083100000|100%| O|  |TAMS 0x0000000083000000| PB 0x0000000083000000| Untracked |  0
|  49|0x0000000083100000, 0x0000000083200000, 0x0000000083200000|100%| O|Cm|TAMS 0x0000000083100000| PB 0x0000000083100000| Complete |  0
|  50|0x0000000083200000, 0x0000000083300000, 0x0000000083300000|100%| O|  |TAMS 0x0000000083200000| PB 0x0000000083200000| Untracked |  0
|  51|0x0000000083300000, 0x0000000083400000, 0x0000000083400000|100%| O|  |TAMS 0x0000000083300000| PB 0x0000000083300000| Untracked |  0
|  52|0x0000000083400000, 0x000000008340cbd8, 0x0000000083500000|  4%| O|  |TAMS 0x0000000083400000| PB 0x0000000083400000| Untracked |  0
|  53|0x0000000083500000, 0x0000000083500000, 0x0000000083600000|  0%| F|  |TAMS 0x0000000083500000| PB 0x0000000083500000| Untracked |  0
|  54|0x0000000083600000, 0x0000000083600000, 0x0000000083700000|  0%| F|  |TAMS 0x0000000083600000| PB 0x0000000083600000| Untracked |  0
|  55|0x0000000083700000, 0x0000000083774c10, 0x0000000083800000| 45%| S|CS|TAMS 0x0000000083700000| PB 0x0000000083700000| Complete |  0
|  56|0x0000000083800000, 0x0000000083800000, 0x0000000083900000|  0%| F|  |TAMS 0x0000000083800000| PB 0x0000000083800000| Untracked |  0
|  57|0x0000000083900000, 0x0000000083900000, 0x0000000083a00000|  0%| F|  |TAMS 0x0000000083900000| PB 0x0000000083900000| Untracked |  0
|  58|0x0000000083a00000, 0x0000000083b00000, 0x0000000083b00000|100%| S|CS|TAMS 0x0000000083a00000| PB 0x0000000083a00000| Complete |  0
|  59|0x0000000083b00000, 0x0000000083c00000, 0x0000000083c00000|100%| S|CS|TAMS 0x0000000083b00000| PB 0x0000000083b00000| Complete |  0
|  60|0x0000000083c00000, 0x0000000083d00000, 0x0000000083d00000|100%| S|CS|TAMS 0x0000000083c00000| PB 0x0000000083c00000| Complete |  0
|  61|0x0000000083d00000, 0x0000000083d00000, 0x0000000083e00000|  0%| F|  |TAMS 0x0000000083d00000| PB 0x0000000083d00000| Untracked |  0
|  62|0x0000000083e00000, 0x0000000083e00000, 0x0000000083f00000|  0%| F|  |TAMS 0x0000000083e00000| PB 0x0000000083e00000| Untracked |  0
|  63|0x0000000083f00000, 0x0000000083f00000, 0x0000000084000000|  0%| F|  |TAMS 0x0000000083f00000| PB 0x0000000083f00000| Untracked |  0
|  64|0x0000000084000000, 0x0000000084000000, 0x0000000084100000|  0%| F|  |TAMS 0x0000000084000000| PB 0x0000000084000000| Untracked |  0
|  65|0x0000000084100000, 0x0000000084100000, 0x0000000084200000|  0%| F|  |TAMS 0x0000000084100000| PB 0x0000000084100000| Untracked |  0
|  66|0x0000000084200000, 0x0000000084200000, 0x0000000084300000|  0%| F|  |TAMS 0x0000000084200000| PB 0x0000000084200000| Untracked |  0
|  67|0x0000000084300000, 0x0000000084300000, 0x0000000084400000|  0%| F|  |TAMS 0x0000000084300000| PB 0x0000000084300000| Untracked |  0
|  68|0x0000000084400000, 0x0000000084400000, 0x0000000084500000|  0%| F|  |TAMS 0x0000000084400000| PB 0x0000000084400000| Untracked |  0
|  69|0x0000000084500000, 0x0000000084500000, 0x0000000084600000|  0%| F|  |TAMS 0x0000000084500000| PB 0x0000000084500000| Untracked |  0
|  70|0x0000000084600000, 0x0000000084600000, 0x0000000084700000|  0%| F|  |TAMS 0x0000000084600000| PB 0x0000000084600000| Untracked |  0
|  71|0x0000000084700000, 0x0000000084700000, 0x0000000084800000|  0%| F|  |TAMS 0x0000000084700000| PB 0x0000000084700000| Untracked |  0
|  72|0x0000000084800000, 0x0000000084800000, 0x0000000084900000|  0%| F|  |TAMS 0x0000000084800000| PB 0x0000000084800000| Untracked |  0
|  73|0x0000000084900000, 0x0000000084900000, 0x0000000084a00000|  0%| F|  |TAMS 0x0000000084900000| PB 0x0000000084900000| Untracked |  0
|  74|0x0000000084a00000, 0x0000000084a00000, 0x0000000084b00000|  0%| F|  |TAMS 0x0000000084a00000| PB 0x0000000084a00000| Untracked |  0
|  75|0x0000000084b00000, 0x0000000084b00000, 0x0000000084c00000|  0%| F|  |TAMS 0x0000000084b00000| PB 0x0000000084b00000| Untracked |  0
|  76|0x0000000084c00000, 0x0000000084c00000, 0x0000000084d00000|  0%| F|  |TAMS 0x0000000084c00000| PB 0x0000000084c00000| Untracked |  0
|  77|0x0000000084d00000, 0x0000000084d00000, 0x0000000084e00000|  0%| F|  |TAMS 0x0000000084d00000| PB 0x0000000084d00000| Untracked |  0
|  78|0x0000000084e00000, 0x0000000084e00000, 0x0000000084f00000|  0%| F|  |TAMS 0x0000000084e00000| PB 0x0000000084e00000| Untracked |  0
|  79|0x0000000084f00000, 0x0000000084f00000, 0x0000000085000000|  0%| F|  |TAMS 0x0000000084f00000| PB 0x0000000084f00000| Untracked |  0
|  80|0x0000000085000000, 0x0000000085000000, 0x0000000085100000|  0%| F|  |TAMS 0x0000000085000000| PB 0x0000000085000000| Untracked |  0
|  81|0x0000000085100000, 0x0000000085100000, 0x0000000085200000|  0%| F|  |TAMS 0x0000000085100000| PB 0x0000000085100000| Untracked |  0
|  82|0x0000000085200000, 0x0000000085200000, 0x0000000085300000|  0%| F|  |TAMS 0x0000000085200000| PB 0x0000000085200000| Untracked |  0
|  83|0x0000000085300000, 0x0000000085300000, 0x0000000085400000|  0%| F|  |TAMS 0x0000000085300000| PB 0x0000000085300000| Untracked |  0
|  84|0x0000000085400000, 0x0000000085400000, 0x0000000085500000|  0%| F|  |TAMS 0x0000000085400000| PB 0x0000000085400000| Untracked |  0
|  85|0x0000000085500000, 0x0000000085500000, 0x0000000085600000|  0%| F|  |TAMS 0x0000000085500000| PB 0x0000000085500000| Untracked |  0
|  86|0x0000000085600000, 0x0000000085600000, 0x0000000085700000|  0%| F|  |TAMS 0x0000000085600000| PB 0x0000000085600000| Untracked |  0
|  87|0x0000000085700000, 0x0000000085700000, 0x0000000085800000|  0%| F|  |TAMS 0x0000000085700000| PB 0x0000000085700000| Untracked |  0
|  88|0x0000000085800000, 0x0000000085800000, 0x0000000085900000|  0%| F|  |TAMS 0x0000000085800000| PB 0x0000000085800000| Untracked |  0
|  89|0x0000000085900000, 0x0000000085900000, 0x0000000085a00000|  0%| F|  |TAMS 0x0000000085900000| PB 0x0000000085900000| Untracked |  0
|  90|0x0000000085a00000, 0x0000000085a00000, 0x0000000085b00000|  0%| F|  |TAMS 0x0000000085a00000| PB 0x0000000085a00000| Untracked |  0
|  91|0x0000000085b00000, 0x0000000085b00000, 0x0000000085c00000|  0%| F|  |TAMS 0x0000000085b00000| PB 0x0000000085b00000| Untracked |  0
|  92|0x0000000085c00000, 0x0000000085c00000, 0x0000000085d00000|  0%| F|  |TAMS 0x0000000085c00000| PB 0x0000000085c00000| Untracked |  0
|  93|0x0000000085d00000, 0x0000000085d00000, 0x0000000085e00000|  0%| F|  |TAMS 0x0000000085d00000| PB 0x0000000085d00000| Untracked |  0
|  94|0x0000000085e00000, 0x0000000085e00000, 0x0000000085f00000|  0%| F|  |TAMS 0x0000000085e00000| PB 0x0000000085e00000| Untracked |  0
|  95|0x0000000085f00000, 0x0000000085f00000, 0x0000000086000000|  0%| F|  |TAMS 0x0000000085f00000| PB 0x0000000085f00000| Untracked |  0
|  96|0x0000000086000000, 0x0000000086000000, 0x0000000086100000|  0%| F|  |TAMS 0x0000000086000000| PB 0x0000000086000000| Untracked |  0
|  97|0x0000000086100000, 0x0000000086100000, 0x0000000086200000|  0%| F|  |TAMS 0x0000000086100000| PB 0x0000000086100000| Untracked |  0
|  98|0x0000000086200000, 0x0000000086200000, 0x0000000086300000|  0%| F|  |TAMS 0x0000000086200000| PB 0x0000000086200000| Untracked |  0
|  99|0x0000000086300000, 0x0000000086300000, 0x0000000086400000|  0%| F|  |TAMS 0x0000000086300000| PB 0x0000000086300000| Untracked |  0
| 100|0x0000000086400000, 0x0000000086400000, 0x0000000086500000|  0%| F|  |TAMS 0x0000000086400000| PB 0x0000000086400000| Untracked |  0
| 101|0x0000000086500000, 0x0000000086500000, 0x0000000086600000|  0%| F|  |TAMS 0x0000000086500000| PB 0x0000000086500000| Untracked |  0
| 102|0x0000000086600000, 0x0000000086600000, 0x0000000086700000|  0%| F|  |TAMS 0x0000000086600000| PB 0x0000000086600000| Untracked |  0
| 103|0x0000000086700000, 0x0000000086700000, 0x0000000086800000|  0%| F|  |TAMS 0x0000000086700000| PB 0x0000000086700000| Untracked |  0
| 104|0x0000000086800000, 0x0000000086800000, 0x0000000086900000|  0%| F|  |TAMS 0x0000000086800000| PB 0x0000000086800000| Untracked |  0
| 105|0x0000000086900000, 0x0000000086900000, 0x0000000086a00000|  0%| F|  |TAMS 0x0000000086900000| PB 0x0000000086900000| Untracked |  0
| 106|0x0000000086a00000, 0x0000000086a00000, 0x0000000086b00000|  0%| F|  |TAMS 0x0000000086a00000| PB 0x0000000086a00000| Untracked |  0
| 107|0x0000000086b00000, 0x0000000086b00000, 0x0000000086c00000|  0%| F|  |TAMS 0x0000000086b00000| PB 0x0000000086b00000| Untracked |  0
| 108|0x0000000086c00000, 0x0000000086c00000, 0x0000000086d00000|  0%| F|  |TAMS 0x0000000086c00000| PB 0x0000000086c00000| Untracked |  0
| 178|0x000000008b200000, 0x000000008b200000, 0x000000008b300000|  0%| F|  |TAMS 0x000000008b200000| PB 0x000000008b200000| Untracked |  0
| 179|0x000000008b300000, 0x000000008b300000, 0x000000008b400000|  0%| F|  |TAMS 0x000000008b300000| PB 0x000000008b300000| Untracked |  0
| 180|0x000000008b400000, 0x000000008b400000, 0x000000008b500000|  0%| F|  |TAMS 0x000000008b400000| PB 0x000000008b400000| Untracked |  0
| 181|0x000000008b500000, 0x000000008b500000, 0x000000008b600000|  0%| F|  |TAMS 0x000000008b500000| PB 0x000000008b500000| Untracked |  0
| 182|0x000000008b600000, 0x000000008b600000, 0x000000008b700000|  0%| F|  |TAMS 0x000000008b600000| PB 0x000000008b600000| Untracked |  0
| 183|0x000000008b700000, 0x000000008b700000, 0x000000008b800000|  0%| F|  |TAMS 0x000000008b700000| PB 0x000000008b700000| Untracked |  0
| 184|0x000000008b800000, 0x000000008b800000, 0x000000008b900000|  0%| F|  |TAMS 0x000000008b800000| PB 0x000000008b800000| Untracked |  0
| 185|0x000000008b900000, 0x000000008b900000, 0x000000008ba00000|  0%| F|  |TAMS 0x000000008b900000| PB 0x000000008b900000| Untracked |  0
| 186|0x000000008ba00000, 0x000000008ba00000, 0x000000008bb00000|  0%| F|  |TAMS 0x000000008ba00000| PB 0x000000008ba00000| Untracked |  0
| 187|0x000000008bb00000, 0x000000008bb00000, 0x000000008bc00000|  0%| F|  |TAMS 0x000000008bb00000| PB 0x000000008bb00000| Untracked |  0
| 188|0x000000008bc00000, 0x000000008bc00000, 0x000000008bd00000|  0%| F|  |TAMS 0x000000008bc00000| PB 0x000000008bc00000| Untracked |  0
| 189|0x000000008bd00000, 0x000000008bd00000, 0x000000008be00000|  0%| F|  |TAMS 0x000000008bd00000| PB 0x000000008bd00000| Untracked |  0
| 190|0x000000008be00000, 0x000000008be26eb0, 0x000000008bf00000| 15%| S|  |TAMS 0x000000008be00000| PB 0x000000008be00000| Complete |  0
| 251|0x000000008fb00000, 0x000000008fc00000, 0x000000008fc00000|100%| E|CS|TAMS 0x000000008fb00000| PB 0x000000008fb00000| Complete |  0
|2036|0x00000000ff400000, 0x00000000ff500000, 0x00000000ff500000|100%| O|  |TAMS 0x00000000ff400000| PB 0x00000000ff400000| Untracked |  0
|2037|0x00000000ff500000, 0x00000000ff600000, 0x00000000ff600000|100%| O|  |TAMS 0x00000000ff500000| PB 0x00000000ff500000| Untracked |  0
|2038|0x00000000ff600000, 0x00000000ff700000, 0x00000000ff700000|100%| O|  |TAMS 0x00000000ff600000| PB 0x00000000ff600000| Untracked |  0
|2039|0x00000000ff700000, 0x00000000ff800000, 0x00000000ff800000|100%| O|  |TAMS 0x00000000ff700000| PB 0x00000000ff700000| Untracked |  0
|2040|0x00000000ff800000, 0x00000000ff900000, 0x00000000ff900000|100%| E|CS|TAMS 0x00000000ff800000| PB 0x00000000ff800000| Complete |  0
|2041|0x00000000ff900000, 0x00000000ffa00000, 0x00000000ffa00000|100%| O|  |TAMS 0x00000000ff900000| PB 0x00000000ff900000| Untracked |  0
|2042|0x00000000ffa00000, 0x00000000ffb00000, 0x00000000ffb00000|100%| O|  |TAMS 0x00000000ffa00000| PB 0x00000000ffa00000| Untracked |  0
|2043|0x00000000ffb00000, 0x00000000ffc00000, 0x00000000ffc00000|100%| O|  |TAMS 0x00000000ffb00000| PB 0x00000000ffb00000| Untracked |  0
|2044|0x00000000ffc00000, 0x00000000ffd00000, 0x00000000ffd00000|100%| O|  |TAMS 0x00000000ffc00000| PB 0x00000000ffc00000| Untracked |  0
|2045|0x00000000ffd00000, 0x00000000ffe00000, 0x00000000ffe00000|100%| O|  |TAMS 0x00000000ffd00000| PB 0x00000000ffd00000| Untracked |  0
|2046|0x00000000ffe00000, 0x00000000fff00000, 0x00000000fff00000|100%| O|  |TAMS 0x00000000ffe00000| PB 0x00000000ffe00000| Untracked |  0
|2047|0x00000000fff00000, 0x0000000100000000, 0x0000000100000000|100%| O|  |TAMS 0x00000000fff00000| PB 0x00000000fff00000| Untracked |  0

Card table byte_map: [0x000001f262370000,0x000001f262770000] _byte_map_base: 0x000001f261f70000

Marking Bits: (CMBitMap*) 0x000001f24f69dc40
 Bits: [0x000001f262770000, 0x000001f264770000)

Polling page: 0x000001f24d3b0000

Metaspace:
Metaspace        used 64903K, committed 66432K, reserved 1114112K
 class space     used 9617K, committed 10304K, reserved 1048576K

Usage:
  Non-class:     53.99 MB used.
      Class:      9.39 MB used.
       Both:     63.38 MB used.

Virtual space:
  Non-class space:       64.00 MB reserved,      54.81 MB ( 86%) committed,  1 nodes.
      Class space:        1.00 GB reserved,      10.06 MB ( <1%) committed,  1 nodes.
             Both:        1.06 GB reserved,      64.88 MB (  6%) committed. 

Chunk freelists:
   Non-Class:  8.86 MB
       Class:  5.83 MB
        Both:  14.69 MB

MaxMetaspaceSize: unlimited
CompressedClassSpaceSize: 1.00 GB
Initial GC threshold: 21.00 MB
Current GC threshold: 107.62 MB
CDS: off
 - commit_granule_bytes: 65536.
 - commit_granule_words: 8192.
 - virtual_space_node_default_size: 8388608.
 - enlarge_chunks_in_place: 1.
UseCompressedClassPointers 1, UseCompactObjectHeaders 0
Narrow klass pointer bits 32, Max shift 3
Narrow klass base: 0x0000000000000000, Narrow klass shift: 0
Encoding Range: [0x0000000000000000 - 0x0000000100000000), (4294967296 bytes)
Klass Range:    [0x0000000007000000 - 0x0000000047000000), (1073741824 bytes)
Klass ID Range:  [117440512 - 1191182329) (1073741817)
No protection zone.


Internal statistics:

num_allocs_failed_limit: 6.
num_arena_births: 2884.
num_arena_deaths: 2.
num_vsnodes_births: 2.
num_vsnodes_deaths: 0.
num_space_committed: 1038.
num_space_uncommitted: 0.
num_chunks_returned_to_freelist: 9.
num_chunks_taken_from_freelist: 5374.
num_chunk_merges: 3.
num_chunk_splits: 3523.
num_chunks_enlarged: 2238.
num_inconsistent_stats: 0.

CodeHeap 'non-profiled nmethods': size=120064Kb used=2478Kb max_used=2828Kb free=117585Kb
 bounds [0x000001f25a5f0000, 0x000001f25a8c0000, 0x000001f261b30000]
CodeHeap 'profiled nmethods': size=120000Kb used=8140Kb max_used=8843Kb free=111859Kb
 bounds [0x000001f252b30000, 0x000001f2533e0000, 0x000001f25a060000]
CodeHeap 'non-nmethods': size=5696Kb used=2166Kb max_used=2269Kb free=3529Kb
 bounds [0x000001f25a060000, 0x000001f25a2d0000, 0x000001f25a5f0000]
CodeCache: size=245760Kb, used=12784Kb, max_used=13940Kb, free=232973Kb
 total_blobs=6619, nmethods=5798, adapters=718, full_count=0
Compilation: enabled, stopped_count=0, restarted_count=0

Compilation events (20 events):
Event: 5.089 Thread 0x000001f2671e9fe0 6994       2       com.google.common.collect.SingletonImmutableList::iterator (5 bytes)
Event: 5.089 Thread 0x000001f2671e9fe0 nmethod 6994 0x000001f2533d1988 code [0x000001f2533d1a80, 0x000001f2533d1c30]
Event: 5.089 Thread 0x000001f2671e9fe0 6995       1       org.gradle.internal.execution.steps.ExecutionRequestContext::getValidationContext (5 bytes)
Event: 5.089 Thread 0x000001f2671e9fe0 nmethod 6995 0x000001f25a8b2708 code [0x000001f25a8b2800, 0x000001f25a8b28c8]
Event: 5.089 Thread 0x000001f2671e9fe0 6996       1       org.gradle.internal.execution.steps.WorkspaceContext::getWorkspace (5 bytes)
Event: 5.089 Thread 0x000001f2671e9fe0 nmethod 6996 0x000001f25a8b2a08 code [0x000001f25a8b2b00, 0x000001f25a8b2bc8]
Event: 5.089 Thread 0x000001f2671e9fe0 6997       2       org.gradle.internal.snapshot.AbstractIncompleteFileSystemNode::<init> (10 bytes)
Event: 5.089 Thread 0x000001f2671e9fe0 nmethod 6997 0x000001f2533d1c88 code [0x000001f2533d1d80, 0x000001f2533d1ed0]
Event: 5.089 Thread 0x000001f2671e9fe0 6998       2       org.gradle.internal.snapshot.MediumChildMap::<init> (6 bytes)
Event: 5.089 Thread 0x000001f2671e9fe0 nmethod 6998 0x000001f2533d1f88 code [0x000001f2533d2080, 0x000001f2533d21d0]
Event: 5.089 Thread 0x000001f2671e9fe0 6999       2       org.gradle.internal.snapshot.PartialDirectoryNode::<init> (6 bytes)
Event: 5.089 Thread 0x000001f2671e9fe0 nmethod 6999 0x000001f2533d2288 code [0x000001f2533d2380, 0x000001f2533d24d0]
Event: 5.090 Thread 0x000001f2671e9fe0 7000       2       java.lang.invoke.DirectMethodHandle$Holder::invokeStatic (15 bytes)
Event: 5.090 Thread 0x000001f2671e9fe0 nmethod 7000 0x000001f2533d2588 code [0x000001f2533d2680, 0x000001f2533d27d0]
Event: 5.091 Thread 0x000001f2671e9fe0 7001       2       java.util.concurrent.atomic.AtomicBoolean::set (14 bytes)
Event: 5.091 Thread 0x000001f2671e9fe0 nmethod 7001 0x000001f2533d2888 code [0x000001f2533d2980, 0x000001f2533d2a98]
Event: 5.091 Thread 0x000001f2671e9fe0 7002       1       org.gradle.internal.logging.events.ProgressStartEvent::getProgressOperationId (5 bytes)
Event: 5.091 Thread 0x000001f2671e9fe0 nmethod 7002 0x000001f25a8b2d08 code [0x000001f25a8b2e00, 0x000001f25a8b2ec8]
Event: 5.844 Thread 0x000001f2671e9fe0 7004       2       java.lang.StringConcatHelper::stringSize (10 bytes)
Event: 5.845 Thread 0x000001f2671e9fe0 nmethod 7004 0x000001f2533d2b88 code [0x000001f2533d2c80, 0x000001f2533d2e38]

GC Heap Usage History (20 events):
Event: 1.963 {heap Before GC invocations=5 (full 0):
 garbage-first heap   total reserved 2097152K, committed 89088K, used 30445K [0x0000000080000000, 0x0000000100000000)
  region size 1024K, 12 young (12288K), 6 survivors (6144K)
}
Event: 1.966 {heap After GC invocations=6 (full 0):
 garbage-first heap   total reserved 2097152K, committed 89088K, used 26843K [0x0000000080000000, 0x0000000100000000)
  region size 1024K, 4 young (4096K), 4 survivors (4096K)
}
Event: 2.901 {heap Before GC invocations=7 (full 0):
 garbage-first heap   total reserved 2097152K, committed 89088K, used 75995K [0x0000000080000000, 0x0000000100000000)
  region size 1024K, 45 young (46080K), 4 survivors (4096K)
}
Event: 2.905 {heap After GC invocations=8 (full 0):
 garbage-first heap   total reserved 2097152K, committed 89088K, used 39946K [0x0000000080000000, 0x0000000100000000)
  region size 1024K, 6 young (6144K), 6 survivors (6144K)
}
Event: 3.175 {heap Before GC invocations=8 (full 0):
 garbage-first heap   total reserved 2097152K, committed 89088K, used 81930K [0x0000000080000000, 0x0000000100000000)
  region size 1024K, 38 young (38912K), 6 survivors (6144K)
}
Event: 3.179 {heap After GC invocations=9 (full 0):
 garbage-first heap   total reserved 2097152K, committed 95232K, used 52796K [0x0000000080000000, 0x0000000100000000)
  region size 1024K, 5 young (5120K), 5 survivors (5120K)
}
Event: 3.384 {heap Before GC invocations=9 (full 0):
 garbage-first heap   total reserved 2097152K, committed 95232K, used 82492K [0x0000000080000000, 0x0000000100000000)
  region size 1024K, 34 young (34816K), 5 survivors (5120K)
}
Event: 3.387 {heap After GC invocations=10 (full 0):
 garbage-first heap   total reserved 2097152K, committed 114688K, used 53946K [0x0000000080000000, 0x0000000100000000)
  region size 1024K, 2 young (2048K), 2 survivors (2048K)
}
Event: 3.653 {heap Before GC invocations=11 (full 0):
 garbage-first heap   total reserved 2097152K, committed 114688K, used 95930K [0x0000000080000000, 0x0000000100000000)
  region size 1024K, 44 young (45056K), 2 survivors (2048K)
}
Event: 3.656 {heap After GC invocations=12 (full 0):
 garbage-first heap   total reserved 2097152K, committed 114688K, used 57195K [0x0000000080000000, 0x0000000100000000)
  region size 1024K, 5 young (5120K), 5 survivors (5120K)
}
Event: 4.034 {heap Before GC invocations=12 (full 0):
 garbage-first heap   total reserved 2097152K, committed 114688K, used 99179K [0x0000000080000000, 0x0000000100000000)
  region size 1024K, 46 young (47104K), 5 survivors (5120K)
}
Event: 4.038 {heap After GC invocations=13 (full 0):
 garbage-first heap   total reserved 2097152K, committed 114688K, used 59146K [0x0000000080000000, 0x0000000100000000)
  region size 1024K, 6 young (6144K), 6 survivors (6144K)
}
Event: 4.390 {heap Before GC invocations=13 (full 0):
 garbage-first heap   total reserved 2097152K, committed 114688K, used 101130K [0x0000000080000000, 0x0000000100000000)
  region size 1024K, 47 young (48128K), 6 survivors (6144K)
}
Event: 4.395 {heap After GC invocations=14 (full 0):
 garbage-first heap   total reserved 2097152K, committed 114688K, used 62389K [0x0000000080000000, 0x0000000100000000)
  region size 1024K, 6 young (6144K), 6 survivors (6144K)
}
Event: 4.725 {heap Before GC invocations=15 (full 0):
 garbage-first heap   total reserved 2097152K, committed 114688K, used 102325K [0x0000000080000000, 0x0000000100000000)
  region size 1024K, 45 young (46080K), 6 survivors (6144K)
}
Event: 4.730 {heap After GC invocations=16 (full 0):
 garbage-first heap   total reserved 2097152K, committed 114688K, used 65182K [0x0000000080000000, 0x0000000100000000)
  region size 1024K, 3 young (3072K), 3 survivors (3072K)
}
Event: 4.923 {heap Before GC invocations=16 (full 0):
 garbage-first heap   total reserved 2097152K, committed 114688K, used 103070K [0x0000000080000000, 0x0000000100000000)
  region size 1024K, 40 young (40960K), 3 survivors (3072K)
}
Event: 4.926 {heap After GC invocations=17 (full 0):
 garbage-first heap   total reserved 2097152K, committed 114688K, used 65934K [0x0000000080000000, 0x0000000100000000)
  region size 1024K, 4 young (4096K), 4 survivors (4096K)
}
Event: 5.096 {heap Before GC invocations=17 (full 0):
 garbage-first heap   total reserved 2097152K, committed 114688K, used 103822K [0x0000000080000000, 0x0000000100000000)
  region size 1024K, 42 young (43008K), 4 survivors (4096K)
}
Event: 5.843 {heap After GC invocations=18 (full 0):
 garbage-first heap   total reserved 2097152K, committed 138240K, used 68101K [0x0000000080000000, 0x0000000100000000)
  region size 1024K, 4 young (4096K), 4 survivors (4096K)
}

Metaspace Usage History (20 events):
Event: 1.963 {metaspace Before GC invocations=5 (full 0):
 Metaspace       used 35362K, committed 36096K, reserved 1114112K
  class space    used 4930K, committed 5312K, reserved 1048576K
}
Event: 1.966 {metaspace After GC invocations=6 (full 0):
 Metaspace       used 35362K, committed 36096K, reserved 1114112K
  class space    used 4930K, committed 5312K, reserved 1048576K
}
Event: 2.901 {metaspace Before GC invocations=7 (full 0):
 Metaspace       used 39030K, committed 39872K, reserved 1114112K
  class space    used 5627K, committed 6016K, reserved 1048576K
}
Event: 2.905 {metaspace After GC invocations=8 (full 0):
 Metaspace       used 39030K, committed 39872K, reserved 1114112K
  class space    used 5627K, committed 6016K, reserved 1048576K
}
Event: 3.175 {metaspace Before GC invocations=8 (full 0):
 Metaspace       used 43255K, committed 44288K, reserved 1114112K
  class space    used 6190K, committed 6656K, reserved 1048576K
}
Event: 3.179 {metaspace After GC invocations=9 (full 0):
 Metaspace       used 43255K, committed 44288K, reserved 1114112K
  class space    used 6190K, committed 6656K, reserved 1048576K
}
Event: 3.384 {metaspace Before GC invocations=9 (full 0):
 Metaspace       used 46290K, committed 47552K, reserved 1114112K
  class space    used 6765K, committed 7360K, reserved 1048576K
}
Event: 3.387 {metaspace After GC invocations=10 (full 0):
 Metaspace       used 46290K, committed 47552K, reserved 1114112K
  class space    used 6765K, committed 7360K, reserved 1048576K
}
Event: 3.653 {metaspace Before GC invocations=11 (full 0):
 Metaspace       used 50468K, committed 51648K, reserved 1114112K
  class space    used 7384K, committed 7936K, reserved 1048576K
}
Event: 3.656 {metaspace After GC invocations=12 (full 0):
 Metaspace       used 50468K, committed 51648K, reserved 1114112K
  class space    used 7384K, committed 7936K, reserved 1048576K
}
Event: 4.034 {metaspace Before GC invocations=12 (full 0):
 Metaspace       used 55788K, committed 57024K, reserved 1114112K
  class space    used 8116K, committed 8704K, reserved 1048576K
}
Event: 4.038 {metaspace After GC invocations=13 (full 0):
 Metaspace       used 55788K, committed 57024K, reserved 1114112K
  class space    used 8116K, committed 8704K, reserved 1048576K
}
Event: 4.390 {metaspace Before GC invocations=13 (full 0):
 Metaspace       used 59267K, committed 60672K, reserved 1114112K
  class space    used 8623K, committed 9280K, reserved 1048576K
}
Event: 4.395 {metaspace After GC invocations=14 (full 0):
 Metaspace       used 59267K, committed 60672K, reserved 1114112K
  class space    used 8623K, committed 9280K, reserved 1048576K
}
Event: 4.725 {metaspace Before GC invocations=15 (full 0):
 Metaspace       used 62583K, committed 64064K, reserved 1114112K
  class space    used 9205K, committed 9920K, reserved 1048576K
}
Event: 4.730 {metaspace After GC invocations=16 (full 0):
 Metaspace       used 62583K, committed 64064K, reserved 1114112K
  class space    used 9205K, committed 9920K, reserved 1048576K
}
Event: 4.923 {metaspace Before GC invocations=16 (full 0):
 Metaspace       used 64269K, committed 65792K, reserved 1114112K
  class space    used 9506K, committed 10240K, reserved 1048576K
}
Event: 4.926 {metaspace After GC invocations=17 (full 0):
 Metaspace       used 64269K, committed 65792K, reserved 1114112K
  class space    used 9506K, committed 10240K, reserved 1048576K
}
Event: 5.096 {metaspace Before GC invocations=17 (full 0):
 Metaspace       used 64562K, committed 66048K, reserved 1114112K
  class space    used 9564K, committed 10240K, reserved 1048576K
}
Event: 5.843 {metaspace After GC invocations=18 (full 0):
 Metaspace       used 64562K, committed 66048K, reserved 1114112K
  class space    used 9564K, committed 10240K, reserved 1048576K
}

Dll operation events (3 events):
Event: 0.007 Loaded shared library C:\Program Files\Android\Android Studio\jbr\bin\java.dll
Event: 0.010 Loaded shared library C:\Program Files\Android\Android Studio\jbr\bin\zip.dll
Event: 0.338 Loaded shared library C:\Program Files\Android\Android Studio\jbr\bin\verify.dll

Deoptimization events (20 events):
Event: 5.052 Thread 0x000001f2710c1aa0 Uncommon trap: trap_request=0xffffffde fr.pc=0x000001f25a84fb40 relative=0x00000000000001c0
Event: 5.052 Thread 0x000001f2710c1aa0 Uncommon trap: reason=class_check action=maybe_recompile pc=0x000001f25a84fb40 method=java.util.stream.StreamOpFlag.fromCharacteristics(Ljava/util/Spliterator;)I @ 14 c2
Event: 5.052 Thread 0x000001f2710c1aa0 DEOPT PACKING pc=0x000001f25a84fb40 sp=0x00000085e9dfa230
Event: 5.052 Thread 0x000001f2710c1aa0 DEOPT UNPACKING pc=0x000001f25a187402 sp=0x00000085e9dfa0f8 mode 2
Event: 5.056 Thread 0x000001f26da4f430 Uncommon trap: trap_request=0xffffff45 fr.pc=0x000001f25a70500c relative=0x0000000000000a8c
Event: 5.056 Thread 0x000001f26da4f430 Uncommon trap: reason=unstable_if action=reinterpret pc=0x000001f25a70500c method=java.util.concurrent.ConcurrentHashMap.addCount(JI)V @ 34 c2
Event: 5.056 Thread 0x000001f26da4f430 DEOPT PACKING pc=0x000001f25a70500c sp=0x00000085e84f3880
Event: 5.056 Thread 0x000001f26da4f430 DEOPT UNPACKING pc=0x000001f25a187402 sp=0x00000085e84f3730 mode 2
Event: 5.056 Thread 0x000001f2710c1aa0 Uncommon trap: trap_request=0xffffff45 fr.pc=0x000001f25a78fda4 relative=0x00000000000001a4
Event: 5.056 Thread 0x000001f2710c1aa0 Uncommon trap: reason=unstable_if action=reinterpret pc=0x000001f25a78fda4 method=java.util.concurrent.ConcurrentHashMap.addCount(JI)V @ 7 c2
Event: 5.056 Thread 0x000001f26da4f430 Uncommon trap: trap_request=0xffffff45 fr.pc=0x000001f25a78fda4 relative=0x00000000000001a4
Event: 5.056 Thread 0x000001f26da4f430 Uncommon trap: reason=unstable_if action=reinterpret pc=0x000001f25a78fda4 method=java.util.concurrent.ConcurrentHashMap.addCount(JI)V @ 7 c2
Event: 5.056 Thread 0x000001f2710c1aa0 DEOPT PACKING pc=0x000001f25a78fda4 sp=0x00000085e9dfac00
Event: 5.056 Thread 0x000001f26da4f430 DEOPT PACKING pc=0x000001f25a78fda4 sp=0x00000085e84f3770
Event: 5.056 Thread 0x000001f26da4f430 DEOPT UNPACKING pc=0x000001f25a187402 sp=0x00000085e84f36d0 mode 2
Event: 5.056 Thread 0x000001f2710c1aa0 DEOPT UNPACKING pc=0x000001f25a187402 sp=0x00000085e9dfab60 mode 2
Event: 5.094 Thread 0x000001f2710c1aa0 Uncommon trap: trap_request=0xffffffde fr.pc=0x000001f25a7a1e10 relative=0x0000000000008390
Event: 5.094 Thread 0x000001f2710c1aa0 Uncommon trap: reason=class_check action=maybe_recompile pc=0x000001f25a7a1e10 method=jdk.internal.util.ReferencedKeyMap.existingKey(Ljdk/internal/util/ReferencedKeyMap;Ljava/lang/Object;)Ljava/lang/Object; @ 13 c2
Event: 5.094 Thread 0x000001f2710c1aa0 DEOPT PACKING pc=0x000001f25a7a1e10 sp=0x00000085e9df9760
Event: 5.094 Thread 0x000001f2710c1aa0 DEOPT UNPACKING pc=0x000001f25a187402 sp=0x00000085e9df9640 mode 2

Classes loaded (20 events):
Event: 4.599 Loading class java/util/regex/Pattern$Pos
Event: 4.600 Loading class java/util/regex/Pattern$Pos done
Event: 4.665 Loading class java/util/PrimitiveIterator$OfInt
Event: 4.666 Loading class java/util/PrimitiveIterator$OfInt done
Event: 4.718 Loading class java/lang/classfile/CodeModel
Event: 4.718 Loading class java/lang/classfile/CodeModel done
Event: 4.780 Loading class java/io/DeleteOnExitHook
Event: 4.780 Loading class java/io/DeleteOnExitHook done
Event: 4.780 Loading class java/io/DeleteOnExitHook$1
Event: 4.780 Loading class java/io/DeleteOnExitHook$1 done
Event: 4.824 Loading class sun/reflect/ReflectionFactory
Event: 4.824 Loading class sun/reflect/ReflectionFactory done
Event: 4.866 Loading class java/util/zip/ZipFile$ZipEntryIterator
Event: 4.866 Loading class java/util/zip/ZipFile$ZipEntryIterator done
Event: 4.868 Loading class java/util/zip/ZipInputStream
Event: 4.868 Loading class java/util/zip/ZipInputStream done
Event: 5.051 Loading class java/util/TreeMap$EntrySpliterator
Event: 5.051 Loading class java/util/TreeMap$TreeMapSpliterator
Event: 5.051 Loading class java/util/TreeMap$TreeMapSpliterator done
Event: 5.051 Loading class java/util/TreeMap$EntrySpliterator done

Classes unloaded (0 events):
No events

Classes redefined (0 events):
No events

Internal exceptions (20 events):
Event: 5.087 Thread 0x000001f26da4f430 Exception <a 'sun/nio/fs/WindowsException'{0x0000000084080be0}> (0x0000000084080be0) 
thrown [s\src\hotspot\share\prims\jni.cpp, line 535]
Event: 5.087 Thread 0x000001f2710c1aa0 Exception <a 'sun/nio/fs/WindowsException'{0x0000000083f1dd30}> (0x0000000083f1dd30) 
thrown [s\src\hotspot\share\prims\jni.cpp, line 535]
Event: 5.088 Thread 0x000001f26da4f430 Exception <a 'sun/nio/fs/WindowsException'{0x000000008408a830}> (0x000000008408a830) 
thrown [s\src\hotspot\share\prims\jni.cpp, line 535]
Event: 5.088 Thread 0x000001f2710c1aa0 Exception <a 'sun/nio/fs/WindowsException'{0x0000000083f267e0}> (0x0000000083f267e0) 
thrown [s\src\hotspot\share\prims\jni.cpp, line 535]
Event: 5.088 Thread 0x000001f2710c1aa0 Exception <a 'sun/nio/fs/WindowsException'{0x0000000083f27170}> (0x0000000083f27170) 
thrown [s\src\hotspot\share\prims\jni.cpp, line 535]
Event: 5.088 Thread 0x000001f26da4f430 Exception <a 'sun/nio/fs/WindowsException'{0x000000008408c490}> (0x000000008408c490) 
thrown [s\src\hotspot\share\prims\jni.cpp, line 535]
Event: 5.088 Thread 0x000001f2710c1aa0 Exception <a 'sun/nio/fs/WindowsException'{0x0000000083f28a88}> (0x0000000083f28a88) 
thrown [s\src\hotspot\share\prims\jni.cpp, line 535]
Event: 5.088 Thread 0x000001f2710c1aa0 Exception <a 'sun/nio/fs/WindowsException'{0x0000000083f295d8}> (0x0000000083f295d8) 
thrown [s\src\hotspot\share\prims\jni.cpp, line 535]
Event: 5.088 Thread 0x000001f26da4f430 Exception <a 'sun/nio/fs/WindowsException'{0x0000000084090348}> (0x0000000084090348) 
thrown [s\src\hotspot\share\prims\jni.cpp, line 535]
Event: 5.088 Thread 0x000001f26da4f430 Exception <a 'sun/nio/fs/WindowsException'{0x0000000084092168}> (0x0000000084092168) 
thrown [s\src\hotspot\share\prims\jni.cpp, line 535]
Event: 5.089 Thread 0x000001f2710c1aa0 Exception <a 'sun/nio/fs/WindowsException'{0x0000000083f2c868}> (0x0000000083f2c868) 
thrown [s\src\hotspot\share\prims\jni.cpp, line 535]
Event: 5.089 Thread 0x000001f2710c1aa0 Exception <a 'sun/nio/fs/WindowsException'{0x0000000083f2d6a0}> (0x0000000083f2d6a0) 
thrown [s\src\hotspot\share\prims\jni.cpp, line 535]
Event: 5.089 Thread 0x000001f26da4f430 Exception <a 'sun/nio/fs/WindowsException'{0x00000000840966f0}> (0x00000000840966f0) 
thrown [s\src\hotspot\share\prims\jni.cpp, line 535]
Event: 5.090 Thread 0x000001f26da4f430 Exception <a 'sun/nio/fs/WindowsException'{0x00000000840987f8}> (0x00000000840987f8) 
thrown [s\src\hotspot\share\prims\jni.cpp, line 535]
Event: 5.093 Thread 0x000001f26da4f430 Exception <a 'sun/nio/fs/WindowsException'{0x0000000083f55db0}> (0x0000000083f55db0) 
thrown [s\src\hotspot\share\prims\jni.cpp, line 535]
Event: 5.093 Thread 0x000001f2710c1aa0 Exception <a 'sun/nio/fs/WindowsException'{0x0000000083fd4eb0}> (0x0000000083fd4eb0) 
thrown [s\src\hotspot\share\prims\jni.cpp, line 535]
Event: 5.093 Thread 0x000001f2710c1aa0 Exception <a 'sun/nio/fs/WindowsException'{0x0000000083fd5fd8}> (0x0000000083fd5fd8) 
thrown [s\src\hotspot\share\prims\jni.cpp, line 535]
Event: 5.093 Thread 0x000001f26da4f430 Exception <a 'sun/nio/fs/WindowsException'{0x0000000083f581a8}> (0x0000000083f581a8) 
thrown [s\src\hotspot\share\prims\jni.cpp, line 535]
Event: 5.096 Thread 0x000001f26da4f430 Exception <a 'sun/nio/fs/WindowsException'{0x0000000083f849f0}> (0x0000000083f849f0) 
thrown [s\src\hotspot\share\prims\jni.cpp, line 535]
Event: 5.096 Thread 0x000001f2710c1aa0 Exception <a 'sun/nio/fs/WindowsException'{0x0000000083fe7e78}> (0x0000000083fe7e78) 
thrown [s\src\hotspot\share\prims\jni.cpp, line 535]

VM Operations (20 events):
Event: 4.231 Executing non-safepoint VM operation: HandshakeAllThreads (Deoptimize) done
Event: 4.241 Executing non-safepoint VM operation: HandshakeAllThreads (Deoptimize)
Event: 4.241 Executing non-safepoint VM operation: HandshakeAllThreads (Deoptimize) done
Event: 4.390 Executing safepoint VM operation: G1CollectForAllocation (G1 Evacuation Pause)
Event: 4.396 Executing safepoint VM operation: G1CollectForAllocation (G1 Evacuation Pause) done
Event: 4.419 Executing safepoint VM operation: G1PauseRemark
Event: 4.422 Executing safepoint VM operation: G1PauseRemark done
Event: 4.431 Executing safepoint VM operation: G1PauseCleanup
Event: 4.431 Executing safepoint VM operation: G1PauseCleanup done
Event: 4.547 Executing non-safepoint VM operation: HandshakeAllThreads (Deoptimize)
Event: 4.547 Executing non-safepoint VM operation: HandshakeAllThreads (Deoptimize) done
Event: 4.591 Executing non-safepoint VM operation: HandshakeAllThreads (Deoptimize)
Event: 4.591 Executing non-safepoint VM operation: HandshakeAllThreads (Deoptimize) done
Event: 4.725 Executing safepoint VM operation: G1CollectForAllocation (G1 Evacuation Pause)
Event: 4.730 Executing safepoint VM operation: G1CollectForAllocation (G1 Evacuation Pause) done
Event: 4.922 Executing safepoint VM operation: G1CollectForAllocation (G1 Evacuation Pause)
Event: 4.926 Executing safepoint VM operation: G1CollectForAllocation (G1 Evacuation Pause) done
Event: 5.096 Executing safepoint VM operation: G1CollectForAllocation (G1 Evacuation Pause)
Event: 5.843 Executing safepoint VM operation: G1CollectForAllocation (G1 Evacuation Pause) done
Event: 5.866 Executing safepoint VM operation: G1PauseRemark

Memory protections (0 events):
No events

Nmethod flushes (20 events):
Event: 4.421 Thread 0x000001f26715ac10 flushing  nmethod 0x000001f252d0b288
Event: 4.421 Thread 0x000001f26715ac10 flushing  nmethod 0x000001f252d0c808
Event: 4.421 Thread 0x000001f26715ac10 flushing  nmethod 0x000001f252d3f808
Event: 4.421 Thread 0x000001f26715ac10 flushing  nmethod 0x000001f252d3fb08
Event: 4.421 Thread 0x000001f26715ac10 flushing  nmethod 0x000001f252db4888
Event: 4.421 Thread 0x000001f26715ac10 flushing  nmethod 0x000001f252e2f588
Event: 4.421 Thread 0x000001f26715ac10 flushing  nmethod 0x000001f252e30e88
Event: 4.421 Thread 0x000001f26715ac10 flushing  nmethod 0x000001f252e6d508
Event: 4.421 Thread 0x000001f26715ac10 flushing  nmethod 0x000001f252e8b408
Event: 4.421 Thread 0x000001f26715ac10 flushing  nmethod 0x000001f252f41508
Event: 4.421 Thread 0x000001f26715ac10 flushing  nmethod 0x000001f252f8a188
Event: 4.421 Thread 0x000001f26715ac10 flushing  nmethod 0x000001f252f8bc88
Event: 4.421 Thread 0x000001f26715ac10 flushing  nmethod 0x000001f252f8c008
Event: 4.421 Thread 0x000001f26715ac10 flushing  nmethod 0x000001f252f8c688
Event: 4.421 Thread 0x000001f26715ac10 flushing  nmethod 0x000001f25300db08
Event: 4.421 Thread 0x000001f26715ac10 flushing  nmethod 0x000001f253050b08
Event: 4.421 Thread 0x000001f26715ac10 flushing  nmethod 0x000001f253050e08
Event: 4.421 Thread 0x000001f26715ac10 flushing  nmethod 0x000001f253051108
Event: 4.421 Thread 0x000001f26715ac10 flushing  nmethod 0x000001f253051408
Event: 4.421 Thread 0x000001f26715ac10 flushing  nmethod 0x000001f2530df908

Events (20 events):
Event: 2.407 Thread 0x000001f267cfc8b0 Thread exited: 0x000001f267cfc8b0
Event: 2.426 Thread 0x000001f26798b640 Thread exited: 0x000001f26798b640
Event: 2.675 Thread 0x000001f26da4f430 Thread added: 0x000001f26e2de230
Event: 2.675 Thread 0x000001f26da4f430 Thread added: 0x000001f26e2df1d0
Event: 2.675 Thread 0x000001f26da4f430 Thread added: 0x000001f26e2df9a0
Event: 2.676 Thread 0x000001f26da4f430 Thread added: 0x000001f26e2dea00
Event: 2.676 Thread 0x000001f26da4f430 Thread added: 0x000001f26e2e1110
Event: 2.676 Thread 0x000001f26da4f430 Thread added: 0x000001f26e2dda60
Event: 2.676 Thread 0x000001f26da4f430 Thread added: 0x000001f26e2e3820
Event: 2.676 Thread 0x000001f26da4f430 Thread added: 0x000001f26e2e20b0
Event: 2.687 Thread 0x000001f2671e9fe0 Thread added: 0x000001f26f9a9690
Event: 2.854 Thread 0x000001f2671e9fe0 Thread added: 0x000001f26f9ae730
Event: 3.079 Thread 0x000001f26da4f430 Thread added: 0x000001f27085fd70
Event: 3.127 Thread 0x000001f26da4f430 Thread added: 0x000001f270863bf0
Event: 3.287 Thread 0x000001f26da4f430 Thread added: 0x000001f270861cb0
Event: 3.324 Thread 0x000001f26da4f430 Thread added: 0x000001f270862c50
Event: 4.845 Thread 0x000001f26da4f430 Thread added: 0x000001f2710c39e0
Event: 4.846 Thread 0x000001f26da4f430 Thread added: 0x000001f2710c0b00
Event: 5.027 Thread 0x000001f26da4f430 Thread added: 0x000001f2710c1aa0
Event: 5.028 Thread 0x000001f26da4f430 Thread added: 0x000001f2710c5150


Dynamic libraries:
0x00007ff7c5020000 - 0x00007ff7c502a000 	C:\Program Files\Android\Android Studio\jbr\bin\java.exe
0x00007ffa2a220000 - 0x00007ffa2a486000 	C:\WINDOWS\SYSTEM32\ntdll.dll
0x00007ffa29180000 - 0x00007ffa29249000 	C:\WINDOWS\System32\KERNEL32.DLL
0x00007ffa27910000 - 0x00007ffa27d0f000 	C:\WINDOWS\System32\KERNELBASE.dll
0x00007ffa275c0000 - 0x00007ffa2770c000 	C:\WINDOWS\System32\ucrtbase.dll
0x00007ffa00510000 - 0x00007ffa00526000 	C:\Program Files\Android\Android Studio\jbr\bin\jli.dll
0x00007ffa0d990000 - 0x00007ffa0d9ab000 	C:\Program Files\Android\Android Studio\jbr\bin\VCRUNTIME140.dll
0x00007ffa28d30000 - 0x00007ffa28ef6000 	C:\WINDOWS\System32\USER32.dll
0x00007ffa27e90000 - 0x00007ffa27eb7000 	C:\WINDOWS\System32\win32u.dll
0x00007ffa09620000 - 0x00007ffa098b1000 	C:\WINDOWS\WinSxS\amd64_microsoft.windows.common-controls_6595b64144ccf1df_6.0.26100.8972_none_3e0da176e32f9d4b\COMCTL32.dll
0x00007ffa2a090000 - 0x00007ffa2a0bb000 	C:\WINDOWS\System32\GDI32.dll
0x00007ffa277e0000 - 0x00007ffa27909000 	C:\WINDOWS\System32\gdi32full.dll
0x00007ffa28870000 - 0x00007ffa28919000 	C:\WINDOWS\System32\msvcrt.dll
0x00007ffa27de0000 - 0x00007ffa27e83000 	C:\WINDOWS\System32\msvcp_win.dll
0x00007ffa29250000 - 0x00007ffa29282000 	C:\WINDOWS\System32\IMM32.DLL
0x00007ffa0d980000 - 0x00007ffa0d98c000 	C:\Program Files\Android\Android Studio\jbr\bin\vcruntime140_1.dll
0x00007ff9cfde0000 - 0x00007ff9cfe6d000 	C:\Program Files\Android\Android Studio\jbr\bin\msvcp140.dll
0x00007ff96bcd0000 - 0x00007ff96cbaa000 	C:\Program Files\Android\Android Studio\jbr\bin\server\jvm.dll
0x00007ffa29490000 - 0x00007ffa2954c000 	C:\WINDOWS\System32\ADVAPI32.dll
0x00007ffa29570000 - 0x00007ffa29619000 	C:\WINDOWS\System32\sechost.dll
0x00007ffa29290000 - 0x00007ffa293a8000 	C:\WINDOWS\System32\RPCRT4.dll
0x00007ffa27f50000 - 0x00007ffa27fd2000 	C:\WINDOWS\System32\WS2_32.dll
0x00007ffa26c60000 - 0x00007ffa26cbe000 	C:\WINDOWS\SYSTEM32\POWRPROF.dll
0x00007ffa17dd0000 - 0x00007ffa17e06000 	C:\WINDOWS\SYSTEM32\WINMM.dll
0x00007ffa1ce70000 - 0x00007ffa1ce7b000 	C:\WINDOWS\SYSTEM32\VERSION.dll
0x00007ffa26c40000 - 0x00007ffa26c55000 	C:\WINDOWS\SYSTEM32\UMPDC.dll
0x00007ffa260e0000 - 0x00007ffa260fb000 	C:\WINDOWS\SYSTEM32\kernel.appcore.dll
0x00007ffa0d970000 - 0x00007ffa0d97a000 	C:\Program Files\Android\Android Studio\jbr\bin\jimage.dll
0x00007ffa249c0000 - 0x00007ffa24c02000 	C:\WINDOWS\SYSTEM32\DBGHELP.DLL
0x00007ffa296a0000 - 0x00007ffa29a25000 	C:\WINDOWS\System32\combase.dll
0x00007ffa293b0000 - 0x00007ffa29489000 	C:\WINDOWS\System32\OLEAUT32.dll
0x00007ff9fb3b0000 - 0x00007ff9fb3eb000 	C:\WINDOWS\SYSTEM32\dbgcore.DLL
0x00007ffa27720000 - 0x00007ffa277cc000 	C:\WINDOWS\System32\bcryptPrimitives.dll
0x00007ff9fb260000 - 0x00007ff9fb26e000 	C:\Program Files\Android\Android Studio\jbr\bin\instrument.dll
0x00007ffa0d950000 - 0x00007ffa0d96f000 	C:\Program Files\Android\Android Studio\jbr\bin\java.dll
0x00007ffa28b90000 - 0x00007ffa28d29000 	C:\WINDOWS\System32\ole32.dll
0x00007ffa280e0000 - 0x00007ffa28868000 	C:\WINDOWS\System32\SHELL32.dll
0x00007ff9fe830000 - 0x00007ff9fe847000 	C:\Program Files\Android\Android Studio\jbr\bin\zip.dll
0x00007ffa24ea0000 - 0x00007ffa2573b000 	C:\WINDOWS\SYSTEM32\windows.storage.dll
0x00007ffa29f80000 - 0x00007ffa2a079000 	C:\WINDOWS\System32\SHCORE.dll
0x00007ffa28070000 - 0x00007ffa280d6000 	C:\WINDOWS\System32\shlwapi.dll
0x00007ffa27350000 - 0x00007ffa27379000 	C:\WINDOWS\SYSTEM32\profapi.dll
0x00007ffa0d940000 - 0x00007ffa0d950000 	C:\Program Files\Android\Android Studio\jbr\bin\net.dll
0x00007ffa26670000 - 0x00007ffa266dc000 	C:\WINDOWS\system32\mswsock.dll
0x00007ff9faa60000 - 0x00007ff9faa76000 	C:\Program Files\Android\Android Studio\jbr\bin\nio.dll
0x00007ff9fb000000 - 0x00007ff9fb010000 	C:\Program Files\Android\Android Studio\jbr\bin\verify.dll
0x00007ffa0da50000 - 0x00007ffa0da77000 	D:\gradle\native\660c5614fbf4a5f2a75b1949f50a0caf5cd603558e7d8a26e50b933a0cfb79d1\windows-amd64\native-platform.dll
0x00007ff9d20f0000 - 0x00007ff9d2167000 	D:\gradle\native\0.2.8\x86_64-windows-gnu\gradle-fileevents.dll
0x00007ffa00290000 - 0x00007ffa00299000 	C:\Program Files\Android\Android Studio\jbr\bin\management.dll
0x00007ff9fe7f0000 - 0x00007ff9fe7fb000 	C:\Program Files\Android\Android Studio\jbr\bin\management_ext.dll
0x00007ffa28f40000 - 0x00007ffa28f48000 	C:\WINDOWS\System32\PSAPI.DLL
0x00007ffa25be0000 - 0x00007ffa25c13000 	C:\WINDOWS\SYSTEM32\IPHLPAPI.DLL
0x00007ffa29560000 - 0x00007ffa2956a000 	C:\WINDOWS\System32\NSI.dll
0x00007ffa004e0000 - 0x00007ffa004e9000 	C:\Program Files\Android\Android Studio\jbr\bin\extnet.dll
0x00007ffa26a90000 - 0x00007ffa26aab000 	C:\WINDOWS\SYSTEM32\CRYPTSP.dll
0x00007ffa26040000 - 0x00007ffa26079000 	C:\WINDOWS\system32\rsaenh.dll
0x00007ffa26720000 - 0x00007ffa26752000 	C:\WINDOWS\SYSTEM32\USERENV.dll
0x00007ffa27320000 - 0x00007ffa2734a000 	C:\WINDOWS\SYSTEM32\bcrypt.dll
0x00007ffa268d0000 - 0x00007ffa268dc000 	C:\WINDOWS\SYSTEM32\CRYPTBASE.dll
0x00007ff9f00a0000 - 0x00007ff9f00a8000 	C:\WINDOWS\system32\wshunix.dll
0x00007ffa26210000 - 0x00007ffa26246000 	C:\WINDOWS\SYSTEM32\ntmarta.dll

JVMTI agents:
D:\gradle\wrapper\dists\gradle-9.5.0-bin\bvnork1r7n8i6kp5cnkibsc9q\gradle-9.5.0\lib\agents\gradle-instrumentation-agent-9.5.0.jar path:C:\Program Files\Android\Android Studio\jbr\bin\instrument.dll, loaded, initialized, instrumentlib options:none

dbghelp: loaded successfully - version: 4.0.5 - missing functions: none
symbol engine: initialized successfully - sym options: 0x614 - pdb path: .;C:\Program Files\Android\Android Studio\jbr\bin;C:\WINDOWS\SYSTEM32;C:\WINDOWS\WinSxS\amd64_microsoft.windows.common-controls_6595b64144ccf1df_6.0.26100.8972_none_3e0da176e32f9d4b;C:\Program Files\Android\Android Studio\jbr\bin\server;D:\gradle\native\660c5614fbf4a5f2a75b1949f50a0caf5cd603558e7d8a26e50b933a0cfb79d1\windows-amd64;D:\gradle\native\0.2.8\x86_64-windows-gnu

VM Arguments:
jvm_args: --add-opens=java.base/java.lang=ALL-UNNAMED --add-opens=java.base/java.lang.invoke=ALL-UNNAMED --add-opens=java.base/java.util=ALL-UNNAMED --add-opens=java.prefs/java.util.prefs=ALL-UNNAMED --add-exports=jdk.compiler/com.sun.tools.javac.api=ALL-UNNAMED --add-exports=jdk.compiler/com.sun.tools.javac.util=ALL-UNNAMED --add-opens=java.base/java.nio.charset=ALL-UNNAMED --add-opens=java.base/java.net=ALL-UNNAMED --add-opens=java.base/java.util.concurrent=ALL-UNNAMED --add-opens=java.base/java.util.concurrent.atomic=ALL-UNNAMED --add-opens=java.xml/javax.xml.namespace=ALL-UNNAMED --add-opens=java.base/java.time=ALL-UNNAMED --enable-native-access=ALL-UNNAMED -Xmx2048m -Dfile.encoding=UTF-8 -Duser.country=RU -Duser.language=ru -Duser.variant -javaagent:D:\gradle\wrapper\dists\gradle-9.5.0-bin\bvnork1r7n8i6kp5cnkibsc9q\gradle-9.5.0\lib\agents\gradle-instrumentation-agent-9.5.0.jar 
java_command: org.gradle.launcher.daemon.bootstrap.GradleDaemon 9.5.0
java_class_path (initial): D:\gradle\wrapper\dists\gradle-9.5.0-bin\bvnork1r7n8i6kp5cnkibsc9q\gradle-9.5.0\lib\gradle-daemon-main-9.5.0.jar
Launcher Type: SUN_STANDARD

[Global flags]
     intx CICompilerCount                          = 4                                         {product} {ergonomic}
     uint ConcGCThreads                            = 2                                         {product} {ergonomic}
     uint G1ConcRefinementThreads                  = 8                                         {product} {ergonomic}
   size_t G1HeapRegionSize                         = 1048576                                   {product} {ergonomic}
   size_t InitialHeapSize                          = 264241152                                 {product} {ergonomic}
   size_t MarkStackSize                            = 4194304                                   {product} {ergonomic}
   size_t MarkStackSizeMax                         = 536870912                                 {product} {ergonomic}
   size_t MaxHeapSize                              = 2147483648                                {product} {command line}
   size_t MaxNewSize                               = 1287651328                                {product} {ergonomic}
   size_t MinHeapDeltaBytes                        = 1048576                                   {product} {ergonomic}
   size_t MinHeapSize                              = 8388608                                   {product} {ergonomic}
    uintx NonNMethodCodeHeapSize                   = 5832704                                {pd product} {ergonomic}
    uintx NonProfiledCodeHeapSize                  = 122945536                              {pd product} {ergonomic}
    uintx ProfiledCodeHeapSize                     = 122880000                              {pd product} {ergonomic}
    uintx ReservedCodeCacheSize                    = 251658240                              {pd product} {ergonomic}
     bool SegmentedCodeCache                       = true                                      {product} {ergonomic}
   size_t SoftMaxHeapSize                          = 2147483648                             {manageable} {ergonomic}
     bool UseCompressedOops                        = true                           {product lp64_product} {ergonomic}
     bool UseG1GC                                  = true                                      {product} {ergonomic}
     bool UseLargePagesIndividualAllocation        = false                                  {pd product} {ergonomic}

Logging:
Log output configuration:
 #0: stdout all=warning uptime,level,tags foldmultilines=false
 #1: stderr all=off uptime,level,tags foldmultilines=false

Release file:
JAVA_VERSION="25.0.2" 
MODULES="java.base java.compiler java.datatransfer java.xml java.prefs java.desktop java.instrument java.logging java.management java.security.sasl java.naming java.rmi java.management.rmi java.net.http java.scripting java.security.jgss java.transaction.xa java.sql java.sql.rowset java.xml.crypto java.se java.smartcardio jdk.accessibility jdk.internal.jvmstat jdk.attach jdk.charsets jdk.internal.opt jdk.zipfs jdk.compiler jdk.crypto.cryptoki jdk.crypto.ec jdk.dynalink jdk.hotspot.agent jdk.httpserver jdk.internal.ed jdk.internal.le jdk.internal.md jdk.internal.vm.ci jdk.jartool jdk.javadoc jdk.jcmd jdk.jdeps jdk.jdwp.agent jdk.jdi jdk.jfr jdk.jlink jdk.localedata jdk.management jdk.management.agent jdk.management.jfr jdk.naming.dns jdk.naming.rmi jdk.net jdk.sctp jdk.security.auth jdk.security.jgss jdk.unsupported jdk.unsupported.desktop jdk.xml.dom" 
IMPLEMENTOR="JetBrains s.r.o." 
JAVA_RUNTIME_VERSION="25.0.2+-15348964-b329.117" 
LIBC="default" 
OS_ARCH="x86_64" 
OS_NAME="Windows" 
SOURCE=".:git:3cf398e84a39" 

Environment Variables:
PATH=C:\Program Files\Eclipse Adoptium\jdk-17.0.20.8-hotspot\bin;C:\Program Files\Eclipse Adoptium\jdk-25.0.4.7-hotspot\bin;c:\cursor\resources\app\bin;C:\Python313\Scripts\;C:\Python313\;C:\Program Files (x86)\Embarcadero\Studio\23.0\bin;C:\Users\Public\Documents\Embarcadero\Studio\23.0\Bpl;C:\Program Files (x86)\Embarcadero\Studio\23.0\bin64;C:\Users\Public\Documents\Embarcadero\Studio\23.0\Bpl\Win64;C:\Windows\system32;C:\Windows;C:\Windows\System32\Wbem;C:\Windows\System32\WindowsPowerShell\v1.0\;C:\Windows\System32\OpenSSH\;C:\Program Files\dotnet\;c:\Program Files (x86)\Microsoft SQL Server\100\Tools\Binn\;c:\Program Files (x86)\Microsoft SQL Server\100\DTS\Binn\;c:\Program Files (x86)\Microsoft SQL Server\100\Tools\Binn\VSShell\Common7\IDE\;C:\Program Files (x86)\NVIDIA Corporation\PhysX\Common;C:\Program Files\NVIDIA Corporation\NVIDIA app\NvDLISR;C:\WINDOWS\system32;C:\WINDOWS;C:\WINDOWS\System32\Wbem;C:\WINDOWS\System32\WindowsPowerShell\v1.0\;C:\WINDOWS\System32\OpenSSH\;C:\Program Files (x86)\Windows Kits\10\Windows Performance Toolkit\;C:\Program Files\nodejs\;C:\ProgramData\chocolatey\bin;C:\;C:\Program Files\Git\cmd;C:\Program Files (x86)\NoteBook FanControl\;C:\Users\sdenm\AppData\Local\Programs\Python\Python314\Scripts\;C:\Users\sdenm\AppData\Local\Programs\Python\Python314\;C:\Python\Scripts\;C:\Python\;C:\Users\sdenm\AppData\Local\Programs\Python\Python312\Scripts\;C:\Users\sdenm\AppData\Local\Programs\Python\Python312\;C:\Users\sdenm\AppData\Local\Microsoft\WindowsApps;C:\Users\sdenm\AppData\Local\Programs\Microsoft VS Code\bin;C:\Users\sdenm\AppData\Local\GitHubDesktop\bin;C:\Users\sdenm\AppData\Roaming\npm;C:\cursor\resources\app\bin;C:\Users\sdenm\.dotnet\tools
USERNAME=sdenm
OS=Windows_NT
PROCESSOR_IDENTIFIER=Intel64 Family 6 Model 140 Stepping 1, GenuineIntel
TMP=C:\Users\sdenm\AppData\Local\Temp
TEMP=C:\Users\sdenm\AppData\Local\Temp




Compilation memory statistics disabled.

Periodic native trim disabled

JNI global refs:
JNI global refs: 24, weak refs: 39

JNI global refs memory usage: 835, weak refs: 833

Process memory usage:
Resident Set Size: 351764K (2% of 16459644K total physical memory with 5565880K free physical memory)

OOME stack traces (most recent first):
Classloader memory used:
Loader org.gradle.internal.classloader.VisitableURLClassLoader                         : 34508 K
Loader bootstrap                                                                       : 22646 K
Loader org.gradle.initialization.MixInLegacyTypesClassLoader                           : 6528 K
Loader org.gradle.internal.classloader.VisitableURLClassLoader                         : 762 K
Loader jdk.internal.loader.ClassLoaders$PlatformClassLoader                            : 401 K
Loader jdk.internal.loader.ClassLoaders$AppClassLoader                                 : 186 K
Loader org.gradle.groovy.scripts.internal.DefaultScriptCompilationHandler$ScriptClassLoader: 28016 B
Loader groovy.lang.GroovyClassLoader$InnerLoader                                       : 10168 B

Classes loaded by more than one classloader:
Class org.gradle.internal.IoActions                                                   : loaded 3 times (x 73B)
Class org.gradle.api.Action                                                           : loaded 3 times (x 72B)
Class org.gradle.api.GradleException                                                  : loaded 3 times (x 84B)
Class org.gradle.internal.operations.MultipleBuildOperationFailures                   : loaded 2 times (x 97B)
Class org.gradle.internal.classloader.DefaultClassLoaderFactory                       : loaded 2 times (x 84B)
Class kotlin.collections.AbstractList$Companion                                       : loaded 2 times (x 73B)
Class org.gradle.api.internal.DefaultClassPathProvider                                : loaded 2 times (x 78B)
Class [Lorg.gradle.api.internal.ClassPathProvider;                                    : loaded 2 times (x 71B)
Class org.gradle.api.internal.ClassPathProvider                                       : loaded 2 times (x 72B)
Class org.gradle.internal.service.UnknownServiceException                             : loaded 2 times (x 85B)
Class org.gradle.internal.classpath.TransformedClassPath                              : loaded 2 times (x 98B)
Class org.gradle.internal.classloader.InstrumentingClassLoader                        : loaded 2 times (x 72B)
Class kotlin.enums.EnumEntriesList                                                    : loaded 2 times (x 225B)
Class org.gradle.internal.service.ServiceLocator                                      : loaded 2 times (x 72B)
Class org.gradle.internal.time.DefaultTimer                                           : loaded 2 times (x 82B)
Class org.gradle.api.internal.classpath.DefaultModuleRegistry$DefaultModule           : loaded 2 times (x 84B)
Class org.gradle.internal.time.DefaultCountdownTimer                                  : loaded 2 times (x 90B)
Class org.gradle.api.internal.classpath.Module                                        : loaded 2 times (x 72B)
Class org.gradle.api.internal.classpath.UnknownModuleException                        : loaded 2 times (x 84B)
Class org.gradle.api.internal.DefaultClassPathRegistry                                : loaded 2 times (x 78B)
Class org.gradle.internal.classpath.DefaultClassPath$ImmutableUniqueList              : loaded 2 times (x 201B)
Class org.gradle.api.internal.ClassPathRegistry                                       : loaded 2 times (x 72B)
Class org.gradle.internal.classpath.ClassPath                                         : loaded 2 times (x 72B)
Class org.gradle.api.internal.classpath.DefaultModuleRegistry$DefaultModuleAlias      : loaded 2 times (x 82B)
Class org.gradle.tooling.model.Model                                                  : loaded 2 times (x 72B)
Class kotlin.UninitializedPropertyAccessException                                     : loaded 2 times (x 84B)
Class org.gradle.api.internal.classpath.ModuleRegistry                                : loaded 2 times (x 72B)
Class org.gradle.internal.installation.GradleInstallation$1                           : loaded 2 times (x 77B)
Class org.gradle.tooling.model.idea.BasicIdeaProject                                  : loaded 2 times (x 72B)
Class org.gradle.internal.classloader.ClassLoaderHierarchy                            : loaded 2 times (x 72B)
Class org.gradle.tooling.model.GradleProject                                          : loaded 2 times (x 72B)
Class org.gradle.internal.time.MonotonicClock                                         : loaded 2 times (x 79B)
Class org.gradle.internal.service.ServiceLookupException                              : loaded 2 times (x 84B)
Class org.gradle.internal.classloader.ClassLoaderFactory                              : loaded 2 times (x 72B)
Class org.gradle.internal.service.CachingServiceLocator                               : loaded 2 times (x 84B)
Class org.gradle.internal.time.TimeSource                                             : loaded 2 times (x 72B)
Class kotlin.enums.EnumEntries                                                        : loaded 2 times (x 72B)
Class org.gradle.internal.exceptions.ResolutionProvider                               : loaded 2 times (x 72B)
Class org.gradle.internal.classloader.ClasspathUtil                                   : loaded 2 times (x 73B)
Class org.gradle.internal.time.TimeSource$1                                           : loaded 2 times (x 79B)
Class org.gradle.api.specs.Spec                                                       : loaded 2 times (x 72B)
Class org.gradle.internal.time.Clock                                                  : loaded 2 times (x 72B)
Class org.gradle.tooling.model.BuildModel                                             : loaded 2 times (x 72B)
Class org.gradle.tooling.model.Element                                                : loaded 2 times (x 72B)
Class kotlin.collections.AbstractList                                                 : loaded 2 times (x 199B)
Class kotlin.collections.AbstractCollection                                           : loaded 2 times (x 119B)
Class org.gradle.internal.classloader.VisitableURLClassLoader$InstrumentingVisitableURLClassLoader: loaded 2 times (x 124B)
Class org.gradle.internal.classloader.VisitableURLClassLoader$Spec                    : loaded 2 times (x 76B)
Class org.gradle.internal.classpath.DefaultClassPath                                  : loaded 2 times (x 92B)
Class org.gradle.util.internal.DefaultGradleVersion                                   : loaded 2 times (x 84B)
Class org.gradle.internal.classloader.ClassLoaderSpec                                 : loaded 2 times (x 73B)
Class org.gradle.api.internal.classpath.Module$ModuleAlias                            : loaded 2 times (x 72B)
Class org.gradle.internal.classloader.VisitableURLClassLoader                         : loaded 2 times (x 118B)
Class org.gradle.internal.classloader.FilteringClassLoader                            : loaded 2 times (x 106B)
Class org.gradle.tooling.model.eclipse.EclipseProject                                 : loaded 2 times (x 72B)
Class org.gradle.internal.Cast                                                        : loaded 2 times (x 73B)
Class org.gradle.internal.classpath.DefaultClassPath$ImmutableUniqueList$Builder      : loaded 2 times (x 77B)
Class org.gradle.api.internal.classpath.DefaultModuleRegistry                         : loaded 2 times (x 86B)
Class org.gradle.internal.exceptions.NonGradleCauseExceptionsHolder                   : loaded 2 times (x 72B)
Class org.gradle.tooling.model.eclipse.HierarchicalEclipseProject                     : loaded 2 times (x 72B)
Class kotlin.NotImplementedError                                                      : loaded 2 times (x 84B)
Class kotlin.enums.EnumEntriesKt                                                      : loaded 2 times (x 73B)
Class org.gradle.internal.exceptions.MultiCauseException                              : loaded 2 times (x 72B)
Class org.gradle.internal.time.CountdownTimer                                         : loaded 2 times (x 72B)
Class kotlin.jvm.internal.Intrinsics                                                  : loaded 2 times (x 73B)
Class org.gradle.tooling.model.ProjectModel                                           : loaded 2 times (x 72B)
Class org.gradle.tooling.model.gradle.GradleBuild                                     : loaded 2 times (x 72B)
Class kotlin.KotlinNullPointerException                                               : loaded 2 times (x 84B)
Class org.gradle.internal.exceptions.DefaultMultiCauseException                       : loaded 2 times (x 97B)
Class org.gradle.tooling.model.HierarchicalElement                                    : loaded 2 times (x 72B)
Class org.gradle.internal.time.Time                                                   : loaded 2 times (x 73B)
Class kotlin.NoWhenBranchMatchedException                                             : loaded 2 times (x 84B)
Class org.gradle.tooling.model.BuildableElement                                       : loaded 2 times (x 72B)
Class org.gradle.tooling.model.HasGradleProject                                       : loaded 2 times (x 72B)
Class org.gradle.internal.time.Timer                                                  : loaded 2 times (x 72B)
Class kotlin.jvm.internal.markers.KMappedMarker                                       : loaded 2 times (x 72B)
Class org.gradle.internal.installation.CurrentGradleInstallationLocator               : loaded 2 times (x 73B)
Class org.gradle.tooling.model.idea.IdeaProject                                       : loaded 2 times (x 72B)
Class org.gradle.internal.service.DefaultServiceLocator                               : loaded 2 times (x 85B)
Class org.gradle.util.GradleVersion                                                   : loaded 2 times (x 83B)
Class org.gradle.internal.installation.CurrentGradleInstallation                      : loaded 2 times (x 75B)
Class org.gradle.tooling.model.gradle.ProjectPublications                             : loaded 2 times (x 72B)
Class org.gradle.util.internal.GUtil                                                  : loaded 2 times (x 73B)
Class org.gradle.internal.installation.GradleInstallation                             : loaded 2 times (x 77B)

---------------  S Y S T E M  ---------------

OS:
 Windows 11 , 64 bit Build 26100 (10.0.26100.8972)
OS uptime: 0 days 1:27 hours
Hyper-V role detected

CPU: total 8 (initial active 8) (4 cores per cpu, 2 threads per core) family 6 model 140 stepping 1 microcode 0x86, cx8, cmov, fxsr, ht, mmx, 3dnowpref, sse, sse2, sse3, ssse3, sse4.1, sse4.2, popcnt, lzcnt, tsc, tscinvbit, avx, avx2, aes, erms, clmul, bmi1, bmi2, adx, avx512f, avx512dq, avx512cd, avx512bw, avx512vl, sha, fma, vzeroupper, avx512_vpopcntdq, avx512_vpclmulqdq, avx512_vaes, avx512_vnni, clflush, clflushopt, clwb, avx512_vbmi2, avx512_vbmi, hv, rdtscp, rdpid, fsrm, gfni, avx512_bitalg, f16c, cet_ibt, cet_ss, avx512_ifma
Processor Information for the first 8 processors :
  Max Mhz: 3110, Current Mhz: 3110, Mhz Limit: 3110

Memory: 4k page, system-wide physical 16073M (5435M free)
TotalPageFile size 16073M (AvailPageFile size 29M)
current process WorkingSet (physical memory assigned to process): 343M, peak: 352M
current process commit charge ("private bytes"): 401M, peak: 429M

vm_info: OpenJDK 64-Bit Server VM (25.0.2+-15348964-b329.117) for windows-amd64 JRE (25.0.2+-15348964-b329.117), built on 2026-05-05T18:25:19Z with MS VC++ 16.10 / 16.11 (VS2019)

END.
