#
# There is insufficient memory for the Java Runtime Environment to continue.
# Native memory allocation (malloc) failed to allocate 1125920 bytes. Error detail: Chunk::new
# Possible reasons:
#   The system is out of physical RAM or swap space
#   This process is running with CompressedOops enabled, and the Java Heap may be blocking the growth of the native heap
# Possible solutions:
#   Reduce memory load on the system
#   Increase physical memory or swap space
#   Check if swap backing store is full
#   Decrease Java heap size (-Xmx/-Xms)
#   Decrease number of Java threads
#   Decrease Java thread stack sizes (-Xss)
#   Set larger code cache with -XX:ReservedCodeCacheSize=
#   JVM is running with Unscaled Compressed Oops mode in which the Java heap is
#     placed in the first 4GB address space. The Java Heap base address is the
#     maximum limit for the native heap growth. Please use -XX:HeapBaseMinAddress
#     to set the Java Heap base and to place the Java Heap above 4GB virtual address.
# This output file may be truncated or incomplete.
#
#  Out of Memory Error (arena.cpp:186), pid=16264, tid=7704
#
# JRE version: OpenJDK Runtime Environment (25.0.2) (build 25.0.2+-15348964-b329.117)
# Java VM: OpenJDK 64-Bit Server VM (25.0.2+-15348964-b329.117, mixed mode, tiered, compressed oops, compressed class ptrs, serial gc, windows-amd64)
# No core dump will be written. Minidumps are not enabled by default on client versions of Windows
#

---------------  S U M M A R Y ------------

Command Line: --add-opens=java.base/java.lang=ALL-UNNAMED --add-opens=java.base/java.lang.invoke=ALL-UNNAMED --add-opens=java.base/java.util=ALL-UNNAMED --add-opens=java.prefs/java.util.prefs=ALL-UNNAMED --add-exports=jdk.compiler/com.sun.tools.javac.api=ALL-UNNAMED --add-exports=jdk.compiler/com.sun.tools.javac.util=ALL-UNNAMED --add-opens=java.base/java.nio.charset=ALL-UNNAMED --add-opens=java.base/java.net=ALL-UNNAMED --add-opens=java.base/java.util.concurrent=ALL-UNNAMED --add-opens=java.base/java.util.concurrent.atomic=ALL-UNNAMED --add-opens=java.xml/javax.xml.namespace=ALL-UNNAMED --add-opens=java.base/java.time=ALL-UNNAMED --enable-native-access=ALL-UNNAMED -XX:+UseSerialGC -Xmx512m -Dfile.encoding=UTF-8 -Duser.country=RU -Duser.language=ru -Duser.variant -javaagent:D:\gradle\wrapper\dists\gradle-9.5.0-bin\bvnork1r7n8i6kp5cnkibsc9q\gradle-9.5.0\lib\agents\gradle-instrumentation-agent-9.5.0.jar org.gradle.launcher.daemon.bootstrap.GradleDaemon 9.5.0

Host: 11th Gen Intel(R) Core(TM) i5-11300H @ 3.10GHz, 8 cores, 15G,  Windows 11 , 64 bit Build 26100 (10.0.26100.8972)
Time: Mon Aug 10 23:15:58 2026 elapsed time: 9.604569 seconds (0d 0h 0m 9s)

---------------  T H R E A D  ---------------

Current thread (0x000001e73a069730):  JavaThread "C2 CompilerThread0" daemon [_thread_in_native, id=7704, stack(0x000000b9b8c00000,0x000000b9b8d00000) (1024K)]


Current CompileTask:
C2:9604 7623   !   4       org.jetbrains.kotlin.cli.jvm.index.JvmDependenciesIndexImpl::traverseDirectoriesInPackage (405 bytes)

Stack: [0x000000b9b8c00000,0x000000b9b8d00000]
Native frames: (J=compiled Java code, j=interpreted, Vv=VM code, C=native code)
V  [jvm.dll+0x7bd439]  (no source info available)
V  [jvm.dll+0x78763d]  (no source info available)
V  [jvm.dll+0xa0c885]  (no source info available)
V  [jvm.dll+0xa0ef04]  (no source info available)
V  [jvm.dll+0xa0f603]  (no source info available)
V  [jvm.dll+0x309bf6]  (no source info available)
V  [jvm.dll+0x10ea69]  (no source info available)
V  [jvm.dll+0x10ed92]  (no source info available)
V  [jvm.dll+0x45d999]  (no source info available)
V  [jvm.dll+0x42bd4b]  (no source info available)
V  [jvm.dll+0x42b17a]  (no source info available)
V  [jvm.dll+0x2cdea2]  (no source info available)
V  [jvm.dll+0x2cd221]  (no source info available)
V  [jvm.dll+0x242ffa]  (no source info available)
V  [jvm.dll+0x2dcc05]  (no source info available)
V  [jvm.dll+0x2dae06]  (no source info available)
V  [jvm.dll+0x49b59e]  (no source info available)
V  [jvm.dll+0x9ab9c8]  (no source info available)
V  [jvm.dll+0x7bb985]  (no source info available)
C  [ucrtbase.dll+0x2cd30]  (no source info available)
C  [KERNEL32.DLL+0x2ccb7]  (no source info available)
C  [ntdll.dll+0xaad6c]  (no source info available)

Lock stack of current Java thread (top to bottom):


---------------  P R O C E S S  ---------------

Threads class SMR info:
_java_thread_list=0x000001e757239020, length=51, elements={
0x000001e73a3589b0, 0x000001e73a40d520, 0x000001e73a057580, 0x000001e73a082790,
0x000001e73a0625f0, 0x000001e73a063450, 0x000001e73a065800, 0x000001e73a065fc0,
0x000001e73a069730, 0x000001e73a0863f0, 0x000001e73a088c40, 0x000001e751523230,
0x000001e7515212f0, 0x000001e751520b20, 0x000001e7515249a0, 0x000001e751525170,
0x000001e7515268e0, 0x000001e753185be0, 0x000001e753184c40, 0x000001e753187b20,
0x000001e753188ac0, 0x000001e75318aa00, 0x000001e75318c170, 0x000001e75318a230,
0x000001e751521ac0, 0x000001e7543aed70, 0x000001e7543ac660, 0x000001e7543b04e0,
0x000001e7543afd10, 0x000001e7543ad600, 0x000001e7543b1480, 0x000001e7543b2bf0,
0x000001e7543b33c0, 0x000001e7543b2420, 0x000001e7543b3b90, 0x000001e7563cf040,
0x000001e7563d1750, 0x000001e7563d26f0, 0x000001e7563d1f20, 0x000001e75685b970,
0x000001e756862ea0, 0x000001e756861730, 0x000001e756861f00, 0x000001e756c3b8a0,
0x000001e756c3f720, 0x000001e756c3c070, 0x000001e756c3fef0, 0x000001e756c42600,
0x000001e755760240, 0x000001e755760a10, 0x000001e7557640c0
}

Java Threads: ( => current thread )
  0x000001e73a3589b0 JavaThread "main"                              [_thread_blocked, id=15920, stack(0x000000b9b8200000,0x000000b9b8300000) (1024K)]
  0x000001e73a40d520 JavaThread "Common-Cleaner"             daemon [_thread_blocked, id=9280, stack(0x000000b9b8500000,0x000000b9b8600000) (1024K)]
  0x000001e73a057580 JavaThread "Reference Handler"          daemon [_thread_blocked, id=3300, stack(0x000000b9b8600000,0x000000b9b8700000) (1024K)]
  0x000001e73a082790 JavaThread "Finalizer"                  daemon [_thread_blocked, id=8248, stack(0x000000b9b8700000,0x000000b9b8800000) (1024K)]
  0x000001e73a0625f0 JavaThread "Signal Dispatcher"          daemon [_thread_blocked, id=15368, stack(0x000000b9b8800000,0x000000b9b8900000) (1024K)]
  0x000001e73a063450 JavaThread "Attach Listener"            daemon [_thread_blocked, id=14888, stack(0x000000b9b8900000,0x000000b9b8a00000) (1024K)]
  0x000001e73a065800 JavaThread "Service Thread"             daemon [_thread_blocked, id=9748, stack(0x000000b9b8a00000,0x000000b9b8b00000) (1024K)]
  0x000001e73a065fc0 JavaThread "Monitor Deflation Thread"   daemon [_thread_blocked, id=11612, stack(0x000000b9b8b00000,0x000000b9b8c00000) (1024K)]
=>0x000001e73a069730 JavaThread "C2 CompilerThread0"         daemon [_thread_in_native, id=7704, stack(0x000000b9b8c00000,0x000000b9b8d00000) (1024K)]
  0x000001e73a0863f0 JavaThread "C1 CompilerThread0"         daemon [_thread_blocked, id=20244, stack(0x000000b9b8d00000,0x000000b9b8e00000) (1024K)]
  0x000001e73a088c40 JavaThread "Notification Thread"        daemon [_thread_blocked, id=14288, stack(0x000000b9b8e00000,0x000000b9b8f00000) (1024K)]
  0x000001e751523230 JavaThread "Daemon health stats"               [_thread_blocked, id=14908, stack(0x000000b9b9100000,0x000000b9b9200000) (1024K)]
  0x000001e7515212f0 JavaThread "Incoming local TCP Connector on port 53693"        [_thread_in_native, id=10616, stack(0x000000b9b9200000,0x000000b9b9300000) (1024K)]
  0x000001e751520b20 JavaThread "Daemon periodic checks"            [_thread_blocked, id=11108, stack(0x000000b9b9300000,0x000000b9b9400000) (1024K)]
  0x000001e7515249a0 JavaThread "Daemon"                            [_thread_blocked, id=4760, stack(0x000000b9b9400000,0x000000b9b9500000) (1024K)]
  0x000001e751525170 JavaThread "Handler for socket connection from /127.0.0.1:53693 to /127.0.0.1:53694"        [_thread_in_native, id=18452, stack(0x000000b9b9500000,0x000000b9b9600000) (1024K)]
  0x000001e7515268e0 JavaThread "Cancel handler"                    [_thread_blocked, id=2552, stack(0x000000b9b9600000,0x000000b9b9700000) (1024K)]
  0x000001e753185be0 JavaThread "Daemon worker"                     [_thread_in_native, id=19380, stack(0x000000b9b9700000,0x000000b9b9800000) (1024K)]
  0x000001e753184c40 JavaThread "Asynchronous log dispatcher for DefaultDaemonConnection: socket connection from /127.0.0.1:53693 to /127.0.0.1:53694"        [_thread_blocked, id=20320, stack(0x000000b9b9800000,0x000000b9b9900000) (1024K)]
  0x000001e753187b20 JavaThread "Stdin handler"                     [_thread_blocked, id=15340, stack(0x000000b9b9900000,0x000000b9b9a00000) (1024K)]
  0x000001e753188ac0 JavaThread "Daemon client event forwarder"        [_thread_blocked, id=10072, stack(0x000000b9b9a00000,0x000000b9b9b00000) (1024K)]
  0x000001e75318aa00 JavaThread "Cache worker for journal cache (D:\gradle\caches\journal-1)"        [_thread_blocked, id=19560, stack(0x000000b9b9b00000,0x000000b9b9c00000) (1024K)]
  0x000001e75318c170 JavaThread "File lock request listener"        [_thread_in_native, id=10044, stack(0x000000b9b9c00000,0x000000b9b9d00000) (1024K)]
  0x000001e75318a230 JavaThread "Cache worker for file hash cache (D:\gradle\caches\9.5.0\fileHashes)"        [_thread_blocked, id=10352, stack(0x000000b9b9d00000,0x000000b9b9e00000) (1024K)]
  0x000001e751521ac0 JavaThread "Cache worker for file hash cache (D:\itdetiApp\.gradle\9.5.0\fileHashes)"        [_thread_blocked, id=17644, stack(0x000000b9b9e00000,0x000000b9b9f00000) (1024K)]
  0x000001e7543aed70 JavaThread "Cache worker for Build Output Cleanup Cache (D:\itdetiApp\.gradle\buildOutputCleanup)"        [_thread_blocked, id=1208, stack(0x000000b9b9f00000,0x000000b9ba000000) (1024K)]
  0x000001e7543ac660 JavaThread "File watcher server"        daemon [_thread_in_native, id=7172, stack(0x000000b9ba000000,0x000000b9ba100000) (1024K)]
  0x000001e7543b04e0 JavaThread "File watcher consumer"      daemon [_thread_blocked, id=12580, stack(0x000000b9ba100000,0x000000b9ba200000) (1024K)]
  0x000001e7543afd10 JavaThread "jar transforms"                    [_thread_blocked, id=16032, stack(0x000000b9ba200000,0x000000b9ba300000) (1024K)]
  0x000001e7543ad600 JavaThread "jar transforms Thread 2"           [_thread_blocked, id=16308, stack(0x000000b9ba300000,0x000000b9ba400000) (1024K)]
  0x000001e7543b1480 JavaThread "jar transforms Thread 3"           [_thread_blocked, id=18992, stack(0x000000b9ba400000,0x000000b9ba500000) (1024K)]
  0x000001e7543b2bf0 JavaThread "jar transforms Thread 4"           [_thread_blocked, id=6724, stack(0x000000b9ba500000,0x000000b9ba600000) (1024K)]
  0x000001e7543b33c0 JavaThread "jar transforms Thread 5"           [_thread_blocked, id=2244, stack(0x000000b9ba600000,0x000000b9ba700000) (1024K)]
  0x000001e7543b2420 JavaThread "jar transforms Thread 6"           [_thread_blocked, id=4032, stack(0x000000b9ba700000,0x000000b9ba800000) (1024K)]
  0x000001e7543b3b90 JavaThread "jar transforms Thread 7"           [_thread_blocked, id=19280, stack(0x000000b9ba800000,0x000000b9ba900000) (1024K)]
  0x000001e7563cf040 JavaThread "jar transforms Thread 8"           [_thread_blocked, id=7892, stack(0x000000b9ba900000,0x000000b9baa00000) (1024K)]
  0x000001e7563d1750 JavaThread "Cache worker for file content cache (D:\gradle\caches\9.5.0\fileContent)"        [_thread_blocked, id=14904, stack(0x000000b9baa00000,0x000000b9bab00000) (1024K)]
  0x000001e7563d26f0 JavaThread "Cache worker for checksums cache (D:\itdetiApp\.gradle\9.5.0\checksums)"        [_thread_blocked, id=19864, stack(0x000000b9bab00000,0x000000b9bac00000) (1024K)]
  0x000001e7563d1f20 JavaThread "Cache worker for cache directory md-supplier (D:\gradle\caches\9.5.0\md-supplier)"        [_thread_blocked, id=15000, stack(0x000000b9bac00000,0x000000b9bad00000) (1024K)]
  0x000001e75685b970 JavaThread "Cache worker for cache directory md-rule (D:\gradle\caches\9.5.0\md-rule)"        [_thread_blocked, id=20096, stack(0x000000b9bad00000,0x000000b9bae00000) (1024K)]
  0x000001e756862ea0 JavaThread "Build operations"                  [_thread_blocked, id=15540, stack(0x000000b9bae00000,0x000000b9baf00000) (1024K)]
  0x000001e756861730 JavaThread "Build operations Thread 2"         [_thread_blocked, id=13936, stack(0x000000b9baf00000,0x000000b9bb000000) (1024K)]
  0x000001e756861f00 JavaThread "Build operations Thread 3"         [_thread_blocked, id=16844, stack(0x000000b9bb000000,0x000000b9bb100000) (1024K)]
  0x000001e756c3b8a0 JavaThread "Build operations Thread 4"         [_thread_blocked, id=7416, stack(0x000000b9bb100000,0x000000b9bb200000) (1024K)]
  0x000001e756c3f720 JavaThread "Build operations Thread 5"         [_thread_blocked, id=12028, stack(0x000000b9bb200000,0x000000b9bb300000) (1024K)]
  0x000001e756c3c070 JavaThread "Build operations Thread 6"         [_thread_blocked, id=19048, stack(0x000000b9bb300000,0x000000b9bb400000) (1024K)]
  0x000001e756c3fef0 JavaThread "Build operations Thread 7"         [_thread_blocked, id=15900, stack(0x000000b9bb400000,0x000000b9bb500000) (1024K)]
  0x000001e756c42600 JavaThread "Build operations Thread 8"         [_thread_blocked, id=5820, stack(0x000000b9bb500000,0x000000b9bb600000) (1024K)]
  0x000001e755760240 JavaThread "DefaultDispatcher-worker-1" daemon [_thread_blocked, id=9112, stack(0x000000b9b8f00000,0x000000b9b9000000) (1024K)]
  0x000001e755760a10 JavaThread "DefaultDispatcher-worker-2" daemon [_thread_blocked, id=13300, stack(0x000000b9b9000000,0x000000b9b9100000) (1024K)]
  0x000001e7557640c0 JavaThread "DefaultDispatcher-worker-3" daemon [_thread_blocked, id=15704, stack(0x000000b9bb600000,0x000000b9bb700000) (1024K)]
Total: 51

Other Threads:
  0x000001e73a3d5ef0 VMThread "VM Thread"                           [id=12416, stack(0x000000b9b8400000,0x000000b9b8500000) (1024K)]
  0x000001e73a3b7e60 WatcherThread "VM Periodic Task Thread"        [id=15420, stack(0x000000b9b8300000,0x000000b9b8400000) (1024K)]
Total: 2

Threads with active compile tasks:
C2 CompilerThread0  9665 7623   !   4       org.jetbrains.kotlin.cli.jvm.index.JvmDependenciesIndexImpl::traverseDirectoriesInPackage (405 bytes)
Total: 1

VM state: not at safepoint (normal execution)

VM Mutex/Monitor currently owned by a thread:  ([mutex/lock_event])
[0x00007ff96cab2318] Metaspace_lock - owner thread: 0x000001e753185be0

Heap address: 0x00000000e0000000, size: 512 MB, Compressed Oops mode: 32-bit

CDS archive(s) not mapped
Compressed class space mapped at: 0x0000000083000000-0x00000000c3000000, reserved size: 1073741824
UseCompressedClassPointers 1, UseCompactObjectHeaders 0
Narrow klass pointer bits 32, Max shift 3
Narrow klass base: 0x0000000000000000, Narrow klass shift: 0
Encoding Range: [0x0000000000000000 - 0x0000000100000000), (4294967296 bytes)
Klass Range:    [0x0000000083000000 - 0x00000000c3000000), (1073741824 bytes)
Klass ID Range:  [2197815296 - 3271557113) (1073741817)
No protection zone.

GC Precious Log:
 CardTable entry size: 512
 CPUs: 8 total, 8 available
 Memory: 16073M
 Large Page Support: Disabled
 NUMA Support: Disabled
 Compressed Oops: Enabled (32-bit)
 Heap Min Capacity: 8M
 Heap Initial Capacity: 252M
 Heap Max Capacity: 512M
 Pre-touch: Disabled

Heap:
 DefNew     total 77632K, used 6778K [0x00000000e0000000, 0x00000000e5430000, 0x00000000eaaa0000)
  eden space 69056K,   9% used [0x00000000e0000000, 0x00000000e069e908, 0x00000000e4370000)
  from space 8576K,   0% used [0x00000000e4370000, 0x00000000e4370000, 0x00000000e4bd0000)
  to   space 8576K,   0% used [0x00000000e4bd0000, 0x00000000e4bd0000, 0x00000000e5430000)
 Tenured    total 172032K, used 87807K [0x00000000eaaa0000, 0x00000000f52a0000, 0x0000000100000000)
  the  space 172032K,  51% used [0x00000000eaaa0000, 0x00000000f005fc48, 0x00000000f52a0000)

Card table byte_map: [0x000001e739e60000,0x000001e739f60000] _byte_map_base: 0x000001e739760000

Polling page: 0x000001e738110000

Metaspace:
Metaspace        used 98598K, committed 100288K, reserved 1179648K
 class space     used 13910K, committed 14720K, reserved 1048576K

Usage:
  Non-class:     82.70 MB used.
      Class:     13.58 MB used.
       Both:     96.29 MB used.

Virtual space:
  Non-class space:      128.00 MB reserved,      83.56 MB ( 65%) committed,  2 nodes.
      Class space:        1.00 GB reserved,      14.38 MB (  1%) committed,  1 nodes.
             Both:        1.12 GB reserved,      97.94 MB (  9%) committed. 

Chunk freelists:
   Non-Class:  11.98 MB
       Class:  1.55 MB
        Both:  13.53 MB

MaxMetaspaceSize: unlimited
CompressedClassSpaceSize: 1.00 GB
Initial GC threshold: 21.00 MB
Current GC threshold: 162.19 MB
CDS: off
 - commit_granule_bytes: 65536.
 - commit_granule_words: 8192.
 - virtual_space_node_default_size: 8388608.
 - enlarge_chunks_in_place: 1.
UseCompressedClassPointers 1, UseCompactObjectHeaders 0
Narrow klass pointer bits 32, Max shift 3
Narrow klass base: 0x0000000000000000, Narrow klass shift: 0
Encoding Range: [0x0000000000000000 - 0x0000000100000000), (4294967296 bytes)
Klass Range:    [0x0000000083000000 - 0x00000000c3000000), (1073741824 bytes)
Klass ID Range:  [2197815296 - 3271557113) (1073741817)
No protection zone.


Internal statistics:

num_allocs_failed_limit: 12.
num_arena_births: 3150.
num_arena_deaths: 0.
num_vsnodes_births: 3.
num_vsnodes_deaths: 0.
num_space_committed: 1567.
num_space_uncommitted: 0.
num_chunks_returned_to_freelist: 12.
num_chunks_taken_from_freelist: 6776.
num_chunk_merges: 9.
num_chunk_splits: 4793.
num_chunks_enlarged: 3375.
num_inconsistent_stats: 0.

CodeHeap 'non-profiled nmethods': size=120064Kb used=2825Kb max_used=3219Kb free=117238Kb
 bounds [0x000001e745300000, 0x000001e745630000, 0x000001e74c840000]
CodeHeap 'profiled nmethods': size=120000Kb used=9304Kb max_used=10355Kb free=110696Kb
 bounds [0x000001e73d840000, 0x000001e73e260000, 0x000001e744d70000]
CodeHeap 'non-nmethods': size=5696Kb used=1901Kb max_used=1929Kb free=3795Kb
 bounds [0x000001e744d70000, 0x000001e744fe0000, 0x000001e745300000]
CodeCache: size=245760Kb, used=14030Kb, max_used=15503Kb, free=231729Kb
 total_blobs=7532, nmethods=6606, adapters=830, full_count=0
Compilation: enabled, stopped_count=0, restarted_count=0

Compilation events (20 events):
Event: 7.468 Thread 0x000001e7563362c0 nmethod 7676 0x000001e745623808 code [0x000001e745623900, 0x000001e745623990]
Event: 7.468 Thread 0x000001e7563362c0 7678       4       org.jetbrains.kotlin.com.intellij.openapi.vfs.VirtualFile::getNameSequence (13 bytes)
Event: 7.468 Thread 0x000001e7556a6050 nmethod 7677 0x000001e745623b08 code [0x000001e745623c00, 0x000001e745623d20]
Event: 7.468 Thread 0x000001e7556a6050 7675       4       java.util.stream.ReferencePipeline$2$1::accept (24 bytes)
Event: 7.469 Thread 0x000001e7556a6050 nmethod 7675 0x000001e745623e08 code [0x000001e745623f00, 0x000001e745623fd8]
Event: 7.469 Thread 0x000001e7563362c0 nmethod 7678 0x000001e745624108 code [0x000001e745624200, 0x000001e7456243b8]
Event: 7.905 Thread 0x000001e73a0863f0 7682       1       javax.management.ObjectName$Property::setKeyIndex (6 bytes)
Event: 7.906 Thread 0x000001e73a0863f0 nmethod 7682 0x000001e745624408 code [0x000001e745624500, 0x000001e7456245c8]
Event: 7.906 Thread 0x000001e73a0863f0 7683       3       java.util.stream.Collectors$$Lambda/0x00000000831f8538::accept (14 bytes)
Event: 7.906 Thread 0x000001e73a0863f0 nmethod 7683 0x000001e73e25bf08 code [0x000001e73e25c000, 0x000001e73e25c280]
Event: 7.906 Thread 0x000001e73a0863f0 7684       1       sun.management.MemoryPoolImpl::getName (5 bytes)
Event: 7.906 Thread 0x000001e73a0863f0 nmethod 7684 0x000001e745624708 code [0x000001e745624800, 0x000001e7456248c8]
Event: 8.469 Thread 0x000001e73a0863f0 7687       3       kotlin.ranges.IntProgressionIterator::<init> (68 bytes)
Event: 8.470 Thread 0x000001e73a0863f0 nmethod 7687 0x000001e73e25c288 code [0x000001e73e25c380, 0x000001e73e25c670]
Event: 8.470 Thread 0x000001e73a0863f0 7688       3       kotlin.collections.IntIterator::<init> (5 bytes)
Event: 8.470 Thread 0x000001e73a0863f0 nmethod 7688 0x000001e73e25c688 code [0x000001e73e25c780, 0x000001e73e25c8e0]
Event: 8.470 Thread 0x000001e73a0863f0 7685       3       org.jetbrains.kotlin.load.java.structure.impl.classFiles.CommonMixinsKt::isSet (12 bytes)
Event: 8.470 Thread 0x000001e73a0863f0 nmethod 7685 0x000001e73e25c988 code [0x000001e73e25ca80, 0x000001e73e25cbb8]
Event: 8.470 Thread 0x000001e73a0863f0 7686       1       org.jetbrains.kotlin.load.java.structure.impl.classFiles.BinaryJavaClass::getAccess (5 bytes)
Event: 8.470 Thread 0x000001e73a0863f0 nmethod 7686 0x000001e745624a08 code [0x000001e745624b00, 0x000001e745624bc8]

GC Heap Usage History (20 events):
Event: 2.143 {heap Before GC invocations=3 (full 1):
 DefNew     total 77504K, used 28963K [0x00000000e0000000, 0x00000000e5410000, 0x00000000eaaa0000)
  eden space 68928K,  36% used [0x00000000e0000000, 0x00000000e18c88c8, 0x00000000e4350000)
  from space 8576K,  41% used [0x00000000e4bb0000, 0x00000000e4f30400, 0x00000000e5410000)
  to   space 8576K,   0% used [0x00000000e4350000, 0x00000000e4350000, 0x00000000e4bb0000)
 Tenured    total 172032K, used 18432K [0x00000000eaaa0000, 0x00000000f52a0000, 0x0000000100000000Event: 2.173 {heap After GC invocations=4 (full 2):
 DefNew     total 77568K, used 0K [0x00000000e0000000, 0x00000000e5420000, 0x00000000eaaa0000)
  eden space 68992K,   0% used [0x00000000e0000000, 0x00000000e0000000, 0x00000000e4360000)
  from space 8576K,   0% used [0x00000000e4360000, 0x00000000e4360000, 0x00000000e4bc0000)
  to   space 8576K,   0% used [0x00000000e4bc0000, 0x00000000e4bc0000, 0x00000000e5420000)
 Tenured    total 172032K, used 23680K [0x00000000eaaa0000, 0x00000000f52a0000, 0x0000000100000000)
  tEvent: 2.662 {heap Before GC invocations=4 (full 2):
 DefNew     total 77568K, used 68992K [0x00000000e0000000, 0x00000000e5420000, 0x00000000eaaa0000)
  eden space 68992K, 100% used [0x00000000e0000000, 0x00000000e4360000, 0x00000000e4360000)
  from space 8576K,   0% used [0x00000000e4360000, 0x00000000e4360000, 0x00000000e4bc0000)
  to   space 8576K,   0% used [0x00000000e4bc0000, 0x00000000e4bc0000, 0x00000000e5420000)
 Tenured    total 172032K, used 23680K [0x00000000eaaa0000, 0x00000000f52a0000, 0x0000000100000000Event: 2.672 {heap After GC invocations=5 (full 2):
 DefNew     total 77568K, used 8575K [0x00000000e0000000, 0x00000000e5420000, 0x00000000eaaa0000)
  eden space 68992K,   0% used [0x00000000e0000000, 0x00000000e0000000, 0x00000000e4360000)
  from space 8576K,  99% used [0x00000000e4bc0000, 0x00000000e541fff8, 0x00000000e5420000)
  to   space 8576K,   0% used [0x00000000e4360000, 0x00000000e4360000, 0x00000000e4bc0000)
 Tenured    total 172032K, used 36199K [0x00000000eaaa0000, 0x00000000f52a0000, 0x0000000100000000)
Event: 3.208 {heap Before GC invocations=5 (full 2):
 DefNew     total 77568K, used 77567K [0x00000000e0000000, 0x00000000e5420000, 0x00000000eaaa0000)
  eden space 68992K, 100% used [0x00000000e0000000, 0x00000000e4360000, 0x00000000e4360000)
  from space 8576K,  99% used [0x00000000e4bc0000, 0x00000000e541fff8, 0x00000000e5420000)
  to   space 8576K,   0% used [0x00000000e4360000, 0x00000000e4360000, 0x00000000e4bc0000)
 Tenured    total 172032K, used 36199K [0x00000000eaaa0000, 0x00000000f52a0000, 0x0000000100000000Event: 3.219 {heap After GC invocations=6 (full 2):
 DefNew     total 77568K, used 4019K [0x00000000e0000000, 0x00000000e5420000, 0x00000000eaaa0000)
  eden space 68992K,   0% used [0x00000000e0000000, 0x00000000e0000000, 0x00000000e4360000)
  from space 8576K,  46% used [0x00000000e4360000, 0x00000000e474cc10, 0x00000000e4bc0000)
  to   space 8576K,   0% used [0x00000000e4bc0000, 0x00000000e4bc0000, 0x00000000e5420000)
 Tenured    total 172032K, used 44724K [0x00000000eaaa0000, 0x00000000f52a0000, 0x0000000100000000)
Event: 3.811 {heap Before GC invocations=6 (full 2):
 DefNew     total 77568K, used 73011K [0x00000000e0000000, 0x00000000e5420000, 0x00000000eaaa0000)
  eden space 68992K, 100% used [0x00000000e0000000, 0x00000000e4360000, 0x00000000e4360000)
  from space 8576K,  46% used [0x00000000e4360000, 0x00000000e474cc10, 0x00000000e4bc0000)
  to   space 8576K,   0% used [0x00000000e4bc0000, 0x00000000e4bc0000, 0x00000000e5420000)
 Tenured    total 172032K, used 44724K [0x00000000eaaa0000, 0x00000000f52a0000, 0x0000000100000000Event: 3.825 {heap After GC invocations=7 (full 2):
 DefNew     total 77568K, used 7849K [0x00000000e0000000, 0x00000000e5420000, 0x00000000eaaa0000)
  eden space 68992K,   0% used [0x00000000e0000000, 0x00000000e0000000, 0x00000000e4360000)
  from space 8576K,  91% used [0x00000000e4bc0000, 0x00000000e536a4c0, 0x00000000e5420000)
  to   space 8576K,   0% used [0x00000000e4360000, 0x00000000e4360000, 0x00000000e4bc0000)
 Tenured    total 172032K, used 44724K [0x00000000eaaa0000, 0x00000000f52a0000, 0x0000000100000000)
Event: 4.094 {heap Before GC invocations=7 (full 2):
 DefNew     total 77568K, used 40669K [0x00000000e0000000, 0x00000000e5420000, 0x00000000eaaa0000)
  eden space 68992K,  47% used [0x00000000e0000000, 0x00000000e200d170, 0x00000000e4360000)
  from space 8576K,  91% used [0x00000000e4bc0000, 0x00000000e536a4c0, 0x00000000e5420000)
  to   space 8576K,   0% used [0x00000000e4360000, 0x00000000e4360000, 0x00000000e4bc0000)
 Tenured    total 172032K, used 44724K [0x00000000eaaa0000, 0x00000000f52a0000, 0x0000000100000000Event: 4.151 {heap After GC invocations=8 (full 3):
 DefNew     total 77632K, used 0K [0x00000000e0000000, 0x00000000e5430000, 0x00000000eaaa0000)
  eden space 69056K,   0% used [0x00000000e0000000, 0x00000000e0000000, 0x00000000e4370000)
  from space 8576K,   0% used [0x00000000e4370000, 0x00000000e4370000, 0x00000000e4bd0000)
  to   space 8576K,   0% used [0x00000000e4bd0000, 0x00000000e4bd0000, 0x00000000e5430000)
 Tenured    total 172032K, used 56533K [0x00000000eaaa0000, 0x00000000f52a0000, 0x0000000100000000)
  tEvent: 4.665 {heap Before GC invocations=8 (full 3):
 DefNew     total 77632K, used 69056K [0x00000000e0000000, 0x00000000e5430000, 0x00000000eaaa0000)
  eden space 69056K, 100% used [0x00000000e0000000, 0x00000000e4370000, 0x00000000e4370000)
  from space 8576K,   0% used [0x00000000e4370000, 0x00000000e4370000, 0x00000000e4bd0000)
  to   space 8576K,   0% used [0x00000000e4bd0000, 0x00000000e4bd0000, 0x00000000e5430000)
 Tenured    total 172032K, used 56533K [0x00000000eaaa0000, 0x00000000f52a0000, 0x0000000100000000Event: 4.670 {heap After GC invocations=9 (full 3):
 DefNew     total 77632K, used 2059K [0x00000000e0000000, 0x00000000e5430000, 0x00000000eaaa0000)
  eden space 69056K,   0% used [0x00000000e0000000, 0x00000000e0000000, 0x00000000e4370000)
  from space 8576K,  24% used [0x00000000e4bd0000, 0x00000000e4dd2d38, 0x00000000e5430000)
  to   space 8576K,   0% used [0x00000000e4370000, 0x00000000e4370000, 0x00000000e4bd0000)
 Tenured    total 172032K, used 56533K [0x00000000eaaa0000, 0x00000000f52a0000, 0x0000000100000000)
Event: 5.221 {heap Before GC invocations=9 (full 3):
 DefNew     total 77632K, used 71115K [0x00000000e0000000, 0x00000000e5430000, 0x00000000eaaa0000)
  eden space 69056K, 100% used [0x00000000e0000000, 0x00000000e4370000, 0x00000000e4370000)
  from space 8576K,  24% used [0x00000000e4bd0000, 0x00000000e4dd2d38, 0x00000000e5430000)
  to   space 8576K,   0% used [0x00000000e4370000, 0x00000000e4370000, 0x00000000e4bd0000)
 Tenured    total 172032K, used 56533K [0x00000000eaaa0000, 0x00000000f52a0000, 0x0000000100000000Event: 5.231 {heap After GC invocations=10 (full 3):
 DefNew     total 77632K, used 6423K [0x00000000e0000000, 0x00000000e5430000, 0x00000000eaaa0000)
  eden space 69056K,   0% used [0x00000000e0000000, 0x00000000e0000000, 0x00000000e4370000)
  from space 8576K,  74% used [0x00000000e4370000, 0x00000000e49b5fc0, 0x00000000e4bd0000)
  to   space 8576K,   0% used [0x00000000e4bd0000, 0x00000000e4bd0000, 0x00000000e5430000)
 Tenured    total 172032K, used 56533K [0x00000000eaaa0000, 0x00000000f52a0000, 0x0000000100000000)Event: 5.554 {heap Before GC invocations=10 (full 3):
 DefNew     total 77632K, used 75479K [0x00000000e0000000, 0x00000000e5430000, 0x00000000eaaa0000)
  eden space 69056K, 100% used [0x00000000e0000000, 0x00000000e4370000, 0x00000000e4370000)
  from space 8576K,  74% used [0x00000000e4370000, 0x00000000e49b5fc0, 0x00000000e4bd0000)
  to   space 8576K,   0% used [0x00000000e4bd0000, 0x00000000e4bd0000, 0x00000000e5430000)
 Tenured    total 172032K, used 56533K [0x00000000eaaa0000, 0x00000000f52a0000, 0x000000010000000Event: 5.578 {heap After GC invocations=11 (full 3):
 DefNew     total 77632K, used 8576K [0x00000000e0000000, 0x00000000e5430000, 0x00000000eaaa0000)
  eden space 69056K,   0% used [0x00000000e0000000, 0x00000000e0000000, 0x00000000e4370000)
  from space 8576K, 100% used [0x00000000e4bd0000, 0x00000000e5430000, 0x00000000e5430000)
  to   space 8576K,   0% used [0x00000000e4370000, 0x00000000e4370000, 0x00000000e4bd0000)
 Tenured    total 172032K, used 69103K [0x00000000eaaa0000, 0x00000000f52a0000, 0x0000000100000000)Event: 6.022 {heap Before GC invocations=11 (full 3):
 DefNew     total 77632K, used 77632K [0x00000000e0000000, 0x00000000e5430000, 0x00000000eaaa0000)
  eden space 69056K, 100% used [0x00000000e0000000, 0x00000000e4370000, 0x00000000e4370000)
  from space 8576K, 100% used [0x00000000e4bd0000, 0x00000000e5430000, 0x00000000e5430000)
  to   space 8576K,   0% used [0x00000000e4370000, 0x00000000e4370000, 0x00000000e4bd0000)
 Tenured    total 172032K, used 69103K [0x00000000eaaa0000, 0x00000000f52a0000, 0x000000010000000Event: 6.038 {heap After GC invocations=12 (full 3):
 DefNew     total 77632K, used 4942K [0x00000000e0000000, 0x00000000e5430000, 0x00000000eaaa0000)
  eden space 69056K,   0% used [0x00000000e0000000, 0x00000000e0000000, 0x00000000e4370000)
  from space 8576K,  57% used [0x00000000e4370000, 0x00000000e4843b28, 0x00000000e4bd0000)
  to   space 8576K,   0% used [0x00000000e4bd0000, 0x00000000e4bd0000, 0x00000000e5430000)
 Tenured    total 172032K, used 77659K [0x00000000eaaa0000, 0x00000000f52a0000, 0x0000000100000000)Event: 8.472 {heap Before GC invocations=12 (full 3):
 DefNew     total 77632K, used 67245K [0x00000000e0000000, 0x00000000e5430000, 0x00000000eaaa0000)
  eden space 69056K,  90% used [0x00000000e0000000, 0x00000000e3cd7940, 0x00000000e4370000)
  from space 8576K,  57% used [0x00000000e4370000, 0x00000000e4843b28, 0x00000000e4bd0000)
  to   space 8576K,   0% used [0x00000000e4bd0000, 0x00000000e4bd0000, 0x00000000e5430000)
 Tenured    total 172032K, used 77659K [0x00000000eaaa0000, 0x00000000f52a0000, 0x000000010000000Event: 8.580 {heap After GC invocations=13 (full 4):
 DefNew     total 77632K, used 0K [0x00000000e0000000, 0x00000000e5430000, 0x00000000eaaa0000)
  eden space 69056K,   0% used [0x00000000e0000000, 0x00000000e0000000, 0x00000000e4370000)
  from space 8576K,   0% used [0x00000000e4370000, 0x00000000e4370000, 0x00000000e4bd0000)
  to   space 8576K,   0% used [0x00000000e4bd0000, 0x00000000e4bd0000, 0x00000000e5430000)
 Tenured    total 172032K, used 87807K [0x00000000eaaa0000, 0x00000000f52a0000, 0x0000000100000000)
  
Metaspace Usage History (20 events):
Event: 2.144 {metaspace Before GC invocations=3 (full 1):
 Metaspace       used 35170K, committed 35840K, reserved 1114112K
  class space    used 4913K, committed 5184K, reserved 1048576K
}
Event: 2.173 {metaspace After GC invocations=4 (full 2):
 Metaspace       used 35170K, committed 35840K, reserved 1114112K
  class space    used 4913K, committed 5184K, reserved 1048576K
}
Event: 2.662 {metaspace Before GC invocations=4 (full 2):
 Metaspace       used 41178K, committed 42112K, reserved 1114112K
  class space    used 5829K, committed 6272K, reserved 1048576K
}
Event: 2.672 {metaspace After GC invocations=5 (full 2):
 Metaspace       used 41178K, committed 42112K, reserved 1114112K
  class space    used 5829K, committed 6272K, reserved 1048576K
}
Event: 3.208 {metaspace Before GC invocations=5 (full 2):
 Metaspace       used 49582K, committed 50880K, reserved 1114112K
  class space    used 7146K, committed 7744K, reserved 1048576K
}
Event: 3.219 {metaspace After GC invocations=6 (full 2):
 Metaspace       used 49582K, committed 50880K, reserved 1114112K
  class space    used 7146K, committed 7744K, reserved 1048576K
}
Event: 3.811 {metaspace Before GC invocations=6 (full 2):
 Metaspace       used 56778K, committed 58240K, reserved 1114112K
  class space    used 8391K, committed 9088K, reserved 1048576K
}
Event: 3.825 {metaspace After GC invocations=7 (full 2):
 Metaspace       used 56778K, committed 58240K, reserved 1114112K
  class space    used 8391K, committed 9088K, reserved 1048576K
}
Event: 4.094 {metaspace Before GC invocations=7 (full 2):
 Metaspace       used 58235K, committed 59776K, reserved 1114112K
  class space    used 8570K, committed 9280K, reserved 1048576K
}
Event: 4.151 {metaspace After GC invocations=8 (full 3):
 Metaspace       used 58235K, committed 59776K, reserved 1114112K
  class space    used 8570K, committed 9280K, reserved 1048576K
}
Event: 4.665 {metaspace Before GC invocations=8 (full 3):
 Metaspace       used 68264K, committed 69952K, reserved 1114112K
  class space    used 10416K, committed 11200K, reserved 1048576K
}
Event: 4.670 {metaspace After GC invocations=9 (full 3):
 Metaspace       used 68264K, committed 69952K, reserved 1114112K
  class space    used 10416K, committed 11200K, reserved 1048576K
}
Event: 5.221 {metaspace Before GC invocations=9 (full 3):
 Metaspace       used 77537K, committed 79232K, reserved 1179648K
  class space    used 11583K, committed 12352K, reserved 1048576K
}
Event: 5.231 {metaspace After GC invocations=10 (full 3):
 Metaspace       used 77537K, committed 79232K, reserved 1179648K
  class space    used 11583K, committed 12352K, reserved 1048576K
}
Event: 5.554 {metaspace Before GC invocations=10 (full 3):
 Metaspace       used 82665K, committed 84352K, reserved 1179648K
  class space    used 12119K, committed 12928K, reserved 1048576K
}
Event: 5.578 {metaspace After GC invocations=11 (full 3):
 Metaspace       used 82665K, committed 84352K, reserved 1179648K
  class space    used 12119K, committed 12928K, reserved 1048576K
}
Event: 6.022 {metaspace Before GC invocations=11 (full 3):
 Metaspace       used 91143K, committed 92864K, reserved 1179648K
  class space    used 13024K, committed 13824K, reserved 1048576K
}
Event: 6.038 {metaspace After GC invocations=12 (full 3):
 Metaspace       used 91143K, committed 92864K, reserved 1179648K
  class space    used 13024K, committed 13824K, reserved 1048576K
}
Event: 8.472 {metaspace Before GC invocations=12 (full 3):
 Metaspace       used 97964K, committed 99648K, reserved 1179648K
  class space    used 13789K, committed 14592K, reserved 1048576K
}
Event: 8.580 {metaspace After GC invocations=13 (full 4):
 Metaspace       used 97964K, committed 99648K, reserved 1179648K
  class space    used 13789K, committed 14592K, reserved 1048576K
}

Dll operation events (3 events):
Event: 0.008 Loaded shared library C:\Program Files\Android\Android Studio\jbr\bin\java.dll
Event: 0.010 Loaded shared library C:\Program Files\Android\Android Studio\jbr\bin\zip.dll
Event: 0.340 Loaded shared library C:\Program Files\Android\Android Studio\jbr\bin\verify.dll

Deoptimization events (20 events):
Event: 6.119 Thread 0x000001e753185be0 Uncommon trap: trap_request=0xffffffc6 fr.pc=0x000001e74558239c relative=0x000000000000009c
Event: 6.119 Thread 0x000001e753185be0 Uncommon trap: reason=bimorphic_or_optimized_type_check action=maybe_recompile pc=0x000001e74558239c method=java.util.Collections$SetFromMap.remove(Ljava/lang/Object;)Z @ 5 c2
Event: 6.119 Thread 0x000001e753185be0 DEOPT PACKING pc=0x000001e74558239c sp=0x000000b9b97f28e0
Event: 6.119 Thread 0x000001e753185be0 DEOPT UNPACKING pc=0x000001e744e82482 sp=0x000000b9b97f2878 mode 2
Event: 6.268 Thread 0x000001e753185be0 Uncommon trap: trap_request=0xffffffde fr.pc=0x000001e745601200 relative=0x0000000000000180
Event: 6.268 Thread 0x000001e753185be0 Uncommon trap: reason=class_check action=maybe_recompile pc=0x000001e745601200 method=org.jetbrains.kotlin.com.intellij.openapi.util.text.StringUtilRt.lastIndexOf(Ljava/lang/CharSequence;CII)I @ 17 c2
Event: 6.268 Thread 0x000001e753185be0 DEOPT PACKING pc=0x000001e745601200 sp=0x000000b9b97f2310
Event: 6.269 Thread 0x000001e753185be0 DEOPT UNPACKING pc=0x000001e744e82482 sp=0x000000b9b97f2290 mode 2
Event: 6.269 Thread 0x000001e753185be0 Uncommon trap: trap_request=0xffffffde fr.pc=0x000001e745601200 relative=0x0000000000000180
Event: 6.269 Thread 0x000001e753185be0 Uncommon trap: reason=class_check action=maybe_recompile pc=0x000001e745601200 method=org.jetbrains.kotlin.com.intellij.openapi.util.text.StringUtilRt.lastIndexOf(Ljava/lang/CharSequence;CII)I @ 17 c2
Event: 6.269 Thread 0x000001e753185be0 DEOPT PACKING pc=0x000001e745601200 sp=0x000000b9b97f2300
Event: 6.269 Thread 0x000001e753185be0 DEOPT UNPACKING pc=0x000001e744e82482 sp=0x000000b9b97f2280 mode 2
Event: 6.269 Thread 0x000001e753185be0 Uncommon trap: trap_request=0xffffffde fr.pc=0x000001e745601200 relative=0x0000000000000180
Event: 6.269 Thread 0x000001e753185be0 Uncommon trap: reason=class_check action=maybe_recompile pc=0x000001e745601200 method=org.jetbrains.kotlin.com.intellij.openapi.util.text.StringUtilRt.lastIndexOf(Ljava/lang/CharSequence;CII)I @ 17 c2
Event: 6.269 Thread 0x000001e753185be0 DEOPT PACKING pc=0x000001e745601200 sp=0x000000b9b97f2310
Event: 6.269 Thread 0x000001e753185be0 DEOPT UNPACKING pc=0x000001e744e82482 sp=0x000000b9b97f2290 mode 2
Event: 6.269 Thread 0x000001e753185be0 Uncommon trap: trap_request=0xffffffde fr.pc=0x000001e745601200 relative=0x0000000000000180
Event: 6.269 Thread 0x000001e753185be0 Uncommon trap: reason=class_check action=maybe_recompile pc=0x000001e745601200 method=org.jetbrains.kotlin.com.intellij.openapi.util.text.StringUtilRt.lastIndexOf(Ljava/lang/CharSequence;CII)I @ 17 c2
Event: 6.269 Thread 0x000001e753185be0 DEOPT PACKING pc=0x000001e745601200 sp=0x000000b9b97f2300
Event: 6.269 Thread 0x000001e753185be0 DEOPT UNPACKING pc=0x000001e744e82482 sp=0x000000b9b97f2280 mode 2

Classes loaded (20 events):
Event: 5.193 Loading class java/beans/ChangeListenerMap done
Event: 5.193 Loading class java/beans/PropertyChangeSupport$PropertyChangeListenerMap done
Event: 5.193 Loading class java/beans/PropertyChangeListener
Event: 5.193 Loading class java/beans/PropertyChangeListener done
Event: 5.308 Loading class java/util/regex/Pattern$Bound
Event: 5.308 Loading class java/util/regex/Pattern$Bound done
Event: 5.308 Loading class java/util/regex/Pattern$LookBehindEndNode
Event: 5.308 Loading class java/util/regex/Pattern$LookBehindEndNode done
Event: 5.308 Loading class java/util/regex/Pattern$NotBehind
Event: 5.308 Loading class java/util/regex/Pattern$NotBehind done
Event: 5.339 Loading class java/util/function/IntUnaryOperator
Event: 5.339 Loading class java/util/function/IntUnaryOperator done
Event: 5.938 Loading class java/util/AbstractList$ListItr
Event: 5.938 Loading class java/util/AbstractList$ListItr done
Event: 6.106 Loading class java/text/StringCharacterIterator
Event: 6.107 Loading class java/text/CharacterIterator
Event: 6.107 Loading class java/text/CharacterIterator done
Event: 6.107 Loading class java/text/StringCharacterIterator done
Event: 6.211 Loading class java/util/PriorityQueue
Event: 6.212 Loading class java/util/PriorityQueue done

Classes unloaded (0 events):
No events

Classes redefined (0 events):
No events

Internal exceptions (20 events):
Event: 4.613 Thread 0x000001e753185be0 Exception <a 'java/lang/NoSuchMethodError'{0x00000000e3c84978}: 'int java.lang.invoke.DelegatingMethodHandle$Holder.reinvoke_L(java.lang.Object, java.lang.Object, java.lang.Object, long, java.lang.Object, java.lang.Object)'> (0x00000000e3c84978) 
thrown [s\src\hotspot\share\interpreter\linkResolver.cpp, line 815]
Event: 4.613 Thread 0x000001e753185be0 Exception <a 'java/lang/NoSuchMethodError'{0x00000000e3ca6b90}: 'int java.lang.invoke.DelegatingMethodHandle$Holder.reinvoke_L(java.lang.Object, java.lang.Object, java.lang.Object, long, int, int)'> (0x00000000e3ca6b90) 
thrown [s\src\hotspot\share\interpreter\linkResolver.cpp, line 815]
Event: 4.614 Thread 0x000001e753185be0 Exception <a 'java/lang/NoSuchMethodError'{0x00000000e3cc8bf8}: 'int java.lang.invoke.DelegatingMethodHandle$Holder.reinvoke_L(java.lang.Object, java.lang.Object, java.lang.Object, long, long, long)'> (0x00000000e3cc8bf8) 
thrown [s\src\hotspot\share\interpreter\linkResolver.cpp, line 815]
Event: 4.614 Thread 0x000001e753185be0 Exception <a 'java/lang/NoSuchMethodError'{0x00000000e3ced760}: 'int java.lang.invoke.DelegatingMethodHandle$Holder.reinvoke_L(java.lang.Object, java.lang.Object, java.lang.Object, long, int)'> (0x00000000e3ced760) 
thrown [s\src\hotspot\share\interpreter\linkResolver.cpp, line 815]
Event: 4.614 Thread 0x000001e753185be0 Exception <a 'java/lang/NoSuchMethodError'{0x00000000e3d0f010}: 'long java.lang.invoke.DelegatingMethodHandle$Holder.reinvoke_L(java.lang.Object, java.lang.Object, java.lang.Object)'> (0x00000000e3d0f010) 
thrown [s\src\hotspot\share\interpreter\linkResolver.cpp, line 815]
Event: 4.615 Thread 0x000001e753185be0 Exception <a 'java/lang/NoSuchMethodError'{0x00000000e3d31650}: 'void java.lang.invoke.DelegatingMethodHandle$Holder.reinvoke_L(java.lang.Object, java.lang.Object, java.lang.Object, long, java.lang.Object, long, long)'> (0x00000000e3d31650) 
thrown [s\src\hotspot\share\interpreter\linkResolver.cpp, line 815]
Event: 4.615 Thread 0x000001e753185be0 Exception <a 'java/lang/NoSuchMethodError'{0x00000000e3d43318}: 'long java.lang.invoke.Invokers$Holder.invokeExact_MT(java.lang.Object, java.lang.Object, java.lang.Object)'> (0x00000000e3d43318) 
thrown [s\src\hotspot\share\interpreter\linkResolver.cpp, line 815]
Event: 4.617 Thread 0x000001e753185be0 Exception <a 'java/lang/NoSuchMethodError'{0x00000000e3d6e1b8}: 'int java.lang.invoke.Invokers$Holder.invokeExact_MT(java.lang.Object, java.lang.Object, java.lang.Object)'> (0x00000000e3d6e1b8) 
thrown [s\src\hotspot\share\interpreter\linkResolver.cpp, line 815]
Event: 4.733 Thread 0x000001e753185be0 Exception <a 'sun/nio/fs/WindowsException'{0x00000000e07a9338}> (0x00000000e07a9338) 
thrown [s\src\hotspot\share\prims\jni.cpp, line 535]
Event: 4.944 Thread 0x000001e753185be0 Exception <a 'java/lang/NoSuchMethodError'{0x00000000e22761b8}: 'java.lang.Object java.lang.invoke.DirectMethodHandle$Holder.invokeStatic(java.lang.Object, java.lang.Object, java.lang.Object, java.lang.Object, int, java.lang.Object)'> (0x00000000e22761b8) 
thrown [s\src\hotspot\share\interpreter\linkResolver.cpp, line 815]
Event: 4.966 Thread 0x000001e753185be0 Exception <a 'java/lang/NoSuchMethodError'{0x00000000e23c5fd8}: 'long java.lang.invoke.DirectMethodHandle$Holder.invokeStatic(java.lang.Object, java.lang.Object, int)'> (0x00000000e23c5fd8) 
thrown [s\src\hotspot\share\interpreter\linkResolver.cpp, line 815]
Event: 4.967 Thread 0x000001e753185be0 Exception <a 'java/lang/NoSuchMethodError'{0x00000000e23d7cf0}: 'long java.lang.invoke.DelegatingMethodHandle$Holder.reinvoke_L(java.lang.Object, java.lang.Object, int)'> (0x00000000e23d7cf0) 
thrown [s\src\hotspot\share\interpreter\linkResolver.cpp, line 815]
Event: 4.967 Thread 0x000001e753185be0 Exception <a 'java/lang/NoSuchMethodError'{0x00000000e23f1a98}: 'java.lang.Object java.lang.invoke.DelegatingMethodHandle$Holder.reinvoke_L(java.lang.Object, int, long, java.lang.Object, java.lang.Object, int, java.lang.Object)'> (0x00000000e23f1a98) 
thrown [s\src\hotspot\share\interpreter\linkResolver.cpp, line 815]
Event: 5.185 Thread 0x000001e753185be0 Exception <a 'java/lang/IncompatibleClassChangeError'{0x00000000e3ca28f8}: Found class java.lang.Object, but interface was expected> (0x00000000e3ca28f8) 
thrown [s\src\hotspot\share\interpreter\linkResolver.cpp, line 882]
Event: 5.200 Thread 0x000001e753185be0 Exception <a 'java/lang/NoSuchMethodError'{0x00000000e3e078b8}: 'java.lang.Object java.lang.invoke.DirectMethodHandle$Holder.invokeStatic(java.lang.Object, java.lang.Object, long, long)'> (0x00000000e3e078b8) 
thrown [s\src\hotspot\share\interpreter\linkResolver.cpp, line 815]
Event: 5.203 Thread 0x000001e753185be0 Exception <a 'java/lang/NoSuchMethodError'{0x00000000e3e5dc28}: 'java.lang.Object java.lang.invoke.DirectMethodHandle$Holder.invokeStatic(java.lang.Object, java.lang.Object, java.lang.Object, long, java.lang.Object)'> (0x00000000e3e5dc28) 
thrown [s\src\hotspot\share\interpreter\linkResolver.cpp, line 815]
Event: 5.204 Thread 0x000001e753185be0 Exception <a 'java/lang/NoSuchMethodError'{0x00000000e3e6fe00}: 'java.lang.Object java.lang.invoke.DirectMethodHandle$Holder.newInvokeSpecial(java.lang.Object, java.lang.Object, java.lang.Object, long)'> (0x00000000e3e6fe00) 
thrown [s\src\hotspot\share\interpreter\linkResolver.cpp, line 815]
Event: 5.204 Thread 0x000001e753185be0 Exception <a 'java/lang/NoSuchMethodError'{0x00000000e3e79b58}: 'java.lang.Object java.lang.invoke.Invokers$Holder.linkToTargetMethod(java.lang.Object, java.lang.Object, long, java.lang.Object)'> (0x00000000e3e79b58) 
thrown [s\src\hotspot\share\interpreter\linkResolver.cpp, line 815]
Event: 5.276 Thread 0x000001e753185be0 Implicit null exception at 0x000001e7455b8704 to 0x000001e7455b8b04
Event: 5.283 Thread 0x000001e753185be0 Implicit null exception at 0x000001e7455beef7 to 0x000001e7455bf298

VM Operations (20 events):
Event: 5.033 Executing non-safepoint VM operation: HandshakeAllThreads (Deoptimize)
Event: 5.033 Executing non-safepoint VM operation: HandshakeAllThreads (Deoptimize) done
Event: 5.065 Executing non-safepoint VM operation: HandshakeAllThreads (Deoptimize)
Event: 5.065 Executing non-safepoint VM operation: HandshakeAllThreads (Deoptimize) done
Event: 5.112 Executing non-safepoint VM operation: HandshakeAllThreads (Deoptimize)
Event: 5.112 Executing non-safepoint VM operation: HandshakeAllThreads (Deoptimize) done
Event: 5.221 Executing safepoint VM operation: SerialCollectForAllocation (Allocation Failure)
Event: 5.231 Executing safepoint VM operation: SerialCollectForAllocation (Allocation Failure) done
Event: 5.257 Executing non-safepoint VM operation: HandshakeAllThreads (Deoptimize)
Event: 5.257 Executing non-safepoint VM operation: HandshakeAllThreads (Deoptimize) done
Event: 5.554 Executing safepoint VM operation: SerialCollectForAllocation (Allocation Failure)
Event: 5.578 Executing safepoint VM operation: SerialCollectForAllocation (Allocation Failure) done
Event: 5.671 Executing non-safepoint VM operation: HandshakeAllThreads (Deoptimize)
Event: 5.671 Executing non-safepoint VM operation: HandshakeAllThreads (Deoptimize) done
Event: 5.938 Executing non-safepoint VM operation: HandshakeAllThreads (Deoptimize)
Event: 5.938 Executing non-safepoint VM operation: HandshakeAllThreads (Deoptimize) done
Event: 6.022 Executing safepoint VM operation: SerialCollectForAllocation (Allocation Failure)
Event: 6.038 Executing safepoint VM operation: SerialCollectForAllocation (Allocation Failure) done
Event: 8.472 Executing safepoint VM operation: CollectForMetadataAllocation (Metadata GC Threshold)
Event: 8.580 Executing safepoint VM operation: CollectForMetadataAllocation (Metadata GC Threshold) done

Memory protections (0 events):
No events

Nmethod flushes (20 events):
Event: 8.518 Thread 0x000001e73a3d5ef0 flushing  nmethod 0x000001e73decef88
Event: 8.518 Thread 0x000001e73a3d5ef0 flushing  nmethod 0x000001e73ded0f88
Event: 8.518 Thread 0x000001e73a3d5ef0 flushing  nmethod 0x000001e73df0e688
Event: 8.518 Thread 0x000001e73a3d5ef0 flushing  nmethod 0x000001e73df0ee88
Event: 8.518 Thread 0x000001e73a3d5ef0 flushing  nmethod 0x000001e73df2a708
Event: 8.518 Thread 0x000001e73a3d5ef0 flushing  nmethod 0x000001e73df6fd88
Event: 8.518 Thread 0x000001e73a3d5ef0 flushing  nmethod 0x000001e73df70d88
Event: 8.518 Thread 0x000001e73a3d5ef0 flushing  nmethod 0x000001e73df71088
Event: 8.518 Thread 0x000001e73a3d5ef0 flushing  nmethod 0x000001e73df72388
Event: 8.518 Thread 0x000001e73a3d5ef0 flushing  nmethod 0x000001e73df78d08
Event: 8.518 Thread 0x000001e73a3d5ef0 flushing  nmethod 0x000001e73df8e208
Event: 8.518 Thread 0x000001e73a3d5ef0 flushing  nmethod 0x000001e73df92408
Event: 8.518 Thread 0x000001e73a3d5ef0 flushing  nmethod 0x000001e73dfb5f88
Event: 8.518 Thread 0x000001e73a3d5ef0 flushing  nmethod 0x000001e73dfba788
Event: 8.518 Thread 0x000001e73a3d5ef0 flushing  nmethod 0x000001e73dfc3908
Event: 8.518 Thread 0x000001e73a3d5ef0 flushing  nmethod 0x000001e73e00f788
Event: 8.518 Thread 0x000001e73a3d5ef0 flushing  nmethod 0x000001e73e041208
Event: 8.518 Thread 0x000001e73a3d5ef0 flushing  nmethod 0x000001e73e04a208
Event: 8.518 Thread 0x000001e73a3d5ef0 flushing  nmethod 0x000001e73e058588
Event: 8.518 Thread 0x000001e73a3d5ef0 flushing  nmethod 0x000001e73e063808

Events (20 events):
Event: 3.869 Thread 0x000001e753185be0 Thread added: 0x000001e756c3c070
Event: 3.869 Thread 0x000001e753185be0 Thread added: 0x000001e756c3fef0
Event: 3.869 Thread 0x000001e753185be0 Thread added: 0x000001e756c42600
Event: 4.468 Thread 0x000001e751019500 Thread exited: 0x000001e751019500
Event: 4.616 Thread 0x000001e751018b50 Thread exited: 0x000001e751018b50
Event: 4.771 Thread 0x000001e753185be0 Thread added: 0x000001e755760240
Event: 4.771 Thread 0x000001e753185be0 Thread added: 0x000001e755760a10
Event: 4.790 Thread 0x000001e755760a10 Thread added: 0x000001e7557640c0
Event: 4.795 Thread 0x000001e73a0863f0 Thread added: 0x000001e754484fc0
Event: 5.165 Thread 0x000001e73a069730 Thread added: 0x000001e7556a6050
Event: 5.943 Thread 0x000001e7556a6050 Thread exited: 0x000001e7556a6050
Event: 5.943 Thread 0x000001e754484fc0 Thread exited: 0x000001e754484fc0
Event: 6.021 Thread 0x000001e73a0863f0 Thread added: 0x000001e75401b5d0
Event: 6.264 Thread 0x000001e73a0863f0 Thread added: 0x000001e75401c5f0
Event: 7.398 Thread 0x000001e75401c5f0 Thread exited: 0x000001e75401c5f0
Event: 7.398 Thread 0x000001e75401b5d0 Thread exited: 0x000001e75401b5d0
Event: 7.426 Thread 0x000001e73a0863f0 Thread added: 0x000001e7556a6050
Event: 7.426 Thread 0x000001e73a0863f0 Thread added: 0x000001e7563362c0
Event: 8.469 Thread 0x000001e7563362c0 Thread exited: 0x000001e7563362c0
Event: 8.469 Thread 0x000001e7556a6050 Thread exited: 0x000001e7556a6050


Dynamic libraries:
0x00007ff7c5020000 - 0x00007ff7c502a000 	C:\Program Files\Android\Android Studio\jbr\bin\java.exe
0x00007ffa2a220000 - 0x00007ffa2a486000 	C:\WINDOWS\SYSTEM32\ntdll.dll
0x00007ffa29180000 - 0x00007ffa29249000 	C:\WINDOWS\System32\KERNEL32.DLL
0x00007ffa27910000 - 0x00007ffa27d0f000 	C:\WINDOWS\System32\KERNELBASE.dll
0x00007ffa275c0000 - 0x00007ffa2770c000 	C:\WINDOWS\System32\ucrtbase.dll
0x00007ffa00510000 - 0x00007ffa00526000 	C:\Program Files\Android\Android Studio\jbr\bin\jli.dll
0x00007ffa0d990000 - 0x00007ffa0d9ab000 	C:\Program Files\Android\Android Studio\jbr\bin\VCRUNTIME140.dll
0x00007ffa28d30000 - 0x00007ffa28ef6000 	C:\WINDOWS\System32\USER32.dll
0x00007ffa27e90000 - 0x00007ffa27eb7000 	C:\WINDOWS\System32\win32u.dll
0x00007ffa09620000 - 0x00007ffa098b1000 	C:\WINDOWS\WinSxS\amd64_microsoft.windows.common-controls_6595b64144ccf1df_6.0.26100.8972_none_3e0da176e32f9d4b\COMCTL32.dll
0x00007ffa2a090000 - 0x00007ffa2a0bb000 	C:\WINDOWS\System32\GDI32.dll
0x00007ffa28870000 - 0x00007ffa28919000 	C:\WINDOWS\System32\msvcrt.dll
0x00007ffa277e0000 - 0x00007ffa27909000 	C:\WINDOWS\System32\gdi32full.dll
0x00007ffa27de0000 - 0x00007ffa27e83000 	C:\WINDOWS\System32\msvcp_win.dll
0x00007ffa29250000 - 0x00007ffa29282000 	C:\WINDOWS\System32\IMM32.DLL
0x00007ffa0d980000 - 0x00007ffa0d98c000 	C:\Program Files\Android\Android Studio\jbr\bin\vcruntime140_1.dll
0x00007ff9cfde0000 - 0x00007ff9cfe6d000 	C:\Program Files\Android\Android Studio\jbr\bin\msvcp140.dll
0x00007ff96bcd0000 - 0x00007ff96cbaa000 	C:\Program Files\Android\Android Studio\jbr\bin\server\jvm.dll
0x00007ffa29490000 - 0x00007ffa2954c000 	C:\WINDOWS\System32\ADVAPI32.dll
0x00007ffa29570000 - 0x00007ffa29619000 	C:\WINDOWS\System32\sechost.dll
0x00007ffa29290000 - 0x00007ffa293a8000 	C:\WINDOWS\System32\RPCRT4.dll
0x00007ffa27f50000 - 0x00007ffa27fd2000 	C:\WINDOWS\System32\WS2_32.dll
0x00007ffa26c60000 - 0x00007ffa26cbe000 	C:\WINDOWS\SYSTEM32\POWRPROF.dll
0x00007ffa17dd0000 - 0x00007ffa17e06000 	C:\WINDOWS\SYSTEM32\WINMM.dll
0x00007ffa1ce70000 - 0x00007ffa1ce7b000 	C:\WINDOWS\SYSTEM32\VERSION.dll
0x00007ffa26c40000 - 0x00007ffa26c55000 	C:\WINDOWS\SYSTEM32\UMPDC.dll
0x00007ffa260e0000 - 0x00007ffa260fb000 	C:\WINDOWS\SYSTEM32\kernel.appcore.dll
0x00007ffa0d970000 - 0x00007ffa0d97a000 	C:\Program Files\Android\Android Studio\jbr\bin\jimage.dll
0x00007ffa249c0000 - 0x00007ffa24c02000 	C:\WINDOWS\SYSTEM32\DBGHELP.DLL
0x00007ffa296a0000 - 0x00007ffa29a25000 	C:\WINDOWS\System32\combase.dll
0x00007ffa293b0000 - 0x00007ffa29489000 	C:\WINDOWS\System32\OLEAUT32.dll
0x00007ff9fb3b0000 - 0x00007ff9fb3eb000 	C:\WINDOWS\SYSTEM32\dbgcore.DLL
0x00007ffa27720000 - 0x00007ffa277cc000 	C:\WINDOWS\System32\bcryptPrimitives.dll
0x00007ff9fb260000 - 0x00007ff9fb26e000 	C:\Program Files\Android\Android Studio\jbr\bin\instrument.dll
0x00007ffa0d950000 - 0x00007ffa0d96f000 	C:\Program Files\Android\Android Studio\jbr\bin\java.dll
0x00007ffa28b90000 - 0x00007ffa28d29000 	C:\WINDOWS\System32\ole32.dll
0x00007ffa280e0000 - 0x00007ffa28868000 	C:\WINDOWS\System32\SHELL32.dll
0x00007ff9fe830000 - 0x00007ff9fe847000 	C:\Program Files\Android\Android Studio\jbr\bin\zip.dll
0x00007ffa24ea0000 - 0x00007ffa2573b000 	C:\WINDOWS\SYSTEM32\windows.storage.dll
0x00007ffa29f80000 - 0x00007ffa2a079000 	C:\WINDOWS\System32\SHCORE.dll
0x00007ffa28070000 - 0x00007ffa280d6000 	C:\WINDOWS\System32\shlwapi.dll
0x00007ffa27350000 - 0x00007ffa27379000 	C:\WINDOWS\SYSTEM32\profapi.dll
0x00007ffa0d940000 - 0x00007ffa0d950000 	C:\Program Files\Android\Android Studio\jbr\bin\net.dll
0x00007ffa26670000 - 0x00007ffa266dc000 	C:\WINDOWS\system32\mswsock.dll
0x00007ff9faa60000 - 0x00007ff9faa76000 	C:\Program Files\Android\Android Studio\jbr\bin\nio.dll
0x00007ff9fb000000 - 0x00007ff9fb010000 	C:\Program Files\Android\Android Studio\jbr\bin\verify.dll
0x00007ffa0d9e0000 - 0x00007ffa0da07000 	D:\gradle\native\660c5614fbf4a5f2a75b1949f50a0caf5cd603558e7d8a26e50b933a0cfb79d1\windows-amd64\native-platform.dll
0x00007ff9ced30000 - 0x00007ff9ceda7000 	D:\gradle\native\0.2.8\x86_64-windows-gnu\gradle-fileevents.dll
0x00007ffa00290000 - 0x00007ffa00299000 	C:\Program Files\Android\Android Studio\jbr\bin\management.dll
0x00007ff9fe7f0000 - 0x00007ff9fe7fb000 	C:\Program Files\Android\Android Studio\jbr\bin\management_ext.dll
0x00007ffa28f40000 - 0x00007ffa28f48000 	C:\WINDOWS\System32\PSAPI.DLL
0x00007ffa25be0000 - 0x00007ffa25c13000 	C:\WINDOWS\SYSTEM32\IPHLPAPI.DLL
0x00007ffa29560000 - 0x00007ffa2956a000 	C:\WINDOWS\System32\NSI.dll
0x00007ffa004e0000 - 0x00007ffa004e9000 	C:\Program Files\Android\Android Studio\jbr\bin\extnet.dll
0x00007ffa26a90000 - 0x00007ffa26aab000 	C:\WINDOWS\SYSTEM32\CRYPTSP.dll
0x00007ffa26040000 - 0x00007ffa26079000 	C:\WINDOWS\system32\rsaenh.dll
0x00007ffa26720000 - 0x00007ffa26752000 	C:\WINDOWS\SYSTEM32\USERENV.dll
0x00007ffa27320000 - 0x00007ffa2734a000 	C:\WINDOWS\SYSTEM32\bcrypt.dll
0x00007ffa268d0000 - 0x00007ffa268dc000 	C:\WINDOWS\SYSTEM32\CRYPTBASE.dll
0x00007ff9f00a0000 - 0x00007ff9f00a8000 	C:\WINDOWS\system32\wshunix.dll

JVMTI agents:
D:\gradle\wrapper\dists\gradle-9.5.0-bin\bvnork1r7n8i6kp5cnkibsc9q\gradle-9.5.0\lib\agents\gradle-instrumentation-agent-9.5.0.jar path:C:\Program Files\Android\Android Studio\jbr\bin\instrument.dll, loaded, initialized, instrumentlib options:none

dbghelp: loaded successfully - version: 4.0.5 - missing functions: none
symbol engine: initialized successfully - sym options: 0x614 - pdb path: .;C:\Program Files\Android\Android Studio\jbr\bin;C:\WINDOWS\SYSTEM32;C:\WINDOWS\WinSxS\amd64_microsoft.windows.common-controls_6595b64144ccf1df_6.0.26100.8972_none_3e0da176e32f9d4b;C:\Program Files\Android\Android Studio\jbr\bin\server;D:\gradle\native\660c5614fbf4a5f2a75b1949f50a0caf5cd603558e7d8a26e50b933a0cfb79d1\windows-amd64;D:\gradle\native\0.2.8\x86_64-windows-gnu

VM Arguments:
jvm_args: --add-opens=java.base/java.lang=ALL-UNNAMED --add-opens=java.base/java.lang.invoke=ALL-UNNAMED --add-opens=java.base/java.util=ALL-UNNAMED --add-opens=java.prefs/java.util.prefs=ALL-UNNAMED --add-exports=jdk.compiler/com.sun.tools.javac.api=ALL-UNNAMED --add-exports=jdk.compiler/com.sun.tools.javac.util=ALL-UNNAMED --add-opens=java.base/java.nio.charset=ALL-UNNAMED --add-opens=java.base/java.net=ALL-UNNAMED --add-opens=java.base/java.util.concurrent=ALL-UNNAMED --add-opens=java.base/java.util.concurrent.atomic=ALL-UNNAMED --add-opens=java.xml/javax.xml.namespace=ALL-UNNAMED --add-opens=java.base/java.time=ALL-UNNAMED --enable-native-access=ALL-UNNAMED -XX:+UseSerialGC -Xmx512m -Dfile.encoding=UTF-8 -Duser.country=RU -Duser.language=ru -Duser.variant -javaagent:D:\gradle\wrapper\dists\gradle-9.5.0-bin\bvnork1r7n8i6kp5cnkibsc9q\gradle-9.5.0\lib\agents\gradle-instrumentation-agent-9.5.0.jar 
java_command: org.gradle.launcher.daemon.bootstrap.GradleDaemon 9.5.0
java_class_path (initial): D:\gradle\wrapper\dists\gradle-9.5.0-bin\bvnork1r7n8i6kp5cnkibsc9q\gradle-9.5.0\lib\gradle-daemon-main-9.5.0.jar
Launcher Type: SUN_STANDARD

[Global flags]
     intx CICompilerCount                          = 4                                         {product} {ergonomic}
   size_t InitialHeapSize                          = 264241152                                 {product} {ergonomic}
   size_t MaxHeapSize                              = 536870912                                 {product} {command line}
   size_t MaxNewSize                               = 178913280                                 {product} {ergonomic}
   size_t MinHeapDeltaBytes                        = 196608                                    {product} {ergonomic}
   size_t MinHeapSize                              = 8388608                                   {product} {ergonomic}
   size_t NewSize                                  = 88080384                                  {product} {ergonomic}
    uintx NonNMethodCodeHeapSize                   = 5832704                                {pd product} {ergonomic}
    uintx NonProfiledCodeHeapSize                  = 122945536                              {pd product} {ergonomic}
    uintx ProfiledCodeHeapSize                     = 122880000                              {pd product} {ergonomic}
    uintx ReservedCodeCacheSize                    = 251658240                              {pd product} {ergonomic}
     bool SegmentedCodeCache                       = true                                      {product} {ergonomic}
   size_t SoftMaxHeapSize                          = 536870912                              {manageable} {ergonomic}
     bool UseCompressedOops                        = true                           {product lp64_product} {ergonomic}
     bool UseLargePagesIndividualAllocation        = false                                  {pd product} {ergonomic}
     bool UseSerialGC                              = true                                      {product} {command line}

Logging:
Log output configuration:
 #0: stdout all=warning uptime,level,tags foldmultilines=false
 #1: stderr all=off uptime,level,tags foldmultilines=false

Release file:
JAVA_VERSION="25.0.2" 
MODULES="java.base java.compiler java.datatransfer java.xml java.prefs java.desktop java.instrument java.logging java.management java.security.sasl java.naming java.rmi java.management.rmi java.net.http java.scripting java.security.jgss java.transaction.xa java.sql java.sql.rowset java.xml.crypto java.se java.smartcardio jdk.accessibility jdk.internal.jvmstat jdk.attach jdk.charsets jdk.internal.opt jdk.zipfs jdk.compiler jdk.crypto.cryptoki jdk.crypto.ec jdk.dynalink jdk.hotspot.agent jdk.httpserver jdk.internal.ed jdk.internal.le jdk.internal.md jdk.internal.vm.ci jdk.jartool jdk.javadoc jdk.jcmd jdk.jdeps jdk.jdwp.agent jdk.jdi jdk.jfr jdk.jlink jdk.localedata jdk.management jdk.management.agent jdk.management.jfr jdk.naming.dns jdk.naming.rmi jdk.net jdk.sctp jdk.security.auth jdk.security.jgss jdk.unsupported jdk.unsupported.desktop jdk.xml.dom" 
IMPLEMENTOR="JetBrains s.r.o." 
JAVA_RUNTIME_VERSION="25.0.2+-15348964-b329.117" 
LIBC="default" 
OS_ARCH="x86_64" 
OS_NAME="Windows" 
SOURCE=".:git:3cf398e84a39" 

Environment Variables:
PATH=C:\Program Files\Eclipse Adoptium\jdk-17.0.20.8-hotspot\bin;C:\Program Files\Eclipse Adoptium\jdk-25.0.4.7-hotspot\bin;c:\cursor\resources\app\bin;C:\Python313\Scripts\;C:\Python313\;C:\Program Files (x86)\Embarcadero\Studio\23.0\bin;C:\Users\Public\Documents\Embarcadero\Studio\23.0\Bpl;C:\Program Files (x86)\Embarcadero\Studio\23.0\bin64;C:\Users\Public\Documents\Embarcadero\Studio\23.0\Bpl\Win64;C:\Windows\system32;C:\Windows;C:\Windows\System32\Wbem;C:\Windows\System32\WindowsPowerShell\v1.0\;C:\Windows\System32\OpenSSH\;C:\Program Files\dotnet\;c:\Program Files (x86)\Microsoft SQL Server\100\Tools\Binn\;c:\Program Files (x86)\Microsoft SQL Server\100\DTS\Binn\;c:\Program Files (x86)\Microsoft SQL Server\100\Tools\Binn\VSShell\Common7\IDE\;C:\Program Files (x86)\NVIDIA Corporation\PhysX\Common;C:\Program Files\NVIDIA Corporation\NVIDIA app\NvDLISR;C:\WINDOWS\system32;C:\WINDOWS;C:\WINDOWS\System32\Wbem;C:\WINDOWS\System32\WindowsPowerShell\v1.0\;C:\WINDOWS\System32\OpenSSH\;C:\Program Files (x86)\Windows Kits\10\Windows Performance Toolkit\;C:\Program Files\nodejs\;C:\ProgramData\chocolatey\bin;C:\;C:\Program Files\Git\cmd;C:\Program Files (x86)\NoteBook FanControl\;C:\Users\sdenm\AppData\Local\Programs\Python\Python314\Scripts\;C:\Users\sdenm\AppData\Local\Programs\Python\Python314\;C:\Python\Scripts\;C:\Python\;C:\Users\sdenm\AppData\Local\Programs\Python\Python312\Scripts\;C:\Users\sdenm\AppData\Local\Programs\Python\Python312\;C:\Users\sdenm\AppData\Local\Microsoft\WindowsApps;C:\Users\sdenm\AppData\Local\Programs\Microsoft VS Code\bin;C:\Users\sdenm\AppData\Local\GitHubDesktop\bin;C:\Users\sdenm\AppData\Roaming\npm;C:\cursor\resources\app\bin;C:\Users\sdenm\.dotnet\tools
USERNAME=sdenm
OS=Windows_NT
PROCESSOR_IDENTIFIER=Intel64 Family 6 Model 140 Stepping 1, GenuineIntel
TMP=C:\Users\sdenm\AppData\Local\Temp
TEMP=C:\Users\sdenm\AppData\Local\Temp




Compilation memory statistics disabled.

Periodic native trim disabled

JNI global refs:
JNI global refs: 24, weak refs: 0

JNI global refs memory usage: 835, weak refs: 833

Process memory usage:
Resident Set Size: 417472K (2% of 16459644K total physical memory with 5542464K free physical memory)

OOME stack traces (most recent first):
Classloader memory used:
