#
# There is insufficient memory for the Java Runtime Environment to continue.
# Native memory allocation (malloc) failed to allocate 3991128 bytes. Error detail: Chunk::new
# Possible reasons:
#   The system is out of physical RAM or swap space
#   This process is running with CompressedOops enabled, and the Java Heap may be blocking the growth of the native heap
# Possible solutions:
#   Reduce memory load on the system
#   Increase physical memory or swap space
#   Check if swap backing store is full
#   Decrease Java heap size (-Xmx/-Xms)
#   Decrease number of Java threads
#   Decrease Java thread stack sizes (-Xss)
#   Set larger code cache with -XX:ReservedCodeCacheSize=
#   JVM is running with Unscaled Compressed Oops mode in which the Java heap is
#     placed in the first 4GB address space. The Java Heap base address is the
#     maximum limit for the native heap growth. Please use -XX:HeapBaseMinAddress
#     to set the Java Heap base and to place the Java Heap above 4GB virtual address.
# This output file may be truncated or incomplete.
#
#  Out of Memory Error (arena.cpp:186), pid=2512, tid=20132
#
# JRE version: OpenJDK Runtime Environment Temurin-25.0.4+7 (25.0.4+7) (build 25.0.4+7-LTS)
# Java VM: OpenJDK 64-Bit Server VM Temurin-25.0.4+7 (25.0.4+7-LTS, mixed mode, sharing, tiered, compressed oops, compressed class ptrs, g1 gc, windows-amd64)
# No core dump will be written. Minidumps are not enabled by default on client versions of Windows
#

---------------  S U M M A R Y ------------

Command Line: --add-opens=java.base/java.lang=ALL-UNNAMED --add-opens=java.base/java.lang.invoke=ALL-UNNAMED --add-opens=java.base/java.util=ALL-UNNAMED --add-opens=java.prefs/java.util.prefs=ALL-UNNAMED --add-exports=jdk.compiler/com.sun.tools.javac.api=ALL-UNNAMED --add-exports=jdk.compiler/com.sun.tools.javac.util=ALL-UNNAMED --add-opens=java.base/java.nio.charset=ALL-UNNAMED --add-opens=java.base/java.net=ALL-UNNAMED --add-opens=java.base/java.util.concurrent=ALL-UNNAMED --add-opens=java.base/java.util.concurrent.atomic=ALL-UNNAMED --add-opens=java.xml/javax.xml.namespace=ALL-UNNAMED --add-opens=java.base/java.time=ALL-UNNAMED --enable-native-access=ALL-UNNAMED -Xmx2048m -Dfile.encoding=UTF-8 -Duser.country=RU -Duser.language=ru -Duser.variant -javaagent:C:\Users\sdenm\.gradle\wrapper\dists\gradle-9.5.0-bin\bvnork1r7n8i6kp5cnkibsc9q\gradle-9.5.0\lib\agents\gradle-instrumentation-agent-9.5.0.jar org.gradle.launcher.daemon.bootstrap.GradleDaemon 9.5.0

Host: 11th Gen Intel(R) Core(TM) i5-11300H @ 3.10GHz, 8 cores, 15G,  Windows 11 , 64 bit Build 26100 (10.0.26100.8972)
Time: Mon Aug 10 23:12:32 2026 elapsed time: 15.837322 seconds (0d 0h 0m 15s)

---------------  T H R E A D  ---------------

Current thread (0x000001fae19980c0):  JavaThread "C2 CompilerThread2" daemon [_thread_in_native, id=20132, stack(0x0000009c43e00000,0x0000009c43f00000) (1024K)]


Current CompileTask:
C2:15837 13082       4       com.sun.org.apache.xerces.internal.impl.io.UTF8Reader::read (1443 bytes)

Stack: [0x0000009c43e00000,0x0000009c43f00000]
Native frames: (J=compiled Java code, j=interpreted, Vv=VM code, C=native code)
V  [jvm.dll+0x7aba79]  (no source info available)
V  [jvm.dll+0x775a3d]  (no source info available)
V  [jvm.dll+0x9fb9ed]  (no source info available)
V  [jvm.dll+0x9fdfe1]  (no source info available)
V  [jvm.dll+0x9fe6f3]  (no source info available)
V  [jvm.dll+0x2fdb36]  (no source info available)
V  [jvm.dll+0x111936]  (no source info available)
V  [jvm.dll+0x111c5e]  (no source info available)
V  [jvm.dll+0x1a08d2]  (no source info available)
V  [jvm.dll+0x3b7292]  (no source info available)
V  [jvm.dll+0x7b13fc]  (no source info available)
V  [jvm.dll+0x2c0ef7]  (no source info available)
V  [jvm.dll+0x2bfebf]  (no source info available)
V  [jvm.dll+0x237a30]  (no source info available)
V  [jvm.dll+0x2cffb6]  (no source info available)
V  [jvm.dll+0x2ce23a]  (no source info available)
V  [jvm.dll+0x49131e]  (no source info available)
V  [jvm.dll+0x99cb1d]  (no source info available)
V  [jvm.dll+0x7aa025]  (no source info available)
C  [ucrtbase.dll+0x2cd30]  (no source info available)
C  [KERNEL32.DLL+0x2ccb7]  (no source info available)
C  [ntdll.dll+0xaad6c]  (no source info available)

Lock stack of current Java thread (top to bottom):


---------------  P R O C E S S  ---------------

Threads class SMR info:
_java_thread_list=0x000001faec2c2170, length=84, elements={
0x000001fab7e33690, 0x000001fad5035470, 0x000001fad5035ed0, 0x000001fad5036d30,
0x000001fad503d5f0, 0x000001fad503eb00, 0x000001fad503faa0, 0x000001fad5047e50,
0x000001fad5050720, 0x000001fad5042980, 0x000001fad5043150, 0x000001fada5d5550,
0x000001fada5d5d20, 0x000001fada5d9ba0, 0x000001fada5d8430, 0x000001fada5d7c60,
0x000001fada5dc2b0, 0x000001fadbbbedd0, 0x000001fadbbbde30, 0x000001fadbbc0540,
0x000001fadbbbfd70, 0x000001fadbbbd660, 0x000001fadbbc3420, 0x000001fadbbc2480,
0x000001fadef411e0, 0x000001fadef3e300, 0x000001fadef42950, 0x000001fadef43120,
0x000001fade4bdbb0, 0x000001fade4bfaf0, 0x000001fade4bf320, 0x000001fade4c02c0,
0x000001fade4c29d0, 0x000001fad50421b0, 0x000001fae0017a20, 0x000001fae00162b0,
0x000001fae001a130, 0x000001fae001d7e0, 0x000001fae001b8a0, 0x000001fadef45060,
0x000001fadc37c320, 0x000001fad553de00, 0x000001fad553e5d0, 0x000001fad553f570,
0x000001fad5537870, 0x000001fad5545b00, 0x000001fad55462d0, 0x000001fadcbeae90,
0x000001fadc37da90, 0x000001fae001a900, 0x000001faddab3fa0, 0x000001faddab4770,
0x000001faddab37d0, 0x000001faddab5ee0, 0x000001faddab7650, 0x000001faddab85f0,
0x000001faddab8dc0, 0x000001faddab9d60, 0x000001faddab6e80, 0x000001faddabad00,
0x000001faddabc470, 0x000001faddabf350, 0x000001faddac0ac0, 0x000001faddabd410,
0x000001faddac1290, 0x000001fadd7e6d00, 0x000001fadd7e9410, 0x000001fadd7e6530,
0x000001fadd7ea3b0, 0x000001fadd7eab80, 0x000001fadd7eea00, 0x000001fadd7ef1d0,
0x000001fadd7eda60, 0x000001fadd7ec2f0, 0x000001fadd7ecac0, 0x000001fadd7f2880,
0x000001fadd7f3ff0, 0x000001fadd7f1110, 0x000001fadd7f3050, 0x000001fadd7f3820,
0x000001fadd7f47c0, 0x000001fadd7f18e0, 0x000001fae19988d0, 0x000001fae19980c0
}

Java Threads: ( => current thread )
  0x000001fab7e33690 JavaThread "main"                              [_thread_blocked, id=1032, stack(0x0000009c3db00000,0x0000009c3dc00000) (1024K)]
  0x000001fad5035470 JavaThread "Reference Handler"          daemon [_thread_blocked, id=15848, stack(0x0000009c3e300000,0x0000009c3e400000) (1024K)]
  0x000001fad5035ed0 JavaThread "Finalizer"                  daemon [_thread_blocked, id=15624, stack(0x0000009c3e400000,0x0000009c3e500000) (1024K)]
  0x000001fad5036d30 JavaThread "Signal Dispatcher"          daemon [_thread_blocked, id=15728, stack(0x0000009c3e500000,0x0000009c3e600000) (1024K)]
  0x000001fad503d5f0 JavaThread "Attach Listener"            daemon [_thread_blocked, id=8140, stack(0x0000009c3e600000,0x0000009c3e700000) (1024K)]
  0x000001fad503eb00 JavaThread "Service Thread"             daemon [_thread_blocked, id=10520, stack(0x0000009c3e700000,0x0000009c3e800000) (1024K)]
  0x000001fad503faa0 JavaThread "Monitor Deflation Thread"   daemon [_thread_blocked, id=8552, stack(0x0000009c3e800000,0x0000009c3e900000) (1024K)]
  0x000001fad5047e50 JavaThread "C2 CompilerThread0"         daemon [_thread_in_native, id=5856, stack(0x0000009c3e900000,0x0000009c3ea00000) (1024K)]
  0x000001fad5050720 JavaThread "C1 CompilerThread0"         daemon [_thread_blocked, id=19040, stack(0x0000009c3ea00000,0x0000009c3eb00000) (1024K)]
  0x000001fad5042980 JavaThread "Common-Cleaner"             daemon [_thread_blocked, id=18128, stack(0x0000009c3ec00000,0x0000009c3ed00000) (1024K)]
  0x000001fad5043150 JavaThread "Notification Thread"        daemon [_thread_blocked, id=20304, stack(0x0000009c3ed00000,0x0000009c3ee00000) (1024K)]
  0x000001fada5d5550 JavaThread "Daemon health stats"               [_thread_blocked, id=11120, stack(0x0000009c3f400000,0x0000009c3f500000) (1024K)]
  0x000001fada5d5d20 JavaThread "Incoming local TCP Connector on port 63244"        [_thread_in_native, id=20004, stack(0x0000009c3f500000,0x0000009c3f600000) (1024K)]
  0x000001fada5d9ba0 JavaThread "Daemon periodic checks"            [_thread_blocked, id=7732, stack(0x0000009c3f600000,0x0000009c3f700000) (1024K)]
  0x000001fada5d8430 JavaThread "Daemon"                            [_thread_blocked, id=3108, stack(0x0000009c3f700000,0x0000009c3f800000) (1024K)]
  0x000001fada5d7c60 JavaThread "Handler for socket connection from /127.0.0.1:63244 to /127.0.0.1:63245"        [_thread_in_native, id=7952, stack(0x0000009c3f800000,0x0000009c3f900000) (1024K)]
  0x000001fada5dc2b0 JavaThread "Cancel handler"                    [_thread_blocked, id=3060, stack(0x0000009c3f900000,0x0000009c3fa00000) (1024K)]
  0x000001fadbbbedd0 JavaThread "Daemon worker"                     [_thread_blocked, id=9260, stack(0x0000009c3fa00000,0x0000009c3fb00000) (1024K)]
  0x000001fadbbbde30 JavaThread "Asynchronous log dispatcher for DefaultDaemonConnection: socket connection from /127.0.0.1:63244 to /127.0.0.1:63245"        [_thread_in_Java, id=12136, stack(0x0000009c3fb00000,0x0000009c3fc00000) (1024K)]
  0x000001fadbbc0540 JavaThread "Stdin handler"                     [_thread_blocked, id=17380, stack(0x0000009c3fc00000,0x0000009c3fd00000) (1024K)]
  0x000001fadbbbfd70 JavaThread "Daemon client event forwarder"        [_thread_blocked, id=1716, stack(0x0000009c3fd00000,0x0000009c3fe00000) (1024K)]
  0x000001fadbbbd660 JavaThread "Cache worker for journal cache (C:\Users\sdenm\.gradle\caches\journal-1)"        [_thread_blocked, id=2984, stack(0x0000009c3fe00000,0x0000009c3ff00000) (1024K)]
  0x000001fadbbc3420 JavaThread "File lock request listener"        [_thread_in_native, id=13944, stack(0x0000009c3ff00000,0x0000009c40000000) (1024K)]
  0x000001fadbbc2480 JavaThread "Cache worker for file hash cache (C:\Users\sdenm\.gradle\caches\9.5.0\fileHashes)"        [_thread_blocked, id=6956, stack(0x0000009c40000000,0x0000009c40100000) (1024K)]
  0x000001fadef411e0 JavaThread "Cache worker for file hash cache (D:\itdetiApp\.gradle\9.5.0\fileHashes)"        [_thread_blocked, id=17152, stack(0x0000009c40400000,0x0000009c40500000) (1024K)]
  0x000001fadef3e300 JavaThread "Cache worker for checksums cache (D:\itdetiApp\.gradle\9.5.0\checksums)"        [_thread_blocked, id=2764, stack(0x0000009c40500000,0x0000009c40600000) (1024K)]
  0x000001fadef42950 JavaThread "Cache worker for Build Output Cleanup Cache (D:\itdetiApp\.gradle\buildOutputCleanup)"        [_thread_blocked, id=5712, stack(0x0000009c40600000,0x0000009c40700000) (1024K)]
  0x000001fadef43120 JavaThread "Cache worker for file content cache (C:\Users\sdenm\.gradle\caches\9.5.0\fileContent)"        [_thread_blocked, id=20056, stack(0x0000009c40700000,0x0000009c40800000) (1024K)]
  0x000001fade4bdbb0 JavaThread "File watcher server"        daemon [_thread_in_native, id=4384, stack(0x0000009c40800000,0x0000009c40900000) (1024K)]
  0x000001fade4bfaf0 JavaThread "File watcher consumer"      daemon [_thread_blocked, id=12124, stack(0x0000009c40900000,0x0000009c40a00000) (1024K)]
  0x000001fade4bf320 JavaThread "Cache worker for cache directory md-supplier (C:\Users\sdenm\.gradle\caches\9.5.0\md-supplier)"        [_thread_blocked, id=19836, stack(0x0000009c40a00000,0x0000009c40b00000) (1024K)]
  0x000001fade4c02c0 JavaThread "Cache worker for cache directory md-rule (C:\Users\sdenm\.gradle\caches\9.5.0\md-rule)"        [_thread_blocked, id=11036, stack(0x0000009c40b00000,0x0000009c40c00000) (1024K)]
  0x000001fade4c29d0 JavaThread "Build operations"                  [_thread_blocked, id=2740, stack(0x0000009c40c00000,0x0000009c40d00000) (1024K)]
  0x000001fad50421b0 JavaThread "Build operations Thread 2"         [_thread_blocked, id=2508, stack(0x0000009c40d00000,0x0000009c40e00000) (1024K)]
  0x000001fae0017a20 JavaThread "Build operations Thread 3"         [_thread_blocked, id=16056, stack(0x0000009c40e00000,0x0000009c40f00000) (1024K)]
  0x000001fae00162b0 JavaThread "Kotlin DSL Writer"                 [_thread_blocked, id=16708, stack(0x0000009c3ee00000,0x0000009c3ef00000) (1024K)]
  0x000001fae001a130 JavaThread "pool-1-thread-1"                   [_thread_blocked, id=15668, stack(0x0000009c40f00000,0x0000009c41000000) (1024K)]
  0x000001fae001d7e0 JavaThread "DefaultDispatcher-worker-1" daemon [_thread_blocked, id=5176, stack(0x0000009c3eb00000,0x0000009c3ec00000) (1024K)]
  0x000001fae001b8a0 JavaThread "DefaultDispatcher-worker-2" daemon [_thread_blocked, id=11064, stack(0x0000009c41000000,0x0000009c41100000) (1024K)]
  0x000001fadef45060 JavaThread "DefaultDispatcher-worker-3" daemon [_thread_blocked, id=4452, stack(0x0000009c41100000,0x0000009c41200000) (1024K)]
  0x000001fadc37c320 JavaThread "Configuration cache report writer"        [_thread_blocked, id=16844, stack(0x0000009c41300000,0x0000009c41400000) (1024K)]
  0x000001fad553de00 JavaThread "Cache worker for Kotlin DSL Plugin Entries (D:\itdetiApp\.gradle\9.5.0\kotlin-dsl-plugin-entries)"        [_thread_blocked, id=19348, stack(0x0000009c41500000,0x0000009c41600000) (1024K)]
  0x000001fad553e5d0 JavaThread "DefaultDispatcher-worker-4" daemon [_thread_blocked, id=18552, stack(0x0000009c41600000,0x0000009c41700000) (1024K)]
  0x000001fad553f570 JavaThread "DefaultDispatcher-worker-5" daemon [_thread_blocked, id=18976, stack(0x0000009c41700000,0x0000009c41800000) (1024K)]
  0x000001fad5537870 JavaThread "Unconstrained build operations"        [_thread_blocked, id=17780, stack(0x0000009c41200000,0x0000009c41300000) (1024K)]
  0x000001fad5545b00 JavaThread "Unconstrained build operations Thread 2"        [_thread_blocked, id=4440, stack(0x0000009c41400000,0x0000009c41500000) (1024K)]
  0x000001fad55462d0 JavaThread "Unconstrained build operations Thread 3"        [_thread_blocked, id=340, stack(0x0000009c41900000,0x0000009c41a00000) (1024K)]
  0x000001fadcbeae90 JavaThread "Unconstrained build operations Thread 4"        [_thread_in_Java, id=16628, stack(0x0000009c41a00000,0x0000009c41b00000) (1024K)]
  0x000001fadc37da90 JavaThread "Unconstrained build operations Thread 5"        [_thread_blocked, id=13496, stack(0x0000009c41b00000,0x0000009c41c00000) (1024K)]
  0x000001fae001a900 JavaThread "Unconstrained build operations Thread 6"        [_thread_blocked, id=4544, stack(0x0000009c41c00000,0x0000009c41d00000) (1024K)]
  0x000001faddab3fa0 JavaThread "Unconstrained build operations Thread 7"        [_thread_blocked, id=10948, stack(0x0000009c41d00000,0x0000009c41e00000) (1024K)]
  0x000001faddab4770 JavaThread "Unconstrained build operations Thread 8"        [_thread_blocked, id=5900, stack(0x0000009c41e00000,0x0000009c41f00000) (1024K)]
  0x000001faddab37d0 JavaThread "Unconstrained build operations Thread 9"        [_thread_blocked, id=17236, stack(0x0000009c41f00000,0x0000009c42000000) (1024K)]
  0x000001faddab5ee0 JavaThread "Unconstrained build operations Thread 10"        [_thread_blocked, id=8956, stack(0x0000009c42000000,0x0000009c42100000) (1024K)]
  0x000001faddab7650 JavaThread "Unconstrained build operations Thread 11"        [_thread_blocked, id=9676, stack(0x0000009c42100000,0x0000009c42200000) (1024K)]
  0x000001faddab85f0 JavaThread "Unconstrained build operations Thread 12"        [_thread_blocked, id=11624, stack(0x0000009c42200000,0x0000009c42300000) (1024K)]
  0x000001faddab8dc0 JavaThread "Unconstrained build operations Thread 13"        [_thread_blocked, id=14932, stack(0x0000009c42300000,0x0000009c42400000) (1024K)]
  0x000001faddab9d60 JavaThread "Unconstrained build operations Thread 14"        [_thread_blocked, id=13504, stack(0x0000009c42400000,0x0000009c42500000) (1024K)]
  0x000001faddab6e80 JavaThread "Unconstrained build operations Thread 15"        [_thread_blocked, id=5584, stack(0x0000009c42500000,0x0000009c42600000) (1024K)]
  0x000001faddabad00 JavaThread "Unconstrained build operations Thread 16"        [_thread_in_native, id=2140, stack(0x0000009c42600000,0x0000009c42700000) (1024K)]
  0x000001faddabc470 JavaThread "Unconstrained build operations Thread 17"        [_thread_blocked, id=4812, stack(0x0000009c42700000,0x0000009c42800000) (1024K)]
  0x000001faddabf350 JavaThread "Unconstrained build operations Thread 18"        [_thread_blocked, id=12532, stack(0x0000009c42800000,0x0000009c42900000) (1024K)]
  0x000001faddac0ac0 JavaThread "Unconstrained build operations Thread 19"        [_thread_blocked, id=2092, stack(0x0000009c42900000,0x0000009c42a00000) (1024K)]
  0x000001faddabd410 JavaThread "Unconstrained build operations Thread 20"        [_thread_blocked, id=16032, stack(0x0000009c42a00000,0x0000009c42b00000) (1024K)]
  0x000001faddac1290 JavaThread "Unconstrained build operations Thread 21"        [_thread_blocked, id=20476, stack(0x0000009c42b00000,0x0000009c42c00000) (1024K)]
  0x000001fadd7e6d00 JavaThread "Unconstrained build operations Thread 22"        [_thread_in_native, id=9732, stack(0x0000009c42c00000,0x0000009c42d00000) (1024K)]
  0x000001fadd7e9410 JavaThread "Unconstrained build operations Thread 23"        [_thread_blocked, id=2536, stack(0x0000009c42d00000,0x0000009c42e00000) (1024K)]
  0x000001fadd7e6530 JavaThread "Unconstrained build operations Thread 24"        [_thread_blocked, id=16388, stack(0x0000009c42e00000,0x0000009c42f00000) (1024K)]
  0x000001fadd7ea3b0 JavaThread "Unconstrained build operations Thread 25"        [_thread_blocked, id=20432, stack(0x0000009c42f00000,0x0000009c43000000) (1024K)]
  0x000001fadd7eab80 JavaThread "Unconstrained build operations Thread 26"        [_thread_blocked, id=16868, stack(0x0000009c43000000,0x0000009c43100000) (1024K)]
  0x000001fadd7eea00 JavaThread "Unconstrained build operations Thread 27"        [_thread_blocked, id=5560, stack(0x0000009c43100000,0x0000009c43200000) (1024K)]
  0x000001fadd7ef1d0 JavaThread "Unconstrained build operations Thread 28"        [_thread_blocked, id=20360, stack(0x0000009c43200000,0x0000009c43300000) (1024K)]
  0x000001fadd7eda60 JavaThread "Unconstrained build operations Thread 29"        [_thread_blocked, id=18684, stack(0x0000009c43300000,0x0000009c43400000) (1024K)]
  0x000001fadd7ec2f0 JavaThread "Unconstrained build operations Thread 30"        [_thread_blocked, id=3296, stack(0x0000009c43400000,0x0000009c43500000) (1024K)]
  0x000001fadd7ecac0 JavaThread "Unconstrained build operations Thread 31"        [_thread_blocked, id=10304, stack(0x0000009c43500000,0x0000009c43600000) (1024K)]
  0x000001fadd7f2880 JavaThread "Unconstrained build operations Thread 32"        [_thread_in_Java, id=15840, stack(0x0000009c43600000,0x0000009c43700000) (1024K)]
  0x000001fadd7f3ff0 JavaThread "Unconstrained build operations Thread 33"        [_thread_blocked, id=15200, stack(0x0000009c43700000,0x0000009c43800000) (1024K)]
  0x000001fadd7f1110 JavaThread "Unconstrained build operations Thread 34"        [_thread_blocked, id=14412, stack(0x0000009c43800000,0x0000009c43900000) (1024K)]
  0x000001fadd7f3050 JavaThread "Unconstrained build operations Thread 35"        [_thread_in_native, id=5428, stack(0x0000009c43900000,0x0000009c43a00000) (1024K)]
  0x000001fadd7f3820 JavaThread "Unconstrained build operations Thread 36"        [_thread_blocked, id=9940, stack(0x0000009c43a00000,0x0000009c43b00000) (1024K)]
  0x000001fadd7f47c0 JavaThread "Unconstrained build operations Thread 37"        [_thread_blocked, id=3856, stack(0x0000009c43b00000,0x0000009c43c00000) (1024K)]
  0x000001fadd7f18e0 JavaThread "Unconstrained build operations Thread 38"        [_thread_blocked, id=11616, stack(0x0000009c43c00000,0x0000009c43d00000) (1024K)]
  0x000001fae19988d0 JavaThread "C2 CompilerThread1"         daemon [_thread_in_native, id=16092, stack(0x0000009c43d00000,0x0000009c43e00000) (1024K)]
=>0x000001fae19980c0 JavaThread "C2 CompilerThread2"         daemon [_thread_in_native, id=20132, stack(0x0000009c43e00000,0x0000009c43f00000) (1024K)]
Total: 84

Other Threads:
  0x000001fad501ed50 VMThread "VM Thread"                           [id=19116, stack(0x0000009c3e200000,0x0000009c3e300000) (1024K)]
  0x000001fad5010ef0 WatcherThread "VM Periodic Task Thread"        [id=5276, stack(0x0000009c3e100000,0x0000009c3e200000) (1024K)]
  0x000001fab7e90290 WorkerThread "GC Thread#0"                     [id=13800, stack(0x0000009c3dc00000,0x0000009c3dd00000) (1024K)]
  0x000001fada9e7fe0 WorkerThread "GC Thread#1"                     [id=15628, stack(0x0000009c3ef00000,0x0000009c3f000000) (1024K)]
  0x000001fada9e8820 WorkerThread "GC Thread#2"                     [id=16400, stack(0x0000009c3f000000,0x0000009c3f100000) (1024K)]
  0x000001fada9e9870 WorkerThread "GC Thread#3"                     [id=19372, stack(0x0000009c3f100000,0x0000009c3f200000) (1024K)]
  0x000001fada9e9ca0 WorkerThread "GC Thread#4"                     [id=19216, stack(0x0000009c3f200000,0x0000009c3f300000) (1024K)]
  0x000001fada9ea0d0 WorkerThread "GC Thread#5"                     [id=1728, stack(0x0000009c3f300000,0x0000009c3f400000) (1024K)]
  0x000001fada4901a0 WorkerThread "GC Thread#6"                     [id=7620, stack(0x0000009c40100000,0x0000009c40200000) (1024K)]
  0x000001fadef36740 WorkerThread "GC Thread#7"                     [id=7344, stack(0x0000009c40200000,0x0000009c40300000) (1024K)]
  0x000001fab7ea93e0 ConcurrentGCThread "G1 Main Marker"            [id=6532, stack(0x0000009c3dd00000,0x0000009c3de00000) (1024K)]
  0x000001fab7eabfa0 WorkerThread "G1 Conc#0"                       [id=7556, stack(0x0000009c3de00000,0x0000009c3df00000) (1024K)]
  0x000001fadef37cd0 WorkerThread "G1 Conc#1"                       [id=4972, stack(0x0000009c40300000,0x0000009c40400000) (1024K)]
  0x000001fad4ee0a20 ConcurrentGCThread "G1 Refine#0"               [id=16192, stack(0x0000009c3df00000,0x0000009c3e000000) (1024K)]
  0x000001fad4ee12e0 ConcurrentGCThread "G1 Service"                [id=8324, stack(0x0000009c3e000000,0x0000009c3e100000) (1024K)]
Total: 15

Threads with active compile tasks:
C2 CompilerThread0  17916 12687       4       sun.security.ec.ECOperations::setDouble (463 bytes)
C2 CompilerThread1  17916 12705       4       sun.security.ec.ECOperations::setSum (685 bytes)
C2 CompilerThread2  17916 13082       4       com.sun.org.apache.xerces.internal.impl.io.UTF8Reader::read (1443 bytes)
Total: 3

VM state: not at safepoint (normal execution)

VM Mutex/Monitor currently owned by a thread: None

Heap address: 0x0000000080000000, size: 2048 MB, Compressed Oops mode: 32-bit

CDS archive(s) mapped at: [0x000000001f000000-0x000000001fdb0000-0x000000001fdb0000), size 14352384, SharedBaseAddress: 0x000000001f000000, ArchiveRelocationMode: 1.
Compressed class space mapped at: 0x0000000020000000-0x0000000060000000, reserved size: 1073741824
UseCompressedClassPointers 1, UseCompactObjectHeaders 0
Narrow klass pointer bits 32, Max shift 3
Narrow klass base: 0x000000001f000000, Narrow klass shift: 0
Encoding Range: [0x000000001f000000 - 0x000000011f000000), (4294967296 bytes)
Klass Range:    [0x000000001f010000 - 0x0000000060000000), (1090453504 bytes)
Klass ID Range:  [65536 - 1090519033) (1090453497)
Protection zone: [0x000000001f000000 - 0x000000001f010000), (65536 bytes)

GC Precious Log:
 CardTable entry size: 512
 Card Set container configuration: InlinePtr #cards 5 size 8 Array Of Cards #cards 10 size 36 Howl #buckets 4 coarsen threshold 1843 Howl Bitmap #cards 512 size 80 coarsen threshold 460 Card regions per heap region 1 cards per card region 2048
 CPUs: 8 total, 8 available
 Memory: 16073M
 Large Page Support: Disabled
 NUMA Support: Disabled
 Compressed Oops: Enabled (32-bit)
 Heap Region Size: 1M
 Heap Min Capacity: 8M
 Heap Initial Capacity: 252M
 Heap Max Capacity: 2G
 Pre-touch: Disabled
 Parallel Workers: 8
 Concurrent Workers: 2
 Concurrent Refinement Workers: 8
 Periodic GC: Disabled

Heap:
 garbage-first heap   total reserved 2097152K, committed 227328K, used 145986K [0x0000000080000000, 0x0000000100000000)
  region size 1024K, 18 young (18432K), 6 survivors (6144K)

Heap Regions: E=young(eden), S=young(survivor), O=old, HS=humongous(starts), HC=humongous(continues), CS=collection set, F=free, TAMS=top-at-mark-start, PB=parsable bottom
|   0|0x0000000080000000, 0x0000000080100000, 0x0000000080100000|100%|HS|  |TAMS 0x0000000080000000| PB 0x0000000080000000| Complete |  0
|   1|0x0000000080100000, 0x0000000080200000, 0x0000000080200000|100%|HC|  |TAMS 0x0000000080100000| PB 0x0000000080100000| Complete |  0
|   2|0x0000000080200000, 0x0000000080300000, 0x0000000080300000|100%|HC|  |TAMS 0x0000000080200000| PB 0x0000000080200000| Complete |  0
|   3|0x0000000080300000, 0x0000000080400000, 0x0000000080400000|100%|HC|  |TAMS 0x0000000080300000| PB 0x0000000080300000| Complete |  0
|   4|0x0000000080400000, 0x0000000080500000, 0x0000000080500000|100%| O|  |TAMS 0x0000000080400000| PB 0x0000000080400000| Untracked |  0
|   5|0x0000000080500000, 0x0000000080600000, 0x0000000080600000|100%| O|  |TAMS 0x0000000080500000| PB 0x0000000080500000| Untracked |  0
|   6|0x0000000080600000, 0x0000000080700000, 0x0000000080700000|100%|HS|  |TAMS 0x0000000080600000| PB 0x0000000080600000| Complete |  0
|   7|0x0000000080700000, 0x0000000080800000, 0x0000000080800000|100%| O|  |TAMS 0x0000000080700000| PB 0x0000000080700000| Untracked |  0
|   8|0x0000000080800000, 0x0000000080900000, 0x0000000080900000|100%| O|  |TAMS 0x0000000080800000| PB 0x0000000080800000| Untracked |  0
|   9|0x0000000080900000, 0x0000000080a00000, 0x0000000080a00000|100%| O|  |TAMS 0x0000000080900000| PB 0x0000000080900000| Untracked |  0
|  10|0x0000000080a00000, 0x0000000080b00000, 0x0000000080b00000|100%| O|  |TAMS 0x0000000080a00000| PB 0x0000000080a00000| Untracked |  0
|  11|0x0000000080b00000, 0x0000000080b00000, 0x0000000080c00000|  0%| F|  |TAMS 0x0000000080b00000| PB 0x0000000080b00000| Untracked |  0
|  12|0x0000000080c00000, 0x0000000080d00000, 0x0000000080d00000|100%| O|  |TAMS 0x0000000080c00000| PB 0x0000000080c00000| Untracked |  0
|  13|0x0000000080d00000, 0x0000000080e00000, 0x0000000080e00000|100%| O|  |TAMS 0x0000000080d00000| PB 0x0000000080d00000| Untracked |  0
|  14|0x0000000080e00000, 0x0000000080f00000, 0x0000000080f00000|100%| O|  |TAMS 0x0000000080e00000| PB 0x0000000080e00000| Untracked |  0
|  15|0x0000000080f00000, 0x0000000081000000, 0x0000000081000000|100%| O|  |TAMS 0x0000000080f00000| PB 0x0000000080f00000| Untracked |  0
|  16|0x0000000081000000, 0x0000000081100000, 0x0000000081100000|100%| O|  |TAMS 0x0000000081000000| PB 0x0000000081000000| Untracked |  0
|  17|0x0000000081100000, 0x0000000081200000, 0x0000000081200000|100%| O|  |TAMS 0x0000000081100000| PB 0x0000000081100000| Untracked |  0
|  18|0x0000000081200000, 0x0000000081300000, 0x0000000081300000|100%| O|  |TAMS 0x0000000081200000| PB 0x0000000081200000| Untracked |  0
|  19|0x0000000081300000, 0x0000000081400000, 0x0000000081400000|100%| O|  |TAMS 0x0000000081300000| PB 0x0000000081300000| Untracked |  0
|  20|0x0000000081400000, 0x0000000081500000, 0x0000000081500000|100%| O|  |TAMS 0x0000000081400000| PB 0x0000000081400000| Untracked |  0
|  21|0x0000000081500000, 0x0000000081600000, 0x0000000081600000|100%| O|  |TAMS 0x0000000081500000| PB 0x0000000081500000| Untracked |  0
|  22|0x0000000081600000, 0x0000000081700000, 0x0000000081700000|100%| O|  |TAMS 0x0000000081600000| PB 0x0000000081600000| Untracked |  0
|  23|0x0000000081700000, 0x0000000081800000, 0x0000000081800000|100%| O|  |TAMS 0x0000000081700000| PB 0x0000000081700000| Untracked |  0
|  24|0x0000000081800000, 0x0000000081900000, 0x0000000081900000|100%| O|  |TAMS 0x0000000081800000| PB 0x0000000081800000| Untracked |  0
|  25|0x0000000081900000, 0x0000000081a00000, 0x0000000081a00000|100%| O|  |TAMS 0x0000000081900000| PB 0x0000000081900000| Untracked |  0
|  26|0x0000000081a00000, 0x0000000081b00000, 0x0000000081b00000|100%| O|  |TAMS 0x0000000081a00000| PB 0x0000000081a00000| Untracked |  0
|  27|0x0000000081b00000, 0x0000000081c00000, 0x0000000081c00000|100%| O|  |TAMS 0x0000000081b00000| PB 0x0000000081b00000| Untracked |  0
|  28|0x0000000081c00000, 0x0000000081d00000, 0x0000000081d00000|100%| O|  |TAMS 0x0000000081c00000| PB 0x0000000081c00000| Untracked |  0
|  29|0x0000000081d00000, 0x0000000081e00000, 0x0000000081e00000|100%| O|  |TAMS 0x0000000081d00000| PB 0x0000000081d00000| Untracked |  0
|  30|0x0000000081e00000, 0x0000000081f00000, 0x0000000081f00000|100%| O|  |TAMS 0x0000000081e00000| PB 0x0000000081e00000| Untracked |  0
|  31|0x0000000081f00000, 0x0000000082000000, 0x0000000082000000|100%| O|  |TAMS 0x0000000081f00000| PB 0x0000000081f00000| Untracked |  0
|  32|0x0000000082000000, 0x0000000082100000, 0x0000000082100000|100%| O|  |TAMS 0x0000000082000000| PB 0x0000000082000000| Untracked |  0
|  33|0x0000000082100000, 0x0000000082200000, 0x0000000082200000|100%| O|  |TAMS 0x0000000082100000| PB 0x0000000082100000| Untracked |  0
|  34|0x0000000082200000, 0x0000000082300000, 0x0000000082300000|100%| O|Cm|TAMS 0x0000000082200000| PB 0x0000000082200000| Complete |  0
|  35|0x0000000082300000, 0x0000000082300000, 0x0000000082400000|  0%| F|  |TAMS 0x0000000082300000| PB 0x0000000082300000| Untracked |  0
|  36|0x0000000082400000, 0x0000000082400000, 0x0000000082500000|  0%| F|  |TAMS 0x0000000082400000| PB 0x0000000082400000| Untracked |  0
|  37|0x0000000082500000, 0x0000000082500000, 0x0000000082600000|  0%| F|  |TAMS 0x0000000082500000| PB 0x0000000082500000| Untracked |  0
|  38|0x0000000082600000, 0x0000000082600000, 0x0000000082700000|  0%| F|  |TAMS 0x0000000082600000| PB 0x0000000082600000| Untracked |  0
|  39|0x0000000082700000, 0x0000000082700000, 0x0000000082800000|  0%| F|  |TAMS 0x0000000082700000| PB 0x0000000082700000| Untracked |  0
|  40|0x0000000082800000, 0x0000000082800000, 0x0000000082900000|  0%| F|  |TAMS 0x0000000082800000| PB 0x0000000082800000| Untracked |  0
|  41|0x0000000082900000, 0x0000000082a00000, 0x0000000082a00000|100%| O|  |TAMS 0x0000000082900000| PB 0x0000000082900000| Untracked |  0
|  42|0x0000000082a00000, 0x0000000082b00000, 0x0000000082b00000|100%| O|  |TAMS 0x0000000082a00000| PB 0x0000000082a00000| Untracked |  0
|  43|0x0000000082b00000, 0x0000000082c00000, 0x0000000082c00000|100%| O|Cm|TAMS 0x0000000082b00000| PB 0x0000000082b00000| Complete |  0
|  44|0x0000000082c00000, 0x0000000082d00000, 0x0000000082d00000|100%| O|  |TAMS 0x0000000082c00000| PB 0x0000000082c00000| Untracked |  0
|  45|0x0000000082d00000, 0x0000000082e00000, 0x0000000082e00000|100%| O|Cm|TAMS 0x0000000082d00000| PB 0x0000000082d00000| Complete |  0
|  46|0x0000000082e00000, 0x0000000082f00000, 0x0000000082f00000|100%| O|Cm|TAMS 0x0000000082e00000| PB 0x0000000082e00000| Complete |  0
|  47|0x0000000082f00000, 0x0000000082f00000, 0x0000000083000000|  0%| F|  |TAMS 0x0000000082f00000| PB 0x0000000082f00000| Untracked |  0
|  48|0x0000000083000000, 0x0000000083100000, 0x0000000083100000|100%| O|  |TAMS 0x0000000083000000| PB 0x0000000083000000| Untracked |  0
|  49|0x0000000083100000, 0x0000000083200000, 0x0000000083200000|100%| O|Cm|TAMS 0x0000000083100000| PB 0x0000000083100000| Complete |  0
|  50|0x0000000083200000, 0x0000000083300000, 0x0000000083300000|100%| O|Cm|TAMS 0x0000000083200000| PB 0x0000000083200000| Complete |  0
|  51|0x0000000083300000, 0x0000000083400000, 0x0000000083400000|100%| O|Cm|TAMS 0x0000000083300000| PB 0x0000000083300000| Complete |  0
|  52|0x0000000083400000, 0x0000000083400000, 0x0000000083500000|  0%| F|  |TAMS 0x0000000083400000| PB 0x0000000083400000| Untracked |  0
|  53|0x0000000083500000, 0x0000000083600000, 0x0000000083600000|100%| O|  |TAMS 0x0000000083500000| PB 0x0000000083500000| Untracked |  0
|  54|0x0000000083600000, 0x0000000083600000, 0x0000000083700000|  0%| F|  |TAMS 0x0000000083600000| PB 0x0000000083600000| Untracked |  0
|  55|0x0000000083700000, 0x0000000083700000, 0x0000000083800000|  0%| F|  |TAMS 0x0000000083700000| PB 0x0000000083700000| Untracked |  0
|  56|0x0000000083800000, 0x0000000083800000, 0x0000000083900000|  0%| F|  |TAMS 0x0000000083800000| PB 0x0000000083800000| Untracked |  0
|  57|0x0000000083900000, 0x0000000083900000, 0x0000000083a00000|  0%| F|  |TAMS 0x0000000083900000| PB 0x0000000083900000| Untracked |  0
|  58|0x0000000083a00000, 0x0000000083a00000, 0x0000000083b00000|  0%| F|  |TAMS 0x0000000083a00000| PB 0x0000000083a00000| Untracked |  0
|  59|0x0000000083b00000, 0x0000000083b00000, 0x0000000083c00000|  0%| F|  |TAMS 0x0000000083b00000| PB 0x0000000083b00000| Untracked |  0
|  60|0x0000000083c00000, 0x0000000083d00000, 0x0000000083d00000|100%| O|  |TAMS 0x0000000083c00000| PB 0x0000000083c00000| Untracked |  0
|  61|0x0000000083d00000, 0x0000000083e00000, 0x0000000083e00000|100%| O|  |TAMS 0x0000000083d00000| PB 0x0000000083d00000| Untracked |  0
|  62|0x0000000083e00000, 0x0000000083f00000, 0x0000000083f00000|100%| O|  |TAMS 0x0000000083e00000| PB 0x0000000083e00000| Untracked |  0
|  63|0x0000000083f00000, 0x0000000084000000, 0x0000000084000000|100%| O|  |TAMS 0x0000000083f00000| PB 0x0000000083f00000| Untracked |  0
|  64|0x0000000084000000, 0x0000000084100000, 0x0000000084100000|100%| O|Cm|TAMS 0x0000000084000000| PB 0x0000000084000000| Complete |  0
|  65|0x0000000084100000, 0x0000000084200000, 0x0000000084200000|100%| O|  |TAMS 0x0000000084100000| PB 0x0000000084100000| Untracked |  0
|  66|0x0000000084200000, 0x0000000084300000, 0x0000000084300000|100%| O|  |TAMS 0x0000000084200000| PB 0x0000000084200000| Untracked |  0
|  67|0x0000000084300000, 0x0000000084400000, 0x0000000084400000|100%| O|  |TAMS 0x0000000084300000| PB 0x0000000084300000| Untracked |  0
|  68|0x0000000084400000, 0x0000000084500000, 0x0000000084500000|100%| O|Cm|TAMS 0x0000000084400000| PB 0x0000000084400000| Complete |  0
|  69|0x0000000084500000, 0x0000000084600000, 0x0000000084600000|100%| O|Cm|TAMS 0x0000000084500000| PB 0x0000000084500000| Complete |  0
|  70|0x0000000084600000, 0x0000000084700000, 0x0000000084700000|100%| O|Cm|TAMS 0x0000000084600000| PB 0x0000000084600000| Complete |  0
|  71|0x0000000084700000, 0x0000000084800000, 0x0000000084800000|100%| O|  |TAMS 0x0000000084700000| PB 0x0000000084700000| Untracked |  0
|  72|0x0000000084800000, 0x0000000084900000, 0x0000000084900000|100%| O|Cm|TAMS 0x0000000084800000| PB 0x0000000084800000| Complete |  0
|  73|0x0000000084900000, 0x0000000084a00000, 0x0000000084a00000|100%| O|Cm|TAMS 0x0000000084900000| PB 0x0000000084900000| Complete |  0
|  74|0x0000000084a00000, 0x0000000084b00000, 0x0000000084b00000|100%| O|  |TAMS 0x0000000084a00000| PB 0x0000000084a00000| Untracked |  0
|  75|0x0000000084b00000, 0x0000000084c00000, 0x0000000084c00000|100%| O|Cm|TAMS 0x0000000084b00000| PB 0x0000000084b00000| Complete |  0
|  76|0x0000000084c00000, 0x0000000084d00000, 0x0000000084d00000|100%| O|Cm|TAMS 0x0000000084c00000| PB 0x0000000084c00000| Complete |  0
|  77|0x0000000084d00000, 0x0000000084e00000, 0x0000000084e00000|100%| O|  |TAMS 0x0000000084d00000| PB 0x0000000084d00000| Untracked |  0
|  78|0x0000000084e00000, 0x0000000084f00000, 0x0000000084f00000|100%| O|  |TAMS 0x0000000084e00000| PB 0x0000000084e00000| Untracked |  0
|  79|0x0000000084f00000, 0x0000000085000000, 0x0000000085000000|100%| O|Cm|TAMS 0x0000000084f00000| PB 0x0000000084f00000| Complete |  0
|  80|0x0000000085000000, 0x0000000085000000, 0x0000000085100000|  0%| F|  |TAMS 0x0000000085000000| PB 0x0000000085000000| Untracked |  0
|  81|0x0000000085100000, 0x0000000085100000, 0x0000000085200000|  0%| F|  |TAMS 0x0000000085100000| PB 0x0000000085100000| Untracked |  0
|  82|0x0000000085200000, 0x0000000085200000, 0x0000000085300000|  0%| F|  |TAMS 0x0000000085200000| PB 0x0000000085200000| Untracked |  0
|  83|0x0000000085300000, 0x0000000085300000, 0x0000000085400000|  0%| F|  |TAMS 0x0000000085300000| PB 0x0000000085300000| Untracked |  0
|  84|0x0000000085400000, 0x0000000085400000, 0x0000000085500000|  0%| F|  |TAMS 0x0000000085400000| PB 0x0000000085400000| Untracked |  0
|  85|0x0000000085500000, 0x0000000085500000, 0x0000000085600000|  0%| F|  |TAMS 0x0000000085500000| PB 0x0000000085500000| Untracked |  0
|  86|0x0000000085600000, 0x0000000085700000, 0x0000000085700000|100%| O|  |TAMS 0x0000000085600000| PB 0x0000000085600000| Untracked |  0
|  87|0x0000000085700000, 0x0000000085800000, 0x0000000085800000|100%| O|  |TAMS 0x0000000085700000| PB 0x0000000085700000| Untracked |  0
|  88|0x0000000085800000, 0x0000000085900000, 0x0000000085900000|100%| O|Cm|TAMS 0x0000000085800000| PB 0x0000000085800000| Complete |  0
|  89|0x0000000085900000, 0x0000000085a00000, 0x0000000085a00000|100%| O|Cm|TAMS 0x0000000085900000| PB 0x0000000085900000| Complete |  0
|  90|0x0000000085a00000, 0x0000000085b00000, 0x0000000085b00000|100%| O|Cm|TAMS 0x0000000085a00000| PB 0x0000000085a00000| Complete |  0
|  91|0x0000000085b00000, 0x0000000085c00000, 0x0000000085c00000|100%| O|  |TAMS 0x0000000085b00000| PB 0x0000000085b00000| Untracked |  0
|  92|0x0000000085c00000, 0x0000000085d00000, 0x0000000085d00000|100%| O|Cm|TAMS 0x0000000085c00000| PB 0x0000000085c00000| Complete |  0
|  93|0x0000000085d00000, 0x0000000085e00000, 0x0000000085e00000|100%| O|Cm|TAMS 0x0000000085d00000| PB 0x0000000085d00000| Complete |  0
|  94|0x0000000085e00000, 0x0000000085f00000, 0x0000000085f00000|100%| O|Cm|TAMS 0x0000000085e00000| PB 0x0000000085e00000| Complete |  0
|  95|0x0000000085f00000, 0x0000000086000000, 0x0000000086000000|100%| O|  |TAMS 0x0000000085f00000| PB 0x0000000085f00000| Untracked |  0
|  96|0x0000000086000000, 0x0000000086100000, 0x0000000086100000|100%| O|  |TAMS 0x0000000086000000| PB 0x0000000086000000| Untracked |  0
|  97|0x0000000086100000, 0x0000000086200000, 0x0000000086200000|100%| O|  |TAMS 0x0000000086100000| PB 0x0000000086100000| Untracked |  0
|  98|0x0000000086200000, 0x0000000086300000, 0x0000000086300000|100%| O|  |TAMS 0x0000000086200000| PB 0x0000000086200000| Untracked |  0
|  99|0x0000000086300000, 0x0000000086400000, 0x0000000086400000|100%| O|  |TAMS 0x0000000086300000| PB 0x0000000086300000| Untracked |  0
| 100|0x0000000086400000, 0x0000000086500000, 0x0000000086500000|100%| O|Cm|TAMS 0x0000000086400000| PB 0x0000000086400000| Complete |  0
| 101|0x0000000086500000, 0x0000000086600000, 0x0000000086600000|100%| O|  |TAMS 0x0000000086500000| PB 0x0000000086500000| Untracked |  0
| 102|0x0000000086600000, 0x0000000086700000, 0x0000000086700000|100%| O|  |TAMS 0x0000000086600000| PB 0x0000000086600000| Untracked |  0
| 103|0x0000000086700000, 0x0000000086800000, 0x0000000086800000|100%|HS|  |TAMS 0x0000000086700000| PB 0x0000000086700000| Complete |  0
| 104|0x0000000086800000, 0x0000000086900000, 0x0000000086900000|100%| O|  |TAMS 0x0000000086800000| PB 0x0000000086800000| Untracked |  0
| 105|0x0000000086900000, 0x0000000086a00000, 0x0000000086a00000|100%| O|  |TAMS 0x0000000086900000| PB 0x0000000086900000| Untracked |  0
| 106|0x0000000086a00000, 0x0000000086b00000, 0x0000000086b00000|100%| O|  |TAMS 0x0000000086a00000| PB 0x0000000086a00000| Untracked |  0
| 107|0x0000000086b00000, 0x0000000086c00000, 0x0000000086c00000|100%| O|  |TAMS 0x0000000086b00000| PB 0x0000000086b00000| Untracked |  0
| 108|0x0000000086c00000, 0x0000000086d00000, 0x0000000086d00000|100%| O|  |TAMS 0x0000000086c00000| PB 0x0000000086c00000| Untracked |  0
| 109|0x0000000086d00000, 0x0000000086e00000, 0x0000000086e00000|100%| O|  |TAMS 0x0000000086d00000| PB 0x0000000086d00000| Untracked |  0
| 110|0x0000000086e00000, 0x0000000086f00000, 0x0000000086f00000|100%| O|  |TAMS 0x0000000086e00000| PB 0x0000000086e00000| Untracked |  0
| 111|0x0000000086f00000, 0x0000000087000000, 0x0000000087000000|100%| O|  |TAMS 0x0000000086f00000| PB 0x0000000086f00000| Untracked |  0
| 112|0x0000000087000000, 0x0000000087100000, 0x0000000087100000|100%| O|  |TAMS 0x0000000087000000| PB 0x0000000087000000| Untracked |  0
| 113|0x0000000087100000, 0x0000000087200000, 0x0000000087200000|100%| O|  |TAMS 0x0000000087100000| PB 0x0000000087100000| Untracked |  0
| 114|0x0000000087200000, 0x0000000087300000, 0x0000000087300000|100%| O|Cm|TAMS 0x0000000087200000| PB 0x0000000087200000| Complete |  0
| 115|0x0000000087300000, 0x0000000087400000, 0x0000000087400000|100%| O|  |TAMS 0x0000000087300000| PB 0x0000000087300000| Untracked |  0
| 116|0x0000000087400000, 0x0000000087500000, 0x0000000087500000|100%| O|  |TAMS 0x0000000087400000| PB 0x0000000087400000| Untracked |  0
| 117|0x0000000087500000, 0x0000000087600000, 0x0000000087600000|100%| O|  |TAMS 0x0000000087500000| PB 0x0000000087500000| Untracked |  0
| 118|0x0000000087600000, 0x0000000087700000, 0x0000000087700000|100%| O|Cm|TAMS 0x0000000087600000| PB 0x0000000087600000| Complete |  0
| 119|0x0000000087700000, 0x0000000087800000, 0x0000000087800000|100%| O|  |TAMS 0x0000000087700000| PB 0x0000000087700000| Untracked |  0
| 120|0x0000000087800000, 0x0000000087900000, 0x0000000087900000|100%| O|  |TAMS 0x0000000087800000| PB 0x0000000087800000| Untracked |  0
| 121|0x0000000087900000, 0x0000000087a00000, 0x0000000087a00000|100%| O|  |TAMS 0x0000000087900000| PB 0x0000000087900000| Untracked |  0
| 122|0x0000000087a00000, 0x0000000087b00000, 0x0000000087b00000|100%| O|  |TAMS 0x0000000087a00000| PB 0x0000000087a00000| Untracked |  0
| 123|0x0000000087b00000, 0x0000000087c00000, 0x0000000087c00000|100%| O|  |TAMS 0x0000000087b00000| PB 0x0000000087b00000| Untracked |  0
| 124|0x0000000087c00000, 0x0000000087d00000, 0x0000000087d00000|100%| O|  |TAMS 0x0000000087c00000| PB 0x0000000087c00000| Untracked |  0
| 125|0x0000000087d00000, 0x0000000087e00000, 0x0000000087e00000|100%| O|  |TAMS 0x0000000087d00000| PB 0x0000000087d00000| Untracked |  0
| 126|0x0000000087e00000, 0x0000000087f00000, 0x0000000087f00000|100%| O|  |TAMS 0x0000000087e00000| PB 0x0000000087e00000| Untracked |  0
| 127|0x0000000087f00000, 0x0000000088000000, 0x0000000088000000|100%| O|  |TAMS 0x0000000087f00000| PB 0x0000000087f00000| Untracked |  0
| 128|0x0000000088000000, 0x0000000088100000, 0x0000000088100000|100%| O|  |TAMS 0x0000000088000000| PB 0x0000000088000000| Untracked |  0
| 129|0x0000000088100000, 0x0000000088200000, 0x0000000088200000|100%| O|  |TAMS 0x0000000088100000| PB 0x0000000088100000| Untracked |  0
| 130|0x0000000088200000, 0x0000000088300000, 0x0000000088300000|100%| O|  |TAMS 0x0000000088200000| PB 0x0000000088200000| Untracked |  0
| 131|0x0000000088300000, 0x0000000088400000, 0x0000000088400000|100%| O|  |TAMS 0x0000000088300000| PB 0x0000000088300000| Untracked |  0
| 132|0x0000000088400000, 0x0000000088500000, 0x0000000088500000|100%| O|  |TAMS 0x0000000088400000| PB 0x0000000088400000| Untracked |  0
| 133|0x0000000088500000, 0x0000000088600000, 0x0000000088600000|100%| O|  |TAMS 0x0000000088500000| PB 0x0000000088500000| Untracked |  0
| 134|0x0000000088600000, 0x0000000088700000, 0x0000000088700000|100%| O|  |TAMS 0x0000000088600000| PB 0x0000000088600000| Untracked |  0
| 135|0x0000000088700000, 0x000000008875f008, 0x0000000088800000| 37%| O|  |TAMS 0x0000000088700000| PB 0x0000000088700000| Untracked |  0
| 136|0x0000000088800000, 0x0000000088800000, 0x0000000088900000|  0%| F|  |TAMS 0x0000000088800000| PB 0x0000000088800000| Untracked |  0
| 137|0x0000000088900000, 0x0000000088900000, 0x0000000088a00000|  0%| F|  |TAMS 0x0000000088900000| PB 0x0000000088900000| Untracked |  0
| 138|0x0000000088a00000, 0x0000000088a00000, 0x0000000088b00000|  0%| F|  |TAMS 0x0000000088a00000| PB 0x0000000088a00000| Untracked |  0
| 139|0x0000000088b00000, 0x0000000088b00000, 0x0000000088c00000|  0%| F|  |TAMS 0x0000000088b00000| PB 0x0000000088b00000| Untracked |  0
| 140|0x0000000088c00000, 0x0000000088d00000, 0x0000000088d00000|100%| O|  |TAMS 0x0000000088c00000| PB 0x0000000088c00000| Untracked |  0
| 141|0x0000000088d00000, 0x0000000088e00000, 0x0000000088e00000|100%| O|Cm|TAMS 0x0000000088d00000| PB 0x0000000088d00000| Complete |  0
| 142|0x0000000088e00000, 0x0000000088f00000, 0x0000000088f00000|100%| O|Cm|TAMS 0x0000000088e00000| PB 0x0000000088e00000| Complete |  0
| 143|0x0000000088f00000, 0x0000000088f00000, 0x0000000089000000|  0%| F|  |TAMS 0x0000000088f00000| PB 0x0000000088f00000| Untracked |  0
| 144|0x0000000089000000, 0x0000000089000000, 0x0000000089100000|  0%| F|  |TAMS 0x0000000089000000| PB 0x0000000089000000| Untracked |  0
| 145|0x0000000089100000, 0x0000000089100000, 0x0000000089200000|  0%| F|  |TAMS 0x0000000089100000| PB 0x0000000089100000| Untracked |  0
| 146|0x0000000089200000, 0x0000000089200000, 0x0000000089300000|  0%| F|  |TAMS 0x0000000089200000| PB 0x0000000089200000| Untracked |  0
| 147|0x0000000089300000, 0x0000000089300000, 0x0000000089400000|  0%| F|  |TAMS 0x0000000089300000| PB 0x0000000089300000| Untracked |  0
| 148|0x0000000089400000, 0x0000000089400000, 0x0000000089500000|  0%| F|  |TAMS 0x0000000089400000| PB 0x0000000089400000| Untracked |  0
| 149|0x0000000089500000, 0x0000000089500000, 0x0000000089600000|  0%| F|  |TAMS 0x0000000089500000| PB 0x0000000089500000| Untracked |  0
| 150|0x0000000089600000, 0x0000000089600000, 0x0000000089700000|  0%| F|  |TAMS 0x0000000089600000| PB 0x0000000089600000| Untracked |  0
| 151|0x0000000089700000, 0x0000000089700000, 0x0000000089800000|  0%| F|  |TAMS 0x0000000089700000| PB 0x0000000089700000| Untracked |  0
| 152|0x0000000089800000, 0x0000000089800000, 0x0000000089900000|  0%| F|  |TAMS 0x0000000089800000| PB 0x0000000089800000| Untracked |  0
| 153|0x0000000089900000, 0x0000000089900000, 0x0000000089a00000|  0%| F|  |TAMS 0x0000000089900000| PB 0x0000000089900000| Untracked |  0
| 154|0x0000000089a00000, 0x0000000089a00000, 0x0000000089b00000|  0%| F|  |TAMS 0x0000000089a00000| PB 0x0000000089a00000| Untracked |  0
| 155|0x0000000089b00000, 0x0000000089b00000, 0x0000000089c00000|  0%| F|  |TAMS 0x0000000089b00000| PB 0x0000000089b00000| Untracked |  0
| 156|0x0000000089c00000, 0x0000000089c00000, 0x0000000089d00000|  0%| F|  |TAMS 0x0000000089c00000| PB 0x0000000089c00000| Untracked |  0
| 157|0x0000000089d00000, 0x0000000089d31a08, 0x0000000089e00000| 19%| S|CS|TAMS 0x0000000089d00000| PB 0x0000000089d00000| Complete |  0
| 158|0x0000000089e00000, 0x0000000089f00000, 0x0000000089f00000|100%| S|CS|TAMS 0x0000000089e00000| PB 0x0000000089e00000| Complete |  0
| 159|0x0000000089f00000, 0x000000008a000000, 0x000000008a000000|100%| S|CS|TAMS 0x0000000089f00000| PB 0x0000000089f00000| Complete |  0
| 160|0x000000008a000000, 0x000000008a100000, 0x000000008a100000|100%| S|CS|TAMS 0x000000008a000000| PB 0x000000008a000000| Complete |  0
| 161|0x000000008a100000, 0x000000008a200000, 0x000000008a200000|100%| S|CS|TAMS 0x000000008a100000| PB 0x000000008a100000| Complete |  0
| 162|0x000000008a200000, 0x000000008a300000, 0x000000008a300000|100%| S|CS|TAMS 0x000000008a200000| PB 0x000000008a200000| Complete |  0
| 163|0x000000008a300000, 0x000000008a300000, 0x000000008a400000|  0%| F|  |TAMS 0x000000008a300000| PB 0x000000008a300000| Untracked |  0
| 164|0x000000008a400000, 0x000000008a400000, 0x000000008a500000|  0%| F|  |TAMS 0x000000008a400000| PB 0x000000008a400000| Untracked |  0
| 165|0x000000008a500000, 0x000000008a500000, 0x000000008a600000|  0%| F|  |TAMS 0x000000008a500000| PB 0x000000008a500000| Untracked |  0
| 166|0x000000008a600000, 0x000000008a600000, 0x000000008a700000|  0%| F|  |TAMS 0x000000008a600000| PB 0x000000008a600000| Untracked |  0
| 167|0x000000008a700000, 0x000000008a700000, 0x000000008a800000|  0%| F|  |TAMS 0x000000008a700000| PB 0x000000008a700000| Untracked |  0
| 168|0x000000008a800000, 0x000000008a800000, 0x000000008a900000|  0%| F|  |TAMS 0x000000008a800000| PB 0x000000008a800000| Untracked |  0
| 169|0x000000008a900000, 0x000000008a900000, 0x000000008aa00000|  0%| F|  |TAMS 0x000000008a900000| PB 0x000000008a900000| Untracked |  0
| 170|0x000000008aa00000, 0x000000008aa00000, 0x000000008ab00000|  0%| F|  |TAMS 0x000000008aa00000| PB 0x000000008aa00000| Untracked |  0
| 171|0x000000008ab00000, 0x000000008ab00000, 0x000000008ac00000|  0%| F|  |TAMS 0x000000008ab00000| PB 0x000000008ab00000| Untracked |  0
| 172|0x000000008ac00000, 0x000000008ac00000, 0x000000008ad00000|  0%| F|  |TAMS 0x000000008ac00000| PB 0x000000008ac00000| Untracked |  0
| 173|0x000000008ad00000, 0x000000008ad00000, 0x000000008ae00000|  0%| F|  |TAMS 0x000000008ad00000| PB 0x000000008ad00000| Untracked |  0
| 174|0x000000008ae00000, 0x000000008ae00000, 0x000000008af00000|  0%| F|  |TAMS 0x000000008ae00000| PB 0x000000008ae00000| Untracked |  0
| 175|0x000000008af00000, 0x000000008af00000, 0x000000008b000000|  0%| F|  |TAMS 0x000000008af00000| PB 0x000000008af00000| Untracked |  0
| 176|0x000000008b000000, 0x000000008b000000, 0x000000008b100000|  0%| F|  |TAMS 0x000000008b000000| PB 0x000000008b000000| Untracked |  0
| 177|0x000000008b100000, 0x000000008b100000, 0x000000008b200000|  0%| F|  |TAMS 0x000000008b100000| PB 0x000000008b100000| Untracked |  0
| 178|0x000000008b200000, 0x000000008b200000, 0x000000008b300000|  0%| F|  |TAMS 0x000000008b200000| PB 0x000000008b200000| Untracked |  0
| 179|0x000000008b300000, 0x000000008b300000, 0x000000008b400000|  0%| F|  |TAMS 0x000000008b300000| PB 0x000000008b300000| Untracked |  0
| 180|0x000000008b400000, 0x000000008b400000, 0x000000008b500000|  0%| F|  |TAMS 0x000000008b400000| PB 0x000000008b400000| Untracked |  0
| 181|0x000000008b500000, 0x000000008b500000, 0x000000008b600000|  0%| F|  |TAMS 0x000000008b500000| PB 0x000000008b500000| Untracked |  0
| 182|0x000000008b600000, 0x000000008b600000, 0x000000008b700000|  0%| F|  |TAMS 0x000000008b600000| PB 0x000000008b600000| Untracked |  0
| 183|0x000000008b700000, 0x000000008b700000, 0x000000008b800000|  0%| F|  |TAMS 0x000000008b700000| PB 0x000000008b700000| Untracked |  0
| 184|0x000000008b800000, 0x000000008b800000, 0x000000008b900000|  0%| F|  |TAMS 0x000000008b800000| PB 0x000000008b800000| Untracked |  0
| 185|0x000000008b900000, 0x000000008b900000, 0x000000008ba00000|  0%| F|  |TAMS 0x000000008b900000| PB 0x000000008b900000| Untracked |  0
| 186|0x000000008ba00000, 0x000000008ba00000, 0x000000008bb00000|  0%| F|  |TAMS 0x000000008ba00000| PB 0x000000008ba00000| Untracked |  0
| 187|0x000000008bb00000, 0x000000008bb00000, 0x000000008bc00000|  0%| F|  |TAMS 0x000000008bb00000| PB 0x000000008bb00000| Untracked |  0
| 188|0x000000008bc00000, 0x000000008bc00000, 0x000000008bd00000|  0%| F|  |TAMS 0x000000008bc00000| PB 0x000000008bc00000| Untracked |  0
| 189|0x000000008bd00000, 0x000000008bd00000, 0x000000008be00000|  0%| F|  |TAMS 0x000000008bd00000| PB 0x000000008bd00000| Untracked |  0
| 190|0x000000008be00000, 0x000000008be00000, 0x000000008bf00000|  0%| F|  |TAMS 0x000000008be00000| PB 0x000000008be00000| Untracked |  0
| 191|0x000000008bf00000, 0x000000008bf00000, 0x000000008c000000|  0%| F|  |TAMS 0x000000008bf00000| PB 0x000000008bf00000| Untracked |  0
| 192|0x000000008c000000, 0x000000008c000000, 0x000000008c100000|  0%| F|  |TAMS 0x000000008c000000| PB 0x000000008c000000| Untracked |  0
| 193|0x000000008c100000, 0x000000008c100000, 0x000000008c200000|  0%| F|  |TAMS 0x000000008c100000| PB 0x000000008c100000| Untracked |  0
| 194|0x000000008c200000, 0x000000008c200000, 0x000000008c300000|  0%| F|  |TAMS 0x000000008c200000| PB 0x000000008c200000| Untracked |  0
| 195|0x000000008c300000, 0x000000008c300000, 0x000000008c400000|  0%| F|  |TAMS 0x000000008c300000| PB 0x000000008c300000| Untracked |  0
| 196|0x000000008c400000, 0x000000008c400000, 0x000000008c500000|  0%| F|  |TAMS 0x000000008c400000| PB 0x000000008c400000| Untracked |  0
| 197|0x000000008c500000, 0x000000008c500000, 0x000000008c600000|  0%| F|  |TAMS 0x000000008c500000| PB 0x000000008c500000| Untracked |  0
| 198|0x000000008c600000, 0x000000008c600000, 0x000000008c700000|  0%| F|  |TAMS 0x000000008c600000| PB 0x000000008c600000| Untracked |  0
| 199|0x000000008c700000, 0x000000008c700000, 0x000000008c800000|  0%| F|  |TAMS 0x000000008c700000| PB 0x000000008c700000| Untracked |  0
| 227|0x000000008e300000, 0x000000008e300000, 0x000000008e400000|  0%| F|  |TAMS 0x000000008e300000| PB 0x000000008e300000| Untracked |  0
| 228|0x000000008e400000, 0x000000008e477b40, 0x000000008e500000| 46%| E|  |TAMS 0x000000008e400000| PB 0x000000008e400000| Complete |  0
| 229|0x000000008e500000, 0x000000008e600000, 0x000000008e600000|100%| E|CS|TAMS 0x000000008e500000| PB 0x000000008e500000| Complete |  0
| 230|0x000000008e600000, 0x000000008e700000, 0x000000008e700000|100%| E|CS|TAMS 0x000000008e600000| PB 0x000000008e600000| Complete |  0
| 231|0x000000008e700000, 0x000000008e800000, 0x000000008e800000|100%| E|CS|TAMS 0x000000008e700000| PB 0x000000008e700000| Complete |  0
| 232|0x000000008e800000, 0x000000008e900000, 0x000000008e900000|100%| E|CS|TAMS 0x000000008e800000| PB 0x000000008e800000| Complete |  0
| 233|0x000000008e900000, 0x000000008ea00000, 0x000000008ea00000|100%| E|CS|TAMS 0x000000008e900000| PB 0x000000008e900000| Complete |  0
| 234|0x000000008ea00000, 0x000000008eb00000, 0x000000008eb00000|100%| E|CS|TAMS 0x000000008ea00000| PB 0x000000008ea00000| Complete |  0
| 235|0x000000008eb00000, 0x000000008ec00000, 0x000000008ec00000|100%| E|CS|TAMS 0x000000008eb00000| PB 0x000000008eb00000| Complete |  0
| 236|0x000000008ec00000, 0x000000008ed00000, 0x000000008ed00000|100%| E|CS|TAMS 0x000000008ec00000| PB 0x000000008ec00000| Complete |  1
| 237|0x000000008ed00000, 0x000000008ee00000, 0x000000008ee00000|100%| E|CS|TAMS 0x000000008ed00000| PB 0x000000008ed00000| Complete |  0
| 251|0x000000008fb00000, 0x000000008fc00000, 0x000000008fc00000|100%| E|CS|TAMS 0x000000008fb00000| PB 0x000000008fb00000| Complete |  0
|2038|0x00000000ff600000, 0x00000000ff700000, 0x00000000ff700000|100%| O|Cm|TAMS 0x00000000ff600000| PB 0x00000000ff600000| Complete |  0
|2039|0x00000000ff700000, 0x00000000ff800000, 0x00000000ff800000|100%| O|Cm|TAMS 0x00000000ff700000| PB 0x00000000ff700000| Complete |  0
|2040|0x00000000ff800000, 0x00000000ff900000, 0x00000000ff900000|100%| O|  |TAMS 0x00000000ff800000| PB 0x00000000ff800000| Untracked |  0
|2041|0x00000000ff900000, 0x00000000ffa00000, 0x00000000ffa00000|100%| O|  |TAMS 0x00000000ff900000| PB 0x00000000ff900000| Untracked |  0
|2042|0x00000000ffa00000, 0x00000000ffb00000, 0x00000000ffb00000|100%| O|  |TAMS 0x00000000ffa00000| PB 0x00000000ffa00000| Untracked |  0
|2043|0x00000000ffb00000, 0x00000000ffc00000, 0x00000000ffc00000|100%| O|  |TAMS 0x00000000ffb00000| PB 0x00000000ffb00000| Untracked |  0
|2044|0x00000000ffc00000, 0x00000000ffd00000, 0x00000000ffd00000|100%| O|  |TAMS 0x00000000ffc00000| PB 0x00000000ffc00000| Untracked |  0
|2045|0x00000000ffd00000, 0x00000000ffe00000, 0x00000000ffe00000|100%| O|  |TAMS 0x00000000ffd00000| PB 0x00000000ffd00000| Untracked |  0
|2046|0x00000000ffe00000, 0x00000000fff00000, 0x00000000fff00000|100%| O|  |TAMS 0x00000000ffe00000| PB 0x00000000ffe00000| Untracked |  0
|2047|0x00000000fff00000, 0x0000000100000000, 0x0000000100000000|100%| E|CS|TAMS 0x00000000fff00000| PB 0x00000000fff00000| Complete |  0

Card table byte_map: [0x000001fad01a0000,0x000001fad05a0000] _byte_map_base: 0x000001facfda0000

Marking Bits: (CMBitMap*) 0x000001fab7e90a20
 Bits: [0x000001fad05a0000, 0x000001fad25a0000)

Polling page: 0x000001fab5e90000

Metaspace:
Metaspace        used 141036K, committed 143168K, reserved 1179648K
 class space     used 18919K, committed 19968K, reserved 1048576K

Usage:
  Non-class:    119.25 MB used.
      Class:     18.48 MB used.
       Both:    137.73 MB used.

Virtual space:
  Non-class space:      128.00 MB reserved,     120.31 MB ( 94%) committed,  2 nodes.
      Class space:        1.00 GB reserved,      19.50 MB (  2%) committed,  1 nodes.
             Both:        1.12 GB reserved,     139.81 MB ( 12%) committed. 

Chunk freelists:
   Non-Class:  6.88 MB
       Class:  12.53 MB
        Both:  19.40 MB

MaxMetaspaceSize: unlimited
CompressedClassSpaceSize: 1.00 GB
Initial GC threshold: 21.00 MB
Current GC threshold: 233.06 MB
CDS: on
 - commit_granule_bytes: 65536.
 - commit_granule_words: 8192.
 - virtual_space_node_default_size: 8388608.
 - enlarge_chunks_in_place: 1.
UseCompressedClassPointers 1, UseCompactObjectHeaders 0
Narrow klass pointer bits 32, Max shift 3
Narrow klass base: 0x000000001f000000, Narrow klass shift: 0
Encoding Range: [0x000000001f000000 - 0x000000011f000000), (4294967296 bytes)
Klass Range:    [0x000000001f010000 - 0x0000000060000000), (1090453504 bytes)
Klass ID Range:  [65536 - 1090519033) (1090453497)
Protection zone: [0x000000001f000000 - 0x000000001f010000), (65536 bytes)


Internal statistics:

num_allocs_failed_limit: 6.
num_arena_births: 3736.
num_arena_deaths: 0.
num_vsnodes_births: 3.
num_vsnodes_deaths: 0.
num_space_committed: 2236.
num_space_uncommitted: 0.
num_chunks_returned_to_freelist: 6.
num_chunks_taken_from_freelist: 9205.
num_chunk_merges: 6.
num_chunk_splits: 6573.
num_chunks_enlarged: 4831.
num_inconsistent_stats: 0.

CodeHeap 'non-profiled nmethods': size=120064Kb used=5210Kb max_used=5513Kb free=114853Kb
 bounds [0x000001fac8420000, 0x000001fac8990000, 0x000001facf960000]
CodeHeap 'profiled nmethods': size=120064Kb used=17790Kb max_used=18356Kb free=102273Kb
 bounds [0x000001fac0940000, 0x000001fac1b30000, 0x000001fac7e80000]
CodeHeap 'non-nmethods': size=5760Kb used=2646Kb max_used=2771Kb free=3113Kb
 bounds [0x000001fac7e80000, 0x000001fac8160000, 0x000001fac8420000]
CodeCache: size=245888Kb, used=25646Kb, max_used=26640Kb, free=220239Kb
 total_blobs=12594, nmethods=11424, adapters=1069, full_count=0
Compilation: enabled, stopped_count=0, restarted_count=0

Compilation events (20 events):
Event: 14.664 Thread 0x000001fad5050720 nmethod 13210 0x000001fac1b2b488 code [0x000001fac1b2b580, 0x000001fac1b2bca0]
Event: 14.664 Thread 0x000001fad5050720 13211       2       org.gradle.cache.internal.btree.FileBackedBlockStore::alloc (17 bytes)
Event: 14.664 Thread 0x000001fad5050720 nmethod 13211 0x000001fac1b2bd08 code [0x000001fac1b2be00, 0x000001fac1b2bf10]
Event: 14.666 Thread 0x000001fad5050720 13212       2       com.google.gson.stream.JsonReader::nextName (86 bytes)
Event: 14.667 Thread 0x000001fad5050720 nmethod 13212 0x000001fac1b2c008 code [0x000001fac1b2c100, 0x000001fac1b2c410]
Event: 14.667 Thread 0x000001fad5050720 13213       2       com.google.gson.stream.JsonReader::peek (144 bytes)
Event: 14.667 Thread 0x000001fad5050720 nmethod 13213 0x000001fac1b2c488 code [0x000001fac1b2c580, 0x000001fac1b2c9b0]
Event: 14.667 Thread 0x000001fad5050720 13214       2       org.gradle.api.internal.artifacts.dependencies.AbstractVersionConstraint::<init> (5 bytes)
Event: 14.667 Thread 0x000001fad5050720 nmethod 13214 0x000001fac1b2ca08 code [0x000001fac1b2cb00, 0x000001fac1b2cc00]
Event: 14.667 Thread 0x000001fad5050720 13215       2       com.google.gson.stream.JsonReader::nextString (167 bytes)
Event: 14.668 Thread 0x000001fad5050720 nmethod 13215 0x000001fac1b2cd08 code [0x000001fac1b2ce00, 0x000001fac1b2d198]
Event: 14.836 Thread 0x000001fad5050720 13216       2       sun.security.ssl.SSLCipher$SSLReadCipher::atKeyLimit (18 bytes)
Event: 14.837 Thread 0x000001fad5050720 nmethod 13216 0x000001fac097e788 code [0x000001fac097e880, 0x000001fac097e9c8]
Event: 14.837 Thread 0x000001fad5050720 13217       2       org.apache.http.message.BasicTokenIterator::findNext (91 bytes)
Event: 14.837 Thread 0x000001fad5050720 nmethod 13217 0x000001fac0abfe88 code [0x000001fac0abff80, 0x000001fac0ac0350]
Event: 14.837 Thread 0x000001fad5050720 13218       2       org.apache.http.message.BasicTokenIterator::findTokenStart (192 bytes)
Event: 14.840 Thread 0x000001fad5050720 nmethod 13218 0x000001fac0c9b888 code [0x000001fac0c9b980, 0x000001fac0c9c728]
Event: 14.840 Thread 0x000001fad5050720 13219       2       java.util.Calendar::setFieldsComputed (118 bytes)
Event: 14.840 Thread 0x000001fad5050720 nmethod 13219 0x000001fac0991508 code [0x000001fac0991600, 0x000001fac0991908]
Event: 14.840 Thread 0x000001fad5050720 13220   !   2       java.text.SimpleDateFormat::subParse (1841 bytes)

GC Heap Usage History (20 events):
Event: 8.002 {heap Before GC invocations=33 (full 0):
 garbage-first heap   total reserved 2097152K, committed 174080K, used 149125K [0x0000000080000000, 0x0000000100000000)
  region size 1024K, 98 young (100352K), 13 survivors (13312K)
}
Event: 8.011 {heap After GC invocations=34 (full 0):
 garbage-first heap   total reserved 2097152K, committed 174080K, used 71122K [0x0000000080000000, 0x0000000100000000)
  region size 1024K, 7 young (7168K), 7 survivors (7168K)
}
Event: 8.526 {heap Before GC invocations=35 (full 0):
 garbage-first heap   total reserved 2097152K, committed 174080K, used 152018K [0x0000000080000000, 0x0000000100000000)
  region size 1024K, 85 young (87040K), 7 survivors (7168K)
}
Event: 8.533 {heap After GC invocations=36 (full 0):
 garbage-first heap   total reserved 2097152K, committed 174080K, used 83228K [0x0000000080000000, 0x0000000100000000)
  region size 1024K, 11 young (11264K), 11 survivors (11264K)
}
Event: 9.098 {heap Before GC invocations=36 (full 0):
 garbage-first heap   total reserved 2097152K, committed 174080K, used 149788K [0x0000000080000000, 0x0000000100000000)
  region size 1024K, 76 young (77824K), 11 survivors (11264K)
}
Event: 9.106 {heap After GC invocations=37 (full 0):
 garbage-first heap   total reserved 2097152K, committed 174080K, used 92682K [0x0000000080000000, 0x0000000100000000)
  region size 1024K, 10 young (10240K), 10 survivors (10240K)
}
Event: 9.688 {heap Before GC invocations=37 (full 0):
 garbage-first heap   total reserved 2097152K, committed 174080K, used 151050K [0x0000000080000000, 0x0000000100000000)
  region size 1024K, 68 young (69632K), 10 survivors (10240K)
}
Event: 9.695 {heap After GC invocations=38 (full 0):
 garbage-first heap   total reserved 2097152K, committed 208896K, used 97794K [0x0000000080000000, 0x0000000100000000)
  region size 1024K, 5 young (5120K), 5 survivors (5120K)
}
Event: 10.581 {heap Before GC invocations=39 (full 0):
 garbage-first heap   total reserved 2097152K, committed 208896K, used 180738K [0x0000000080000000, 0x0000000100000000)
  region size 1024K, 87 young (89088K), 5 survivors (5120K)
}
Event: 10.586 {heap After GC invocations=40 (full 0):
 garbage-first heap   total reserved 2097152K, committed 208896K, used 101873K [0x0000000080000000, 0x0000000100000000)
  region size 1024K, 9 young (9216K), 9 survivors (9216K)
}
Event: 11.125 {heap Before GC invocations=40 (full 0):
 garbage-first heap   total reserved 2097152K, committed 208896K, used 184817K [0x0000000080000000, 0x0000000100000000)
  region size 1024K, 90 young (92160K), 9 survivors (9216K)
}
Event: 11.132 {heap After GC invocations=41 (full 0):
 garbage-first heap   total reserved 2097152K, committed 208896K, used 105403K [0x0000000080000000, 0x0000000100000000)
  region size 1024K, 10 young (10240K), 10 survivors (10240K)
}
Event: 11.762 {heap Before GC invocations=41 (full 0):
 garbage-first heap   total reserved 2097152K, committed 208896K, used 186299K [0x0000000080000000, 0x0000000100000000)
  region size 1024K, 89 young (91136K), 10 survivors (10240K)
}
Event: 11.772 {heap After GC invocations=42 (full 0):
 garbage-first heap   total reserved 2097152K, committed 208896K, used 117247K [0x0000000080000000, 0x0000000100000000)
  region size 1024K, 12 young (12288K), 12 survivors (12288K)
}
Event: 11.979 {heap Before GC invocations=43 (full 0):
 garbage-first heap   total reserved 2097152K, committed 208896K, used 182783K [0x0000000080000000, 0x0000000100000000)
  region size 1024K, 75 young (76800K), 12 survivors (12288K)
}
Event: 11.994 {heap After GC invocations=44 (full 0):
 garbage-first heap   total reserved 2097152K, committed 217088K, used 139801K [0x0000000080000000, 0x0000000100000000)
  region size 1024K, 10 young (10240K), 10 survivors (10240K)
}
Event: 12.553 {heap Before GC invocations=44 (full 0):
 garbage-first heap   total reserved 2097152K, committed 217088K, used 185881K [0x0000000080000000, 0x0000000100000000)
  region size 1024K, 56 young (57344K), 10 survivors (10240K)
}
Event: 12.562 {heap After GC invocations=45 (full 0):
 garbage-first heap   total reserved 2097152K, committed 217088K, used 149084K [0x0000000080000000, 0x0000000100000000)
  region size 1024K, 7 young (7168K), 7 survivors (7168K)
}
Event: 14.559 {heap Before GC invocations=45 (full 0):
 garbage-first heap   total reserved 2097152K, committed 217088K, used 190044K [0x0000000080000000, 0x0000000100000000)
  region size 1024K, 47 young (48128K), 7 survivors (7168K)
}
Event: 14.567 {heap After GC invocations=46 (full 0):
 garbage-first heap   total reserved 2097152K, committed 217088K, used 156226K [0x0000000080000000, 0x0000000100000000)
  region size 1024K, 6 young (6144K), 6 survivors (6144K)
}

Metaspace Usage History (20 events):
Event: 8.002 {metaspace Before GC invocations=33 (full 0):
 Metaspace       used 87531K, committed 89536K, reserved 1179648K
  class space    used 12391K, committed 13312K, reserved 1048576K
}
Event: 8.011 {metaspace After GC invocations=34 (full 0):
 Metaspace       used 87531K, committed 89536K, reserved 1179648K
  class space    used 12391K, committed 13312K, reserved 1048576K
}
Event: 8.526 {metaspace Before GC invocations=35 (full 0):
 Metaspace       used 94391K, committed 96384K, reserved 1179648K
  class space    used 13264K, committed 14208K, reserved 1048576K
}
Event: 8.533 {metaspace After GC invocations=36 (full 0):
 Metaspace       used 94391K, committed 96384K, reserved 1179648K
  class space    used 13264K, committed 14208K, reserved 1048576K
}
Event: 9.098 {metaspace Before GC invocations=36 (full 0):
 Metaspace       used 100408K, committed 102400K, reserved 1179648K
  class space    used 13930K, committed 14848K, reserved 1048576K
}
Event: 9.106 {metaspace After GC invocations=37 (full 0):
 Metaspace       used 100408K, committed 102400K, reserved 1179648K
  class space    used 13930K, committed 14848K, reserved 1048576K
}
Event: 9.688 {metaspace Before GC invocations=37 (full 0):
 Metaspace       used 107748K, committed 109760K, reserved 1179648K
  class space    used 14673K, committed 15616K, reserved 1048576K
}
Event: 9.695 {metaspace After GC invocations=38 (full 0):
 Metaspace       used 107748K, committed 109760K, reserved 1179648K
  class space    used 14673K, committed 15616K, reserved 1048576K
}
Event: 10.581 {metaspace Before GC invocations=39 (full 0):
 Metaspace       used 119122K, committed 121152K, reserved 1179648K
  class space    used 16157K, committed 17088K, reserved 1048576K
}
Event: 10.586 {metaspace After GC invocations=40 (full 0):
 Metaspace       used 119122K, committed 121152K, reserved 1179648K
  class space    used 16157K, committed 17088K, reserved 1048576K
}
Event: 11.125 {metaspace Before GC invocations=40 (full 0):
 Metaspace       used 126733K, committed 128768K, reserved 1179648K
  class space    used 17107K, committed 18048K, reserved 1048576K
}
Event: 11.132 {metaspace After GC invocations=41 (full 0):
 Metaspace       used 126733K, committed 128768K, reserved 1179648K
  class space    used 17107K, committed 18048K, reserved 1048576K
}
Event: 11.762 {metaspace Before GC invocations=41 (full 0):
 Metaspace       used 130842K, committed 132928K, reserved 1179648K
  class space    used 17761K, committed 18752K, reserved 1048576K
}
Event: 11.772 {metaspace After GC invocations=42 (full 0):
 Metaspace       used 130842K, committed 132928K, reserved 1179648K
  class space    used 17761K, committed 18752K, reserved 1048576K
}
Event: 11.979 {metaspace Before GC invocations=43 (full 0):
 Metaspace       used 131084K, committed 133248K, reserved 1179648K
  class space    used 17767K, committed 18752K, reserved 1048576K
}
Event: 11.994 {metaspace After GC invocations=44 (full 0):
 Metaspace       used 131084K, committed 133248K, reserved 1179648K
  class space    used 17767K, committed 18752K, reserved 1048576K
}
Event: 12.553 {metaspace Before GC invocations=44 (full 0):
 Metaspace       used 135143K, committed 137344K, reserved 1179648K
  class space    used 18241K, committed 19264K, reserved 1048576K
}
Event: 12.562 {metaspace After GC invocations=45 (full 0):
 Metaspace       used 135143K, committed 137344K, reserved 1179648K
  class space    used 18241K, committed 19264K, reserved 1048576K
}
Event: 14.559 {metaspace Before GC invocations=45 (full 0):
 Metaspace       used 140835K, committed 142976K, reserved 1179648K
  class space    used 18919K, committed 19968K, reserved 1048576K
}
Event: 14.567 {metaspace After GC invocations=46 (full 0):
 Metaspace       used 140835K, committed 142976K, reserved 1179648K
  class space    used 18919K, committed 19968K, reserved 1048576K
}

Dll operation events (20 events):
Event: 0.060 Attempting to load shared library C:\Program Files\Eclipse Adoptium\jdk-25.0.4.7-hotspot\bin\nio.dll
Event: 0.061 Loaded shared library C:\Program Files\Eclipse Adoptium\jdk-25.0.4.7-hotspot\bin\nio.dll
Event: 0.063 Attempting to load shared library C:\Program Files\Eclipse Adoptium\jdk-25.0.4.7-hotspot\bin\zip.dll
Event: 0.063 Loaded shared library C:\Program Files\Eclipse Adoptium\jdk-25.0.4.7-hotspot\bin\zip.dll
Event: 0.161 Attempting to load shared library C:\Program Files\Eclipse Adoptium\jdk-25.0.4.7-hotspot\bin\jimage.dll
Event: 0.161 Loaded shared library C:\Program Files\Eclipse Adoptium\jdk-25.0.4.7-hotspot\bin\jimage.dll
Event: 0.288 Attempting to load shared library C:\Program Files\Eclipse Adoptium\jdk-25.0.4.7-hotspot\bin\verify.dll
Event: 0.288 Loaded shared library C:\Program Files\Eclipse Adoptium\jdk-25.0.4.7-hotspot\bin\verify.dll
Event: 0.307 Attempting to load shared library C:\Users\sdenm\.gradle\native\660c5614fbf4a5f2a75b1949f50a0caf5cd603558e7d8a26e50b933a0cfb79d1\windows-amd64\native-platform.dll
Event: 0.307 Loaded shared library C:\Users\sdenm\.gradle\native\660c5614fbf4a5f2a75b1949f50a0caf5cd603558e7d8a26e50b933a0cfb79d1\windows-amd64\native-platform.dll
Event: 0.313 Attempting to load shared library C:\Users\sdenm\.gradle\native\0.2.8\x86_64-windows-gnu\gradle-fileevents.dll
Event: 0.317 Loaded shared library C:\Users\sdenm\.gradle\native\0.2.8\x86_64-windows-gnu\gradle-fileevents.dll
Event: 0.908 Attempting to load shared library C:\Program Files\Eclipse Adoptium\jdk-25.0.4.7-hotspot\bin\management.dll
Event: 0.908 Loaded shared library C:\Program Files\Eclipse Adoptium\jdk-25.0.4.7-hotspot\bin\management.dll
Event: 0.911 Attempting to load shared library C:\Program Files\Eclipse Adoptium\jdk-25.0.4.7-hotspot\bin\management_ext.dll
Event: 0.911 Loaded shared library C:\Program Files\Eclipse Adoptium\jdk-25.0.4.7-hotspot\bin\management_ext.dll
Event: 1.023 Attempting to load shared library C:\Program Files\Eclipse Adoptium\jdk-25.0.4.7-hotspot\bin\extnet.dll
Event: 1.024 Loaded shared library C:\Program Files\Eclipse Adoptium\jdk-25.0.4.7-hotspot\bin\extnet.dll
Event: 1.201 Attempting to load shared library C:\Program Files\Eclipse Adoptium\jdk-25.0.4.7-hotspot\bin\sunmscapi.dll
Event: 1.203 Loaded shared library C:\Program Files\Eclipse Adoptium\jdk-25.0.4.7-hotspot\bin\sunmscapi.dll

Deoptimization events (20 events):
Event: 14.595 Thread 0x000001fadd7e6d00 DEOPT PACKING pc=0x000001fac1a9ae15 sp=0x0000009c42cf9950
Event: 14.595 Thread 0x000001fadd7e6d00 DEOPT UNPACKING pc=0x000001fac7ed12a2 sp=0x0000009c42cf8df0 mode 0
Event: 14.597 Thread 0x000001fadd7e6d00 DEOPT PACKING pc=0x000001fac1a9ae15 sp=0x0000009c42cf98d0
Event: 14.597 Thread 0x000001fadd7e6d00 DEOPT UNPACKING pc=0x000001fac7ed12a2 sp=0x0000009c42cf8d70 mode 0
Event: 14.597 Thread 0x000001fadd7e6d00 DEOPT PACKING pc=0x000001fac1a9ae15 sp=0x0000009c42cf9820
Event: 14.597 Thread 0x000001fadd7e6d00 DEOPT UNPACKING pc=0x000001fac7ed12a2 sp=0x0000009c42cf8cc0 mode 0
Event: 14.603 Thread 0x000001faddab9d60 DEOPT PACKING pc=0x000001fac1a9ae15 sp=0x0000009c424fc660
Event: 14.603 Thread 0x000001faddab9d60 DEOPT UNPACKING pc=0x000001fac7ed12a2 sp=0x0000009c424fbb00 mode 0
Event: 14.609 Thread 0x000001faddab4770 DEOPT PACKING pc=0x000001fac1a9ae15 sp=0x0000009c41efc330
Event: 14.609 Thread 0x000001faddab4770 DEOPT UNPACKING pc=0x000001fac7ed12a2 sp=0x0000009c41efb7d0 mode 0
Event: 14.627 Thread 0x000001faddab5ee0 DEOPT PACKING pc=0x000001fac1a9ae15 sp=0x0000009c420fcb10
Event: 14.627 Thread 0x000001faddab5ee0 DEOPT UNPACKING pc=0x000001fac7ed12a2 sp=0x0000009c420fbfb0 mode 0
Event: 14.637 Thread 0x000001faddabf350 DEOPT PACKING pc=0x000001fac1a9ae15 sp=0x0000009c428f9af0
Event: 14.637 Thread 0x000001faddabf350 DEOPT UNPACKING pc=0x000001fac7ed12a2 sp=0x0000009c428f8f90 mode 0
Event: 14.638 Thread 0x000001faddabf350 DEOPT PACKING pc=0x000001fac1a9ae15 sp=0x0000009c428f9a70
Event: 14.638 Thread 0x000001faddabf350 DEOPT UNPACKING pc=0x000001fac7ed12a2 sp=0x0000009c428f8f10 mode 0
Event: 14.649 Thread 0x000001fadd7ef1d0 DEOPT PACKING pc=0x000001fac1a9ae15 sp=0x0000009c432fcb70
Event: 14.649 Thread 0x000001fadd7ef1d0 DEOPT UNPACKING pc=0x000001fac7ed12a2 sp=0x0000009c432fc010 mode 0
Event: 14.656 Thread 0x000001fadd7ea3b0 DEOPT PACKING pc=0x000001fac1a9ae15 sp=0x0000009c42ffc330
Event: 14.656 Thread 0x000001fadd7ea3b0 DEOPT UNPACKING pc=0x000001fac7ed12a2 sp=0x0000009c42ffb7d0 mode 0

Classes loaded (20 events):
Event: 13.590 Loading class sun/security/ssl/PreSharedKeyExtension$PartialClientHelloMessage
Event: 13.590 Loading class sun/security/ssl/PreSharedKeyExtension$PartialClientHelloMessage done
Event: 13.590 Loading class sun/security/ssl/SSLEngineOutputRecord
Event: 13.591 Loading class sun/security/ssl/SSLEngineOutputRecord done
Event: 13.591 Loading class sun/security/ssl/SSLEngineOutputRecord$HandshakeFragment
Event: 13.591 Loading class sun/security/ssl/SSLEngineOutputRecord$HandshakeFragment done
Event: 13.591 Loading class sun/security/ssl/SSLEngineOutputRecord$HandshakeMemo
Event: 13.591 Loading class sun/security/ssl/SSLEngineOutputRecord$RecordMemo
Event: 13.591 Loading class sun/security/ssl/SSLEngineOutputRecord$RecordMemo done
Event: 13.591 Loading class sun/security/ssl/SSLEngineOutputRecord$HandshakeMemo done
Event: 13.728 Loading class sun/security/ssl/PreSharedKeyExtension$SHPreSharedKeySpec
Event: 13.728 Loading class sun/security/ssl/PreSharedKeyExtension$SHPreSharedKeySpec done
Event: 13.886 Loading class com/sun/org/apache/xerces/internal/dom/DeferredCommentImpl
Event: 13.888 Loading class com/sun/org/apache/xerces/internal/dom/CommentImpl
Event: 13.888 Loading class com/sun/org/apache/xerces/internal/dom/CommentImpl done
Event: 13.888 Loading class com/sun/org/apache/xerces/internal/dom/DeferredCommentImpl done
Event: 14.067 Loading class java/util/concurrent/locks/ReentrantReadWriteLock$Sync$HoldCounter
Event: 14.067 Loading class java/util/concurrent/locks/ReentrantReadWriteLock$Sync$HoldCounter done
Event: 14.234 Loading class sun/security/ssl/ServerNameExtension$SHServerNamesSpec
Event: 14.234 Loading class sun/security/ssl/ServerNameExtension$SHServerNamesSpec done

Classes unloaded (0 events):
No events

Classes redefined (0 events):
No events

Internal exceptions (20 events):
Event: 11.684 Thread 0x000001fadbbbedd0 Exception <a 'java/io/IOException'{0x0000000089b5b680}> (0x0000000089b5b680) 
thrown [s\src\hotspot\share\prims\jni.cpp, line 516]
Event: 11.686 Thread 0x000001fadbbbedd0 Exception <a 'java/io/FileNotFoundException'{0x0000000089b5f678}> (0x0000000089b5f678) 
thrown [s\src\hotspot\share\prims\jni.cpp, line 516]
Event: 11.724 Thread 0x000001fadbbbedd0 Exception <a 'sun/nio/fs/WindowsException'{0x000000008974ad00}> (0x000000008974ad00) 
thrown [s\src\hotspot\share\prims\jni.cpp, line 516]
Event: 11.724 Thread 0x000001fadbbbedd0 Exception <a 'sun/nio/fs/WindowsException'{0x000000008974cb28}> (0x000000008974cb28) 
thrown [s\src\hotspot\share\prims\jni.cpp, line 516]
Event: 11.810 Thread 0x000001fadbbbedd0 Implicit null exception at 0x000001fac853c285 to 0x000001fac853ea24
Event: 12.210 Thread 0x000001fadbbbedd0 Exception <a 'sun/nio/fs/WindowsException'{0x000000008b087f40}> (0x000000008b087f40) 
thrown [s\src\hotspot\share\prims\jni.cpp, line 516]
Event: 12.211 Thread 0x000001fadbbbedd0 Exception <a 'sun/nio/fs/WindowsException'{0x000000008b089b88}> (0x000000008b089b88) 
thrown [s\src\hotspot\share\prims\jni.cpp, line 516]
Event: 12.215 Thread 0x000001fadbbbedd0 Exception <a 'sun/nio/fs/WindowsException'{0x000000008b0b8e98}> (0x000000008b0b8e98) 
thrown [s\src\hotspot\share\prims\jni.cpp, line 516]
Event: 12.217 Thread 0x000001fadbbbedd0 Exception <a 'sun/nio/fs/WindowsException'{0x000000008b0c2590}> (0x000000008b0c2590) 
thrown [s\src\hotspot\share\prims\jni.cpp, line 516]
Event: 12.222 Thread 0x000001fadbbbedd0 Exception <a 'sun/nio/fs/WindowsException'{0x000000008b0cd600}> (0x000000008b0cd600) 
thrown [s\src\hotspot\share\prims\jni.cpp, line 516]
Event: 12.253 Thread 0x000001fadbbbedd0 Exception <a 'java/lang/NoSuchMethodError'{0x000000008ae72560}: static Lorg/gradle/api/internal/catalog/DefaultVersionCatalog;.<clinit>()V> (0x000000008ae72560) 
thrown [s\src\hotspot\share\prims\jni.cpp, line 1106]
Event: 12.256 Thread 0x000001fadbbbedd0 Exception <a 'java/lang/NoSuchMethodError'{0x000000008ae932f8}: 'long java.lang.invoke.Invokers$Holder.invokeExact_MT(java.lang.Object, java.lang.Object)'> (0x000000008ae932f8) 
thrown [s\src\hotspot\share\interpreter\linkResolver.cpp, line 804]
Event: 12.258 Thread 0x000001fadbbbedd0 Exception <a 'java/lang/NoSuchMethodError'{0x000000008aec49f8}: static [Ljava/lang/Object;.<clinit>()V> (0x000000008aec49f8) 
thrown [s\src\hotspot\share\prims\jni.cpp, line 1106]
Event: 12.259 Thread 0x000001fadbbbedd0 Exception <a 'java/lang/NoSuchMethodError'{0x000000008aef64a0}: static Lorg/gradle/api/internal/catalog/DependencyModel;.<clinit>()V> (0x000000008aef64a0) 
thrown [s\src\hotspot\share\prims\jni.cpp, line 1106]
Event: 12.259 Thread 0x000001fadbbbedd0 Exception <a 'java/lang/NoSuchMethodError'{0x000000008aefa0f0}: static Lorg/gradle/api/internal/catalog/AbstractContextAwareModel;.<clinit>()V> (0x000000008aefa0f0) 
thrown [s\src\hotspot\share\prims\jni.cpp, line 1106]
Event: 12.260 Thread 0x000001fadbbbedd0 Exception <a 'java/lang/NoSuchMethodError'{0x000000008ad0fe50}: static Lorg/gradle/api/internal/artifacts/dependencies/AbstractVersionConstraint;.<clinit>()V> (0x000000008ad0fe50) 
thrown [s\src\hotspot\share\prims\jni.cpp, line 1106]
Event: 12.266 Thread 0x000001fadbbbedd0 Exception <a 'java/lang/NoSuchMethodError'{0x000000008ad94428}: static Lorg/gradle/api/internal/catalog/PluginModel;.<clinit>()V> (0x000000008ad94428) 
thrown [s\src\hotspot\share\prims\jni.cpp, line 1106]
Event: 12.266 Thread 0x000001fadbbbedd0 Exception <a 'java/lang/NoSuchMethodError'{0x000000008ada8820}: static Lorg/gradle/api/internal/catalog/VersionModel;.<clinit>()V> (0x000000008ada8820) 
thrown [s\src\hotspot\share\prims\jni.cpp, line 1106]
Event: 12.984 Thread 0x000001fadbbbedd0 Exception <a 'java/lang/NoSuchMethodError'{0x000000008eaae550}: 'java.lang.Object java.lang.invoke.Invokers$Holder.invoke_MT(java.lang.Object, java.lang.Object, java.lang.Object, java.lang.Object, java.lang.Object, java.lang.Object)'> (0x000000008eaae550) 
thrown [s\src\hotspot\share\interpreter\linkResolver.cpp, line 804]
Event: 13.211 Thread 0x000001fadbbbedd0 Exception <a 'java/lang/NoSuchMethodError'{0x000000008e6c9ec0}: 'void java.lang.invoke.DirectMethodHandle$Holder.invokeVirtual(java.lang.Object, java.lang.Object, long)'> (0x000000008e6c9ec0) 
thrown [s\src\hotspot\share\interpreter\linkResolver.cpp, line 804]

VM Operations (20 events):
Event: 12.399 Executing non-safepoint VM operation: HandshakeAllThreads (Deoptimize)
Event: 12.400 Executing non-safepoint VM operation: HandshakeAllThreads (Deoptimize) done
Event: 12.484 Executing non-safepoint VM operation: HandshakeAllThreads (Deoptimize)
Event: 12.484 Executing non-safepoint VM operation: HandshakeAllThreads (Deoptimize) done
Event: 12.500 Executing non-safepoint VM operation: HandshakeAllThreads (Deoptimize)
Event: 12.500 Executing non-safepoint VM operation: HandshakeAllThreads (Deoptimize) done
Event: 12.553 Executing safepoint VM operation: G1CollectForAllocation (G1 Evacuation Pause)
Event: 12.562 Executing safepoint VM operation: G1CollectForAllocation (G1 Evacuation Pause) done
Event: 12.601 Executing non-safepoint VM operation: HandshakeAllThreads (Deoptimize)
Event: 12.601 Executing non-safepoint VM operation: HandshakeAllThreads (Deoptimize) done
Event: 12.768 Executing non-safepoint VM operation: HandshakeAllThreads (Deoptimize)
Event: 12.768 Executing non-safepoint VM operation: HandshakeAllThreads (Deoptimize) done
Event: 13.244 Executing non-safepoint VM operation: HandshakeAllThreads (Deoptimize)
Event: 13.244 Executing non-safepoint VM operation: HandshakeAllThreads (Deoptimize) done
Event: 13.260 Executing non-safepoint VM operation: HandshakeAllThreads (Deoptimize)
Event: 13.260 Executing non-safepoint VM operation: HandshakeAllThreads (Deoptimize) done
Event: 14.559 Executing safepoint VM operation: G1CollectForAllocation (G1 Evacuation Pause)
Event: 14.567 Executing safepoint VM operation: G1CollectForAllocation (G1 Evacuation Pause) done
Event: 14.668 Executing safepoint VM operation: G1PauseRemark
Event: 14.836 Executing safepoint VM operation: G1PauseRemark done

Memory protections (0 events):
No events

Nmethod flushes (20 events):
Event: 14.672 Thread 0x000001fad501ed50 flushing  nmethod 0x000001fac0cac308
Event: 14.672 Thread 0x000001fad501ed50 flushing  nmethod 0x000001fac0da6e08
Event: 14.672 Thread 0x000001fad501ed50 flushing  nmethod 0x000001fac0e58488
Event: 14.672 Thread 0x000001fad501ed50 flushing  nmethod 0x000001fac0e58f88
Event: 14.672 Thread 0x000001fad501ed50 flushing  nmethod 0x000001fac0ecec88
Event: 14.672 Thread 0x000001fad501ed50 flushing  nmethod 0x000001fac1002c88
Event: 14.672 Thread 0x000001fad501ed50 flushing  nmethod 0x000001fac1051488
Event: 14.672 Thread 0x000001fad501ed50 flushing  nmethod 0x000001fac116fb08
Event: 14.672 Thread 0x000001fad501ed50 flushing  nmethod 0x000001fac11b3e08
Event: 14.672 Thread 0x000001fad501ed50 flushing  nmethod 0x000001fac11b4e88
Event: 14.672 Thread 0x000001fad501ed50 flushing  nmethod 0x000001fac123b988
Event: 14.672 Thread 0x000001fad501ed50 flushing  nmethod 0x000001fac157ae08
Event: 14.672 Thread 0x000001fad501ed50 flushing  nmethod 0x000001fac157b608
Event: 14.672 Thread 0x000001fad501ed50 flushing  nmethod 0x000001fac157b988
Event: 14.672 Thread 0x000001fad501ed50 flushing  nmethod 0x000001fac15bd488
Event: 14.672 Thread 0x000001fad501ed50 flushing  nmethod 0x000001fac1612e08
Event: 14.672 Thread 0x000001fad501ed50 flushing  nmethod 0x000001fac1613b08
Event: 14.672 Thread 0x000001fad501ed50 flushing  nmethod 0x000001fac1614f08
Event: 14.672 Thread 0x000001fad501ed50 flushing  nmethod 0x000001fac1615e88
Event: 14.672 Thread 0x000001fad501ed50 flushing  nmethod 0x000001fac1684588

Events (20 events):
Event: 14.062 Thread 0x000001fadbbbedd0 Thread added: 0x000001fadd7e9410
Event: 14.062 Thread 0x000001fadbbbedd0 Thread added: 0x000001fadd7e6530
Event: 14.062 Thread 0x000001fadbbbedd0 Thread added: 0x000001fadd7ea3b0
Event: 14.062 Thread 0x000001fadbbbedd0 Thread added: 0x000001fadd7eab80
Event: 14.062 Thread 0x000001fadbbbedd0 Thread added: 0x000001fadd7eea00
Event: 14.062 Thread 0x000001fadbbbedd0 Thread added: 0x000001fadd7ef1d0
Event: 14.062 Thread 0x000001fadbbbedd0 Thread added: 0x000001fadd7eda60
Event: 14.062 Thread 0x000001fadbbbedd0 Thread added: 0x000001fadd7ec2f0
Event: 14.062 Thread 0x000001fadbbbedd0 Thread added: 0x000001fadd7ecac0
Event: 14.064 Thread 0x000001fadbbbedd0 Thread added: 0x000001fadd7f2880
Event: 14.064 Thread 0x000001fadbbbedd0 Thread added: 0x000001fadd7f3ff0
Event: 14.064 Thread 0x000001fadbbbedd0 Thread added: 0x000001fadd7f1110
Event: 14.064 Thread 0x000001fadbbbedd0 Thread added: 0x000001fadd7f3050
Event: 14.064 Thread 0x000001fadbbbedd0 Thread added: 0x000001fadd7f3820
Event: 14.064 Thread 0x000001fadbbbedd0 Thread added: 0x000001fadd7f47c0
Event: 14.064 Thread 0x000001fadbbbedd0 Thread added: 0x000001fadd7f18e0
Event: 14.069 Thread 0x000001fad5050720 Thread added: 0x000001fad510eaa0
Event: 14.186 Thread 0x000001fad510eaa0 Thread exited: 0x000001fad510eaa0
Event: 14.190 Thread 0x000001fad5050720 Thread added: 0x000001fae19988d0
Event: 14.205 Thread 0x000001fad5050720 Thread added: 0x000001fae19980c0


Dynamic libraries:
0x00007ff653520000 - 0x00007ff65352e000 	C:\Program Files\Eclipse Adoptium\jdk-25.0.4.7-hotspot\bin\java.exe
0x00007ffa2a220000 - 0x00007ffa2a486000 	C:\WINDOWS\SYSTEM32\ntdll.dll
0x00007ffa29180000 - 0x00007ffa29249000 	C:\WINDOWS\System32\KERNEL32.DLL
0x00007ffa27910000 - 0x00007ffa27d0f000 	C:\WINDOWS\System32\KERNELBASE.dll
0x00007ffa275c0000 - 0x00007ffa2770c000 	C:\WINDOWS\System32\ucrtbase.dll
0x00007ff9dc100000 - 0x00007ff9dc116000 	C:\Program Files\Eclipse Adoptium\jdk-25.0.4.7-hotspot\bin\jli.dll
0x00007ff9d9e90000 - 0x00007ff9d9eae000 	C:\Program Files\Eclipse Adoptium\jdk-25.0.4.7-hotspot\bin\VCRUNTIME140.dll
0x00007ffa28d30000 - 0x00007ffa28ef6000 	C:\WINDOWS\System32\USER32.dll
0x00007ffa27e90000 - 0x00007ffa27eb7000 	C:\WINDOWS\System32\win32u.dll
0x00007ffa09620000 - 0x00007ffa098b1000 	C:\WINDOWS\WinSxS\amd64_microsoft.windows.common-controls_6595b64144ccf1df_6.0.26100.8972_none_3e0da176e32f9d4b\COMCTL32.dll
0x00007ffa2a090000 - 0x00007ffa2a0bb000 	C:\WINDOWS\System32\GDI32.dll
0x00007ffa28870000 - 0x00007ffa28919000 	C:\WINDOWS\System32\msvcrt.dll
0x00007ffa277e0000 - 0x00007ffa27909000 	C:\WINDOWS\System32\gdi32full.dll
0x00007ffa27de0000 - 0x00007ffa27e83000 	C:\WINDOWS\System32\msvcp_win.dll
0x00007ffa29250000 - 0x00007ffa29282000 	C:\WINDOWS\System32\IMM32.DLL
0x00007ff9f4160000 - 0x00007ff9f416c000 	C:\Program Files\Eclipse Adoptium\jdk-25.0.4.7-hotspot\bin\vcruntime140_1.dll
0x00007ff993670000 - 0x00007ff9936fd000 	C:\Program Files\Eclipse Adoptium\jdk-25.0.4.7-hotspot\bin\msvcp140.dll
0x00007ff96a120000 - 0x00007ff96b051000 	C:\Program Files\Eclipse Adoptium\jdk-25.0.4.7-hotspot\bin\server\jvm.dll
0x00007ffa29490000 - 0x00007ffa2954c000 	C:\WINDOWS\System32\ADVAPI32.dll
0x00007ffa29570000 - 0x00007ffa29619000 	C:\WINDOWS\System32\sechost.dll
0x00007ffa29290000 - 0x00007ffa293a8000 	C:\WINDOWS\System32\RPCRT4.dll
0x00007ffa27f50000 - 0x00007ffa27fd2000 	C:\WINDOWS\System32\WS2_32.dll
0x00007ffa17dd0000 - 0x00007ffa17e06000 	C:\WINDOWS\SYSTEM32\WINMM.dll
0x00007ffa26c60000 - 0x00007ffa26cbe000 	C:\WINDOWS\SYSTEM32\POWRPROF.dll
0x00007ffa1ce70000 - 0x00007ffa1ce7b000 	C:\WINDOWS\SYSTEM32\VERSION.dll
0x00007ffa26c40000 - 0x00007ffa26c55000 	C:\WINDOWS\SYSTEM32\UMPDC.dll
0x00007ffa260e0000 - 0x00007ffa260fb000 	C:\WINDOWS\SYSTEM32\kernel.appcore.dll
0x00007ff9f4110000 - 0x00007ff9f411a000 	C:\Program Files\Eclipse Adoptium\jdk-25.0.4.7-hotspot\bin\jimage.dll
0x00007ffa249c0000 - 0x00007ffa24c02000 	C:\WINDOWS\SYSTEM32\DBGHELP.DLL
0x00007ffa296a0000 - 0x00007ffa29a25000 	C:\WINDOWS\System32\combase.dll
0x00007ffa293b0000 - 0x00007ffa29489000 	C:\WINDOWS\System32\OLEAUT32.dll
0x00007ff9fb3b0000 - 0x00007ff9fb3eb000 	C:\WINDOWS\SYSTEM32\dbgcore.DLL
0x00007ffa27720000 - 0x00007ffa277cc000 	C:\WINDOWS\System32\bcryptPrimitives.dll
0x00007ff9f40a0000 - 0x00007ff9f40af000 	C:\Program Files\Eclipse Adoptium\jdk-25.0.4.7-hotspot\bin\instrument.dll
0x00007ff9d7d90000 - 0x00007ff9d7dae000 	C:\Program Files\Eclipse Adoptium\jdk-25.0.4.7-hotspot\bin\java.dll
0x00007ffa28b90000 - 0x00007ffa28d29000 	C:\WINDOWS\System32\ole32.dll
0x00007ffa280e0000 - 0x00007ffa28868000 	C:\WINDOWS\System32\SHELL32.dll
0x00007ffa24ea0000 - 0x00007ffa2573b000 	C:\WINDOWS\SYSTEM32\windows.storage.dll
0x00007ffa29f80000 - 0x00007ffa2a079000 	C:\WINDOWS\System32\SHCORE.dll
0x00007ffa28070000 - 0x00007ffa280d6000 	C:\WINDOWS\System32\shlwapi.dll
0x00007ffa27350000 - 0x00007ffa27379000 	C:\WINDOWS\SYSTEM32\profapi.dll
0x00007ff9d7a90000 - 0x00007ff9d7aa6000 	C:\Program Files\Eclipse Adoptium\jdk-25.0.4.7-hotspot\bin\zip.dll
0x00007ff9d4be0000 - 0x00007ff9d4bf1000 	C:\Program Files\Eclipse Adoptium\jdk-25.0.4.7-hotspot\bin\net.dll
0x00007ffa26670000 - 0x00007ffa266dc000 	C:\WINDOWS\system32\mswsock.dll
0x00007ff9d45d0000 - 0x00007ff9d45e6000 	C:\Program Files\Eclipse Adoptium\jdk-25.0.4.7-hotspot\bin\nio.dll
0x00007ff9eff50000 - 0x00007ff9eff60000 	C:\Program Files\Eclipse Adoptium\jdk-25.0.4.7-hotspot\bin\verify.dll
0x00007ff9d1290000 - 0x00007ff9d12b7000 	C:\Users\sdenm\.gradle\native\660c5614fbf4a5f2a75b1949f50a0caf5cd603558e7d8a26e50b933a0cfb79d1\windows-amd64\native-platform.dll
0x00007ff996780000 - 0x00007ff9967f7000 	C:\Users\sdenm\.gradle\native\0.2.8\x86_64-windows-gnu\gradle-fileevents.dll
0x00007ff9efce0000 - 0x00007ff9efcea000 	C:\Program Files\Eclipse Adoptium\jdk-25.0.4.7-hotspot\bin\management.dll
0x00007ff9eddd0000 - 0x00007ff9edddc000 	C:\Program Files\Eclipse Adoptium\jdk-25.0.4.7-hotspot\bin\management_ext.dll
0x00007ffa28f40000 - 0x00007ffa28f48000 	C:\WINDOWS\System32\PSAPI.DLL
0x00007ffa25be0000 - 0x00007ffa25c13000 	C:\WINDOWS\SYSTEM32\IPHLPAPI.DLL
0x00007ffa29560000 - 0x00007ffa2956a000 	C:\WINDOWS\System32\NSI.dll
0x00007ff9edd90000 - 0x00007ff9edd99000 	C:\Program Files\Eclipse Adoptium\jdk-25.0.4.7-hotspot\bin\extnet.dll
0x00007ffa26a90000 - 0x00007ffa26aab000 	C:\WINDOWS\SYSTEM32\CRYPTSP.dll
0x00007ffa26040000 - 0x00007ffa26079000 	C:\WINDOWS\system32\rsaenh.dll
0x00007ffa26720000 - 0x00007ffa26752000 	C:\WINDOWS\SYSTEM32\USERENV.dll
0x00007ffa27320000 - 0x00007ffa2734a000 	C:\WINDOWS\SYSTEM32\bcrypt.dll
0x00007ffa268d0000 - 0x00007ffa268dc000 	C:\WINDOWS\SYSTEM32\CRYPTBASE.dll
0x00007ff9ea840000 - 0x00007ff9ea84e000 	C:\Program Files\Eclipse Adoptium\jdk-25.0.4.7-hotspot\bin\sunmscapi.dll
0x00007ffa27430000 - 0x00007ffa275ae000 	C:\WINDOWS\System32\CRYPT32.dll
0x00007ffa26d20000 - 0x00007ffa26d50000 	C:\WINDOWS\SYSTEM32\ncrypt.dll
0x00007ffa26cd0000 - 0x00007ffa26d0f000 	C:\WINDOWS\SYSTEM32\NTASN1.dll
0x00007ff9f00a0000 - 0x00007ff9f00a8000 	C:\WINDOWS\system32\wshunix.dll
0x00007ffa25c20000 - 0x00007ffa25d78000 	C:\WINDOWS\SYSTEM32\DNSAPI.dll
0x00007ffa26470000 - 0x00007ffa2647d000 	C:\WINDOWS\SYSTEM32\DSPARSE.dll
0x00007ffa23d20000 - 0x00007ffa23d2b000 	C:\Windows\System32\rasadhlp.dll
0x00007ffa1e850000 - 0x00007ffa1e8d6000 	C:\WINDOWS\System32\fwpuclnt.dll

JVMTI agents:
C:\Users\sdenm\.gradle\wrapper\dists\gradle-9.5.0-bin\bvnork1r7n8i6kp5cnkibsc9q\gradle-9.5.0\lib\agents\gradle-instrumentation-agent-9.5.0.jar path:C:\Program Files\Eclipse Adoptium\jdk-25.0.4.7-hotspot\bin\instrument.dll, loaded, initialized, instrumentlib options:none

dbghelp: loaded successfully - version: 4.0.5 - missing functions: none
symbol engine: initialized successfully - sym options: 0x614 - pdb path: .;C:\Program Files\Eclipse Adoptium\jdk-25.0.4.7-hotspot\bin;C:\WINDOWS\SYSTEM32;C:\WINDOWS\WinSxS\amd64_microsoft.windows.common-controls_6595b64144ccf1df_6.0.26100.8972_none_3e0da176e32f9d4b;C:\Program Files\Eclipse Adoptium\jdk-25.0.4.7-hotspot\bin\server;C:\Users\sdenm\.gradle\native\660c5614fbf4a5f2a75b1949f50a0caf5cd603558e7d8a26e50b933a0cfb79d1\windows-amd64;C:\Users\sdenm\.gradle\native\0.2.8\x86_64-windows-gnu

VM Arguments:
jvm_args: --add-opens=java.base/java.lang=ALL-UNNAMED --add-opens=java.base/java.lang.invoke=ALL-UNNAMED --add-opens=java.base/java.util=ALL-UNNAMED --add-opens=java.prefs/java.util.prefs=ALL-UNNAMED --add-exports=jdk.compiler/com.sun.tools.javac.api=ALL-UNNAMED --add-exports=jdk.compiler/com.sun.tools.javac.util=ALL-UNNAMED --add-opens=java.base/java.nio.charset=ALL-UNNAMED --add-opens=java.base/java.net=ALL-UNNAMED --add-opens=java.base/java.util.concurrent=ALL-UNNAMED --add-opens=java.base/java.util.concurrent.atomic=ALL-UNNAMED --add-opens=java.xml/javax.xml.namespace=ALL-UNNAMED --add-opens=java.base/java.time=ALL-UNNAMED --enable-native-access=ALL-UNNAMED -Xmx2048m -Dfile.encoding=UTF-8 -Duser.country=RU -Duser.language=ru -Duser.variant -javaagent:C:\Users\sdenm\.gradle\wrapper\dists\gradle-9.5.0-bin\bvnork1r7n8i6kp5cnkibsc9q\gradle-9.5.0\lib\agents\gradle-instrumentation-agent-9.5.0.jar 
java_command: org.gradle.launcher.daemon.bootstrap.GradleDaemon 9.5.0
java_class_path (initial): C:\Users\sdenm\.gradle\wrapper\dists\gradle-9.5.0-bin\bvnork1r7n8i6kp5cnkibsc9q\gradle-9.5.0\lib\gradle-daemon-main-9.5.0.jar
Launcher Type: SUN_STANDARD

[Global flags]
     intx CICompilerCount                          = 4                                         {product} {ergonomic}
     uint ConcGCThreads                            = 2                                         {product} {ergonomic}
     uint G1ConcRefinementThreads                  = 8                                         {product} {ergonomic}
   size_t G1HeapRegionSize                         = 1048576                                   {product} {ergonomic}
   size_t InitialHeapSize                          = 264241152                                 {product} {ergonomic}
   size_t MarkStackSize                            = 4194304                                   {product} {ergonomic}
   size_t MarkStackSizeMax                         = 536870912                                 {product} {ergonomic}
   size_t MaxHeapSize                              = 2147483648                                {product} {command line}
   size_t MaxNewSize                               = 1287651328                                {product} {ergonomic}
   size_t MinHeapDeltaBytes                        = 1048576                                   {product} {ergonomic}
   size_t MinHeapSize                              = 8388608                                   {product} {ergonomic}
    uintx NonNMethodCodeHeapSize                   = 5898240                                {pd product} {ergonomic}
    uintx NonProfiledCodeHeapSize                  = 122945536                              {pd product} {ergonomic}
    uintx ProfiledCodeHeapSize                     = 122945536                              {pd product} {ergonomic}
    uintx ReservedCodeCacheSize                    = 251789312                              {pd product} {ergonomic}
     bool SegmentedCodeCache                       = true                                      {product} {ergonomic}
   size_t SoftMaxHeapSize                          = 2147483648                             {manageable} {ergonomic}
     bool UseCompressedOops                        = true                           {product lp64_product} {ergonomic}
     bool UseG1GC                                  = true                                      {product} {ergonomic}
     bool UseLargePagesIndividualAllocation        = false                                  {pd product} {ergonomic}

Logging:
Log output configuration:
 #0: stdout all=warning uptime,level,tags foldmultilines=false
 #1: stderr all=off uptime,level,tags foldmultilines=false

Release file:
IMPLEMENTOR="Eclipse Adoptium" 
IMPLEMENTOR_VERSION="Temurin-25.0.4+7" 
JAVA_RUNTIME_VERSION="25.0.4+7-LTS" 
JAVA_VERSION="25.0.4" 
JAVA_VERSION_DATE="2026-07-21" 
LIBC="default" 
MODULES="java.base java.compiler java.datatransfer java.xml java.prefs java.desktop java.instrument java.logging java.management java.security.sasl java.naming java.rmi java.management.rmi java.net.http java.scripting java.security.jgss java.transaction.xa java.sql java.sql.rowset java.xml.crypto java.se java.smartcardio jdk.accessibility jdk.internal.jvmstat jdk.attach jdk.charsets jdk.internal.opt jdk.zipfs jdk.compiler jdk.crypto.cryptoki jdk.crypto.ec jdk.crypto.mscapi jdk.dynalink jdk.internal.ed jdk.editpad jdk.internal.vm.ci jdk.graal.compiler jdk.graal.compiler.management jdk.hotspot.agent jdk.httpserver jdk.incubator.vector jdk.internal.le jdk.internal.md jdk.jartool jdk.javadoc jdk.jcmd jdk.management jdk.management.agent jdk.jconsole jdk.jdeps jdk.jdwp.agent jdk.jdi jdk.jfr jdk.jlink jdk.jpackage jdk.jshell jdk.jsobject jdk.jstatd jdk.localedata jdk.management.jfr jdk.naming.dns jdk.naming.rmi jdk.net jdk.nio.mapmode jdk.sctp jdk.security.auth jdk.security.jgss jdk.unsupported jdk.unsupported.desktop jdk.xml.dom" 
OS_ARCH="x86_64" 
OS_NAME="Windows" 
SOURCE=".:git:a2ce02c38bc9" 
BUILD_SOURCE="git:e6ba7dec3d07654074559310376a3ae89da5f4ac"
BUILD_SOURCE_REPO="https://github.com/adoptium/temurin-build.git"
SOURCE_REPO="https://github.com/adoptium/jdk25u.git"
FULL_VERSION="25.0.4+7-LTS"
SEMANTIC_VERSION="25.0.4+7"
BUILD_INFO="OS: Windows Server 2022 Version: 10.0"
JVM_VARIANT="Hotspot"
JVM_VERSION="25.0.4+7-LTS"
IMAGE_TYPE="JDK"

Environment Variables:
PATH=C:\Program Files\Eclipse Adoptium\jdk-17.0.20.8-hotspot\bin;C:\Program Files\Eclipse Adoptium\jdk-25.0.4.7-hotspot\bin;c:\cursor\resources\app\bin;C:\Python313\Scripts\;C:\Python313\;C:\Program Files (x86)\Embarcadero\Studio\23.0\bin;C:\Users\Public\Documents\Embarcadero\Studio\23.0\Bpl;C:\Program Files (x86)\Embarcadero\Studio\23.0\bin64;C:\Users\Public\Documents\Embarcadero\Studio\23.0\Bpl\Win64;C:\Windows\system32;C:\Windows;C:\Windows\System32\Wbem;C:\Windows\System32\WindowsPowerShell\v1.0\;C:\Windows\System32\OpenSSH\;C:\Program Files\dotnet\;c:\Program Files (x86)\Microsoft SQL Server\100\Tools\Binn\;c:\Program Files (x86)\Microsoft SQL Server\100\DTS\Binn\;c:\Program Files (x86)\Microsoft SQL Server\100\Tools\Binn\VSShell\Common7\IDE\;C:\Program Files (x86)\NVIDIA Corporation\PhysX\Common;C:\Program Files\NVIDIA Corporation\NVIDIA app\NvDLISR;C:\WINDOWS\system32;C:\WINDOWS;C:\WINDOWS\System32\Wbem;C:\WINDOWS\System32\WindowsPowerShell\v1.0\;C:\WINDOWS\System32\OpenSSH\;C:\Program Files (x86)\Windows Kits\10\Windows Performance Toolkit\;C:\Program Files\nodejs\;C:\ProgramData\chocolatey\bin;C:\;C:\Program Files\Git\cmd;C:\Program Files (x86)\NoteBook FanControl\;C:\Users\sdenm\AppData\Local\Programs\Python\Python314\Scripts\;C:\Users\sdenm\AppData\Local\Programs\Python\Python314\;C:\Python\Scripts\;C:\Python\;C:\Users\sdenm\AppData\Local\Programs\Python\Python312\Scripts\;C:\Users\sdenm\AppData\Local\Programs\Python\Python312\;C:\Users\sdenm\AppData\Local\Microsoft\WindowsApps;C:\Users\sdenm\AppData\Local\Programs\Microsoft VS Code\bin;C:\Users\sdenm\AppData\Local\GitHubDesktop\bin;C:\Users\sdenm\AppData\Roaming\npm;C:\cursor\resources\app\bin;C:\Users\sdenm\.dotnet\tools
USERNAME=sdenm
OS=Windows_NT
PROCESSOR_IDENTIFIER=Intel64 Family 6 Model 140 Stepping 1, GenuineIntel
TMP=C:\Users\sdenm\AppData\Local\Temp
TEMP=C:\Users\sdenm\AppData\Local\Temp




Compilation memory statistics disabled.

Periodic native trim disabled

---------------  S Y S T E M  ---------------

OS:
 Windows 11 , 64 bit Build 26100 (10.0.26100.8972)
OS uptime: 0 days 1:31 hours
Hyper-V role detected

CPU: total 8 (initial active 8) (4 cores per cpu, 2 threads per core) family 6 model 140 stepping 1 microcode 0x86, cx8, cmov, fxsr, ht, mmx, 3dnowpref, sse, sse2, sse3, ssse3, sse4.1, sse4.2, popcnt, lzcnt, tsc, tscinvbit, avx, avx2, aes, erms, clmul, bmi1, bmi2, adx, avx512f, avx512dq, avx512cd, avx512bw, avx512vl, sha, fma, vzeroupper, avx512_vpopcntdq, avx512_vpclmulqdq, avx512_vaes, avx512_vnni, clflush, clflushopt, clwb, avx512_vbmi2, avx512_vbmi, hv, rdtscp, rdpid, fsrm, gfni, avx512_bitalg, f16c, cet_ibt, cet_ss, avx512_ifma
Processor Information for the first 8 processors :
  Max Mhz: 3110, Current Mhz: 3110, Mhz Limit: 3110

Memory: 4k page, system-wide physical 16073M (5488M free)
TotalPageFile size 16073M (AvailPageFile size 31M)
current process WorkingSet (physical memory assigned to process): 560M, peak: 587M
current process commit charge ("private bytes"): 607M, peak: 643M

vm_info: OpenJDK 64-Bit Server VM (25.0.4+7-LTS) for windows-amd64 JRE (25.0.4+7-LTS), built on 2026-07-21T00:00:00Z with MS VC++ 17.12 (VS2022)

END.
